04-05 21:19:03.877  4482  4618 D PhoneInterfaceManager: [PhoneIntfMgr] getDataEnabled: subId=2 retVal=true
04-05 21:19:03.889  4482  4493 D PhoneInterfaceManager: [PhoneIntfMgr] getDataEnabled: subId=2 phoneId=0
04-05 21:19:03.890  4482  4493 D PhoneInterfaceManager: [PhoneIntfMgr] getDataEnabled: subId=2 retVal=true
04-05 21:19:03.891  4482  4620 D PhoneInterfaceManager: [PhoneIntfMgr] getDataEnabled: subId=2 phoneId=0
04-05 21:19:03.892  4482  4620 D PhoneInterfaceManager: [PhoneIntfMgr] getDataEnabled: subId=2 retVal=true
04-05 21:19:04.881  4482  4618 D PhoneInterfaceManager: [PhoneIntfMgr] getDataEnabled: subId=2 phoneId=0
04-05 21:19:04.882  4482  4618 D PhoneInterfaceManager: [PhoneIntfMgr] getDataEnabled: subId=2 retVal=true
04-05 21:19:04.894  4482  4620 D PhoneInterfaceManager: [PhoneIntfMgr] getDataEnabled: subId=2 phoneId=0
04-05 21:19:04.894  4482  4620 D PhoneInterfaceManager: [PhoneIntfMgr] getDataEnabled: subId=2 retVal=true
04-05 21:19:04.896  4482  5445 D PhoneInterfaceManager: [PhoneIntfMgr] getDataEnabled: subId=2 phoneId=0
04-05 21:19:04.896  4482  5445 D PhoneInterfaceManager: [PhoneIntfMgr] getDataEnabled: subId=2 retVal=true
04-05 21:19:05.066  2708  2989 I chatty  : uid=1000(system) ActivityManager expire 168 lines
04-05 21:19:05.178  9299  9299 W Settings: Setting preferred_network_mode has moved from android.provider.Settings.Secure to android.provider.Settings.Global.
04-05 21:19:06.803  9299  9299 W Settings: Setting preferred_network_mode has moved from android.provider.Settings.Secure to android.provider.Settings.Global.
04-05 21:19:07.576  2708  4510 I chatty  : uid=1000(system) Binder:2708_5 expire 6 lines
04-05 21:19:07.969  9299  9299 W Settings: Setting preferred_network_mode has moved from android.provider.Settings.Secure to android.provider.Settings.Global.
04-05 21:19:07.970  9299  9299 W Settings: Setting preferred_network_mode has moved from android.provider.Settings.Secure to android.provider.Settings.Global.
04-05 21:19:09.477  9299  9299 W Settings: Setting preferred_network_mode has moved from android.provider.Settings.Secure to android.provider.Settings.Global.
04-05 21:19:10.232  9299  9299 W Settings: Setting preferred_network_mode has moved from android.provider.Settings.Secure to android.provider.Settings.Global.
04-05 21:19:10.232  9299  9299 W Settings: Setting preferred_network_mode has moved from android.provider.Settings.Secure to android.provider.Settings.Global.
04-05 21:19:10.670 27221 27221 I chromium: [INFO:CONSOLE(25)] "No Content-Security-Policy meta tag found. Please add one when using the cordova-plugin-whitelist plugin.", source: file:///android_asset/www/plugins/cordova-plugin-whitelist/whitelist.js (25)
04-05 21:19:10.844  9299  9299 D Dartsdk : bytestrbX<
04-05 21:19:10.890  9299  9299 W Settings: Setting preferred_network_mode has moved from android.provider.Settings.Secure to android.provider.Settings.Global.
04-05 21:19:11.012  2708  7559 I chatty  : uid=1000(system) Binder:2708_F expire 1 line
04-05 21:19:11.074 17899 17899 I ActivityUpsampling: Received intent
04-05 21:19:11.074 17899 17899 I ActivityUpsampling: Initialize ActivityUpsamplingManager
04-05 21:19:11.098  5056  5056 I GCoreUlr: Starting service, intent=Intent { act=com.google.android.location.reporting.ACTION_UPDATE_ACTIVE_STATE cmp=com.google.android.gms/com.google.android.location.reporting.service.DispatchingService (has extras) }, extras=Bundle[{source=PowerModeReceiver}]
04-05 21:19:11.104 17899 17899 I ActivityUpsampling: Scheduling async work
04-05 21:19:11.106 17899 18005 I ActivityUpsampling: Starting async work
04-05 21:19:11.106 17899 18005 I ActivityUpsampling: Processing AR result
04-05 21:19:11.122 17899 18005 I ActivityUpsampling: Recording event
04-05 21:19:11.146  5056 16455 I GCoreUlr: DispatchingService.updateActiveState+PowerModeReceiver: Ensuring that reporting is active for [account#-19#]
04-05 21:19:11.158  5056 16455 I GCoreUlr: GMS FLP location updates requested: {"description":"stationary","newRequest":true,"samplePeriodMs":2160000,"sampleReason":"stationary","sampleSource":"internal","timestampMs":1522943351107}
04-05 21:19:11.172  5056 16455 I GCoreUlr: Place inference reporting - start for Account {name=arnav.dhamija@gmail.com, type=com.google}
04-05 21:19:11.211  5056  7772 I Places  : ?: Ignoring re-registration of: PlaceSubscription{placeRequest=ycq{filter=ycc{requireOpenNow=false}, interval=-1, priority=105, expireAt=9223372036854775807, receiveFailures=false}, params=yfu{clientPackageName=com.google.android.gms, locale=en_IN, accountName=null, gCoreClientName=ulr}, callbackIntent=PendingIntent{b901cf8: android.os.BinderProxy@a8fa489}}
04-05 21:19:11.220  5056 16455 I GCoreUlr: Successfully inserted 1 locations
04-05 21:19:11.420 17899 18005 I ActivityUpsampling: Autodetect event inserted: DataPoint{[1, 4]@[0, 1522943351122000000,raw=0,insert=0](r:android.apps.fitness.autodetect.event:com.google.android.apps.fitness:autodetect_events N/A)}
04-05 21:19:11.420 17899 18005 I ActivityUpsampling: AR upsampling state transition NORMAL_STATE --> NORMAL_STATE, activity: unknown
04-05 21:19:11.447 17899 18005 I Fit:LocationProvider: Location recording changed to : STOP_HIGH_FIDELITY_RECORDING.
04-05 21:19:11.457 17899 18005 I ActivityUpsampling: Finishing async work
04-05 21:19:11.480 17899 17899 I ActivityUpsampling: Received intent
04-05 21:19:11.480 17899 17899 I ActivityUpsampling: Initialize ActivityUpsamplingManager
04-05 21:19:11.502 17899 17899 I ActivityUpsampling: Scheduling async work
04-05 21:19:11.504 17899 18008 I ActivityUpsampling: Starting async work
04-05 21:19:11.505 17899 18008 I ActivityUpsampling: Processing AR result
04-05 21:19:11.517 17899 18008 I ActivityUpsampling: AR upsampling state transition NORMAL_STATE --> NORMAL_STATE, activity: unknown
04-05 21:19:11.542 17899 18008 I Fit:LocationProvider: Location recording changed to : STOP_HIGH_FIDELITY_RECORDING.
04-05 21:19:11.542 17899 18008 I ActivityUpsampling: Recording event
04-05 21:19:11.745 17899 18008 I ActivityUpsampling: Autodetect event inserted: DataPoint{[1, 4]@[0, 1522943351542000000,raw=0,insert=0](r:android.apps.fitness.autodetect.event:com.google.android.apps.fitness:autodetect_events N/A)}
04-05 21:19:11.763 17899 18008 I ActivityUpsampling: Finishing async work
04-05 21:19:11.865  9299  9299 W Settings: Setting preferred_network_mode has moved from android.provider.Settings.Secure to android.provider.Settings.Global.
04-05 21:19:11.924 16491 16491 V BluetoothDiscoveryReceiver: Received: android.bluetooth.adapter.action.DISCOVERY_FINISHED
04-05 21:19:11.949 16491 16491 V BluetoothDiscoveryReceiver: Received: android.bluetooth.adapter.action.DISCOVERY_STARTED
04-05 21:19:13.073  4482  4493 D PhoneInterfaceManager: [PhoneIntfMgr] getDataEnabled: subId=2 phoneId=0
04-05 21:19:13.074  4482  4493 D PhoneInterfaceManager: [PhoneIntfMgr] getDataEnabled: subId=2 retVal=true
04-05 21:19:13.093  4482  4620 D PhoneInterfaceManager: [PhoneIntfMgr] getDataEnabled: subId=2 phoneId=0
04-05 21:19:13.093  4482  4620 D PhoneInterfaceManager: [PhoneIntfMgr] getDataEnabled: subId=2 retVal=true
04-05 21:19:13.094  4482 12462 D PhoneInterfaceManager: [PhoneIntfMgr] getDataEnabled: subId=2 phoneId=0
04-05 21:19:13.095  4482 12462 D PhoneInterfaceManager: [PhoneIntfMgr] getDataEnabled: subId=2 retVal=true
04-05 21:19:13.220  9299  9299 W Settings: Setting preferred_network_mode has moved from android.provider.Settings.Secure to android.provider.Settings.Global.
04-05 21:19:13.271  7756  7801 I chatty  : uid=1002(bluetooth) BT Service Call expire 34 lines
04-05 21:19:14.843  9299  9299 W Settings: Setting preferred_network_mode has moved from android.provider.Settings.Secure to android.provider.Settings.Global.
04-05 21:19:15.890   845   845 I MSM-irqbalance: Decided to move IRQ239 from CPU6 to CPU5
04-05 21:19:15.985  9299  9299 W Settings: Setting preferred_network_mode has moved from android.provider.Settings.Secure to android.provider.Settings.Global.
04-05 21:19:15.985  9299  9299 W Settings: Setting preferred_network_mode has moved from android.provider.Settings.Secure to android.provider.Settings.Global.
04-05 21:19:16.545  4482  4493 D PhoneInterfaceManager: [PhoneIntfMgr] getDataEnabled: subId=2 phoneId=0
04-05 21:19:16.545  4482  4493 D PhoneInterfaceManager: [PhoneIntfMgr] getDataEnabled: subId=2 retVal=true
04-05 21:19:16.564  4482  4620 D PhoneInterfaceManager: [PhoneIntfMgr] getDataEnabled: subId=2 phoneId=0
04-05 21:19:16.564  4482  4620 D PhoneInterfaceManager: [PhoneIntfMgr] getDataEnabled: subId=2 retVal=true
04-05 21:19:16.566  4482  4960 D PhoneInterfaceManager: [PhoneIntfMgr] getDataEnabled: subId=2 phoneId=0
04-05 21:19:16.566  4482  4960 D PhoneInterfaceManager: [PhoneIntfMgr] getDataEnabled: subId=2 retVal=true
04-05 21:19:17.519  9299  9299 W Settings: Setting preferred_network_mode has moved from android.provider.Settings.Secure to android.provider.Settings.Global.
04-05 21:19:17.763  4482  4618 D PhoneInterfaceManager: [PhoneIntfMgr] getDataEnabled: subId=2 phoneId=0
04-05 21:19:17.764  4482  4618 D PhoneInterfaceManager: [PhoneIntfMgr] getDataEnabled: subId=2 retVal=true
04-05 21:19:17.776  4482  4960 D PhoneInterfaceManager: [PhoneIntfMgr] getDataEnabled: subId=2 phoneId=0
04-05 21:19:17.777  4482  4960 D PhoneInterfaceManager: [PhoneIntfMgr] getDataEnabled: subId=2 retVal=true
04-05 21:19:17.778  4482  4493 D PhoneInterfaceManager: [PhoneIntfMgr] getDataEnabled: subId=2 phoneId=0
04-05 21:19:17.779  4482  4493 D PhoneInterfaceManager: [PhoneIntfMgr] getDataEnabled: subId=2 retVal=true
04-05 21:19:18.272  9299  9299 W Settings: Setting preferred_network_mode has moved from android.provider.Settings.Secure to android.provider.Settings.Global.
04-05 21:19:18.272  9299  9299 W Settings: Setting preferred_network_mode has moved from android.provider.Settings.Secure to android.provider.Settings.Global.
04-05 21:19:18.769  4482 12462 D PhoneInterfaceManager: [PhoneIntfMgr] getDataEnabled: subId=2 phoneId=0
04-05 21:19:18.769  4482 12462 D PhoneInterfaceManager: [PhoneIntfMgr] getDataEnabled: subId=2 retVal=true
04-05 21:19:18.784  4482 12462 D PhoneInterfaceManager: [PhoneIntfMgr] getDataEnabled: subId=2 phoneId=0
04-05 21:19:18.784  4482 12462 D PhoneInterfaceManager: [PhoneIntfMgr] getDataEnabled: subId=2 retVal=true
04-05 21:19:18.786  4482  4620 D PhoneInterfaceManager: [PhoneIntfMgr] getDataEnabled: subId=2 phoneId=0
04-05 21:19:18.786  4482  4620 D PhoneInterfaceManager: [PhoneIntfMgr] getDataEnabled: subId=2 retVal=true
04-05 21:19:18.932  9299  9299 W Settings: Setting preferred_network_mode has moved from android.provider.Settings.Secure to android.provider.Settings.Global.
04-05 21:19:19.879  9299  9299 W Settings: Setting preferred_network_mode has moved from android.provider.Settings.Secure to android.provider.Settings.Global.
04-05 21:19:20.630 27221 27221 I chromium: [INFO:CONSOLE(25)] "No Content-Security-Policy meta tag found. Please add one when using the cordova-plugin-whitelist plugin.", source: file:///android_asset/www/plugins/cordova-plugin-whitelist/whitelist.js (25)
04-05 21:19:21.261  9299  9299 W Settings: Setting preferred_network_mode has moved from android.provider.Settings.Secure to android.provider.Settings.Global.
04-05 21:19:22.884  9299  9299 W Settings: Setting preferred_network_mode has moved from android.provider.Settings.Secure to android.provider.Settings.Global.
04-05 21:19:23.987  9299  9299 W Settings: Setting preferred_network_mode has moved from android.provider.Settings.Secure to android.provider.Settings.Global.
04-05 21:19:23.987  9299  9299 W Settings: Setting preferred_network_mode has moved from android.provider.Settings.Secure to android.provider.Settings.Global.
04-05 21:19:25.502  4482  5445 D PhoneInterfaceManager: [PhoneIntfMgr] getDataEnabled: subId=2 phoneId=0
04-05 21:19:25.502  4482  5445 D PhoneInterfaceManager: [PhoneIntfMgr] getDataEnabled: subId=2 retVal=true
04-05 21:19:25.514  9299  9299 D Dartsdk : bytestrb
04-05 21:19:25.522  4482  4618 D PhoneInterfaceManager: [PhoneIntfMgr] getDataEnabled: subId=2 phoneId=0
04-05 21:19:25.522  4482  4618 D PhoneInterfaceManager: [PhoneIntfMgr] getDataEnabled: subId=2 retVal=true
04-05 21:19:25.523  4482  5445 D PhoneInterfaceManager: [PhoneIntfMgr] getDataEnabled: subId=2 phoneId=0
04-05 21:19:25.524  4482  5445 D PhoneInterfaceManager: [PhoneIntfMgr] getDataEnabled: subId=2 retVal=true
04-05 21:19:25.552  9299  9299 W Settings: Setting preferred_network_mode has moved from android.provider.Settings.Secure to android.provider.Settings.Global.
04-05 21:19:26.088  7756  7801 I chatty  : uid=1002(bluetooth) BT Service Call expire 48 lines
04-05 21:19:26.312  9299  9299 W Settings: Setting preferred_network_mode has moved from android.provider.Settings.Secure to android.provider.Settings.Global.
04-05 21:19:26.312  9299  9299 W Settings: Setting preferred_network_mode has moved from android.provider.Settings.Secure to android.provider.Settings.Global.
04-05 21:19:26.350 22509 22509 D MostVisitedSitesController: notifyMostVisitedCompleted
04-05 21:19:26.972  9299  9299 W Settings: Setting preferred_network_mode has moved from android.provider.Settings.Secure to android.provider.Settings.Global.
04-05 21:19:27.442 16491 16491 V BluetoothDiscoveryReceiver: Received: android.bluetooth.adapter.action.DISCOVERY_FINISHED
04-05 21:19:27.443  7756  8383 I chatty  : uid=1002(bluetooth) Binder:7756_5 expire 2 lines
04-05 21:19:27.444  7756  7940 I chatty  : uid=1002 bluetooth wake expire 10 lines
04-05 21:19:27.466 16491 16491 V BluetoothDiscoveryReceiver: Received: android.bluetooth.adapter.action.DISCOVERY_STARTED
04-05 21:19:27.920  9299  9299 W Settings: Setting preferred_network_mode has moved from android.provider.Settings.Secure to android.provider.Settings.Global.
04-05 21:19:29.262  9299  9299 W Settings: Setting preferred_network_mode has moved from android.provider.Settings.Secure to android.provider.Settings.Global.
04-05 21:19:29.349  5002  5021 E ANDR-PERF-MPCTL: Invalid profile no. 0, total profiles 0 only
04-05 21:19:29.480   567   684 I ThermalEngine: Thermal-Server: Thermal received msg from  override
04-05 21:19:29.481  5002 18017 I Thermal-Lib: Thermal-Lib-Client: Client request sent
04-05 21:19:29.480   567   684 E ThermalEngine: override_notify: SS mode 1 override
04-05 21:19:29.483  2708  5112 I chatty  : uid=1000(system) Binder:2708_7 expire 1 line
04-05 21:19:29.539  2708  2751 I chatty  : uid=1000(system) Binder:2708_1 expire 1 line
04-05 21:19:29.627  2708  3166 I chatty  : uid=1000(system) android.display expire 4 lines
04-05 21:19:30.668 27221 27221 I chromium: [INFO:CONSOLE(25)] "No Content-Security-Policy meta tag found. Please add one when using the cordova-plugin-whitelist plugin.", source: file:///android_asset/www/plugins/cordova-plugin-whitelist/whitelist.js (25)
04-05 21:19:30.890   845   845 I MSM-irqbalance: Decided to move IRQ270 from CPU7 to CPU5
04-05 21:19:30.925  9299  9299 W Settings: Setting preferred_network_mode has moved from android.provider.Settings.Secure to android.provider.Settings.Global.
04-05 21:19:32.012  9299  9299 W Settings: Setting preferred_network_mode has moved from android.provider.Settings.Secure to android.provider.Settings.Global.
04-05 21:19:32.012  9299  9299 W Settings: Setting preferred_network_mode has moved from android.provider.Settings.Secure to android.provider.Settings.Global.
04-05 21:19:32.482   567   684 I ThermalEngine: Thermal-Server: Thermal received msg from  override
04-05 21:19:32.482   567   684 E ThermalEngine: override_notify: SS mode 0 override
04-05 21:19:32.482  5002 18019 I Thermal-Lib: Thermal-Lib-Client: Client request sent
04-05 21:19:33.185  4482  4493 D PhoneInterfaceManager: [PhoneIntfMgr] getDataEnabled: subId=2 phoneId=0
04-05 21:19:33.185  4482  4493 D PhoneInterfaceManager: [PhoneIntfMgr] getDataEnabled: subId=2 retVal=true
04-05 21:19:33.204  4482 12462 D PhoneInterfaceManager: [PhoneIntfMgr] getDataEnabled: subId=2 phoneId=0
04-05 21:19:33.204  4482 12462 D PhoneInterfaceManager: [PhoneIntfMgr] getDataEnabled: subId=2 retVal=true
04-05 21:19:33.206  4482  5445 D PhoneInterfaceManager: [PhoneIntfMgr] getDataEnabled: subId=2 phoneId=0
04-05 21:19:33.206  4482  5445 D PhoneInterfaceManager: [PhoneIntfMgr] getDataEnabled: subId=2 retVal=true
04-05 21:19:33.583  9299  9299 W Settings: Setting preferred_network_mode has moved from android.provider.Settings.Secure to android.provider.Settings.Global.
04-05 21:19:34.338  9299  9299 W Settings: Setting preferred_network_mode has moved from android.provider.Settings.Secure to android.provider.Settings.Global.
04-05 21:19:34.339  9299  9299 W Settings: Setting preferred_network_mode has moved from android.provider.Settings.Secure to android.provider.Settings.Global.
04-05 21:19:34.982  9299  9299 W Settings: Setting preferred_network_mode has moved from android.provider.Settings.Secure to android.provider.Settings.Global.
04-05 21:19:35.929  9299  9299 W Settings: Setting preferred_network_mode has moved from android.provider.Settings.Secure to android.provider.Settings.Global.
04-05 21:19:36.216  2708  2989 I chatty  : uid=1000(system) ActivityManager expire 30 lines
04-05 21:19:37.281  9299  9299 W Settings: Setting preferred_network_mode has moved from android.provider.Settings.Secure to android.provider.Settings.Global.
04-05 21:19:37.764  4482  4620 D PhoneInterfaceManager: [PhoneIntfMgr] getDataEnabled: subId=2 phoneId=0
04-05 21:19:37.764  4482  4620 D PhoneInterfaceManager: [PhoneIntfMgr] getDataEnabled: subId=2 retVal=true
04-05 21:19:37.769  9299  9299 D Dartsdk : bytestrbh
04-05 21:19:37.783  4482  4494 D PhoneInterfaceManager: [PhoneIntfMgr] getDataEnabled: subId=2 phoneId=0
04-05 21:19:37.783  4482  4494 D PhoneInterfaceManager: [PhoneIntfMgr] getDataEnabled: subId=2 retVal=true
04-05 21:19:37.785  4482  4960 D PhoneInterfaceManager: [PhoneIntfMgr] getDataEnabled: subId=2 phoneId=0
04-05 21:19:37.785  4482  4960 D PhoneInterfaceManager: [PhoneIntfMgr] getDataEnabled: subId=2 retVal=true
04-05 21:19:37.799  4482  4618 D PhoneInterfaceManager: [PhoneIntfMgr] getDataEnabled: subId=2 phoneId=0
04-05 21:19:37.799  4482  4618 D PhoneInterfaceManager: [PhoneIntfMgr] getDataEnabled: subId=2 retVal=true
04-05 21:19:37.811  4482  4960 D PhoneInterfaceManager: [PhoneIntfMgr] getDataEnabled: subId=2 phoneId=0
04-05 21:19:37.811  4482  4960 D PhoneInterfaceManager: [PhoneIntfMgr] getDataEnabled: subId=2 retVal=true
04-05 21:19:37.813  4482  4494 D PhoneInterfaceManager: [PhoneIntfMgr] getDataEnabled: subId=2 phoneId=0
04-05 21:19:37.813  4482  4494 D PhoneInterfaceManager: [PhoneIntfMgr] getDataEnabled: subId=2 retVal=true
04-05 21:19:37.986  5002  5021 E ANDR-PERF-MPCTL: Invalid profile no. 0, total profiles 0 only
04-05 21:19:38.100  2708  2996 I chatty  : uid=1000(system) android.ui expire 1 line
04-05 21:19:38.326  2708  4837 I chatty  : uid=1000(system) Binder:2708_6 expire 2 lines
04-05 21:19:38.333   547   547 I SFPerfTracer:      triggers: (rate: 90:4418) (compose: 6:190) (post: 0:6) (render: 0:269) (16:105368 frames) (17:114710)
04-05 21:19:38.333   547   547 D SFPerfTracer:        layers: (4:13) (StatusBar (0xa888bc00): 0:25994) (com.google.android.apps.wallpaper.module.NoBackupImageWallpaper (0xa6c0bc00): 0:16655) (animation background stackId=1 (0xa6c10c00): 0:71)* (DimLayerController/Stack=0 (0xa6c0f800): 0:721)* (Sprite (0xa6c61800): 0:27)* (com.premii.hn/com.premii.hn.MainActivity (0xa6c5f000): 0:13882)* (org.telegram.messenger/org.telegram.ui.LaunchActivity (0xa6c60400): 0:912)* (org.telegram.messenger/org.telegram.ui.LaunchActivity (0xa6c0e400): 0:426)* (com.facebook.mlite/com.facebook.mlite.threadview.view.ThreadViewActivity (0xa6c62c00): 0:245)* (NavigationBar (0xa6c0d000): 0:362) (in.swifiic.vectors/in.swifiic.vectors.MainActivity (0xa71aa800): 0:150)* (com.android.systemui/com.android.systemui.recents.RecentsActivity (0xa71a8000): 17:80) (thumbnail anim (0xa71a9400): 0:23)- 
04-05 21:19:38.339 17880 17880 E ActivityThread: Activity in.swifiic.vectors.MainActivity has leaked ServiceConnection in.swifiic.vectors.MainActivity$3@bd39572 that was originally bound here
04-05 21:19:38.339 17880 17880 E ActivityThread: android.app.ServiceConnectionLeaked: Activity in.swifiic.vectors.MainActivity has leaked ServiceConnection in.swifiic.vectors.MainActivity$3@bd39572 that was originally bound here
04-05 21:19:38.339 17880 17880 E ActivityThread: 	at android.app.LoadedApk$ServiceDispatcher.<init>(LoadedApk.java:1336)
04-05 21:19:38.339 17880 17880 E ActivityThread: 	at android.app.LoadedApk.getServiceDispatcher(LoadedApk.java:1231)
04-05 21:19:38.339 17880 17880 E ActivityThread: 	at android.app.ContextImpl.bindServiceCommon(ContextImpl.java:1478)
04-05 21:19:38.339 17880 17880 E ActivityThread: 	at android.app.ContextImpl.bindService(ContextImpl.java:1450)
04-05 21:19:38.339 17880 17880 E ActivityThread: 	at android.content.ContextWrapper.bindService(ContextWrapper.java:636)
04-05 21:19:38.339 17880 17880 E ActivityThread: 	at in.swifiic.vectors.MainActivity.startApp(MainActivity.java:161)
04-05 21:19:38.339 17880 17880 E ActivityThread: 	at in.swifiic.vectors.MainActivity.onCreate(MainActivity.java:220)
04-05 21:19:38.339 17880 17880 E ActivityThread: 	at android.app.Activity.performCreate(Activity.java:6672)
04-05 21:19:38.339 17880 17880 E ActivityThread: 	at android.app.Instrumentation.callActivityOnCreate(Instrumentation.java:1140)
04-05 21:19:38.339 17880 17880 E ActivityThread: 	at android.app.ActivityThread.performLaunchActivity(ActivityThread.java:2612)
04-05 21:19:38.339 17880 17880 E ActivityThread: 	at android.app.ActivityThread.handleLaunchActivity(ActivityThread.java:2724)
04-05 21:19:38.339 17880 17880 E ActivityThread: 	at android.app.ActivityThread.-wrap12(ActivityThread.java)
04-05 21:19:38.339 17880 17880 E ActivityThread: 	at android.app.ActivityThread$H.handleMessage(ActivityThread.java:1473)
04-05 21:19:38.339 17880 17880 E ActivityThread: 	at android.os.Handler.dispatchMessage(Handler.java:102)
04-05 21:19:38.339 17880 17880 E ActivityThread: 	at android.os.Looper.loop(Looper.java:154)
04-05 21:19:38.339 17880 17880 E ActivityThread: 	at android.app.ActivityThread.main(ActivityThread.java:6123)
04-05 21:19:38.339 17880 17880 E ActivityThread: 	at java.lang.reflect.Method.invoke(Native Method)
04-05 21:19:38.339 17880 17880 E ActivityThread: 	at com.android.internal.os.ZygoteInit$MethodAndArgsCaller.run(ZygoteInit.java:867)
04-05 21:19:38.339 17880 17880 E ActivityThread: 	at com.android.internal.os.ZygoteInit.main(ZygoteInit.java:757)
04-05 21:19:38.339  2708 11819 I chatty  : uid=1000(system) Binder:2708_11 expire 5 lines
04-05 21:19:38.341  2708  4393 I chatty  : uid=1000(system) Binder:2708_4 expire 1 line
04-05 21:19:38.396  2708  5204 I chatty  : uid=1000(system) Binder:2708_E expire 1 line
04-05 21:19:38.397  2708  5188 I chatty  : uid=1000(system) Binder:2708_C expire 5 lines
04-05 21:19:38.409  7756  7954 I chatty  : uid=1002(bluetooth) Binder:7756_3 expire 5 lines
04-05 21:19:38.801  4482  4493 D PhoneInterfaceManager: [PhoneIntfMgr] getDataEnabled: subId=2 phoneId=0
04-05 21:19:38.801  4482  4493 D PhoneInterfaceManager: [PhoneIntfMgr] getDataEnabled: subId=2 retVal=true
04-05 21:19:38.811  4482  4618 D PhoneInterfaceManager: [PhoneIntfMgr] getDataEnabled: subId=2 phoneId=0
04-05 21:19:38.811  4482  4618 D PhoneInterfaceManager: [PhoneIntfMgr] getDataEnabled: subId=2 retVal=true
04-05 21:19:38.812  4482  4493 D PhoneInterfaceManager: [PhoneIntfMgr] getDataEnabled: subId=2 phoneId=0
04-05 21:19:38.813  4482  4493 D PhoneInterfaceManager: [PhoneIntfMgr] getDataEnabled: subId=2 retVal=true
04-05 21:19:38.964  9299  9299 W Settings: Setting preferred_network_mode has moved from android.provider.Settings.Secure to android.provider.Settings.Global.
04-05 21:19:38.968 16760 17191 E NearbyMediums: Unable to stop the advertisement GATT server because it's not running. -- metadata{ service_id: 0 }
04-05 21:19:38.973  2708  5195 I chatty  : uid=1000(system) Binder:2708_D expire 3 lines
04-05 21:19:38.974  2708  3165 I chatty  : uid=1000(system) android.io expire 22 lines
04-05 21:19:38.975  7756  7794 I chatty  : uid=1002(bluetooth) BluetoothAdapte expire 52 lines
04-05 21:19:38.979  7756  7756 I chatty  : uid=1002(bluetooth) com.android.bluetooth expire 325 lines
04-05 21:19:38.980  7756 17940 I chatty  : uid=1002(bluetooth) com.android.bluetooth expire 12 lines
04-05 21:19:38.982  7756 17942 I chatty  : uid=1002(bluetooth) com.android.bluetooth expire 1 line
04-05 21:19:38.982  7756 17943 I chatty  : uid=1002(bluetooth) com.android.bluetooth expire 1 line
04-05 21:19:38.988  7756 17957 I chatty  : uid=1002(bluetooth) com.android.bluetooth expire 3 lines
04-05 21:19:38.988  7756 17958 I chatty  : uid=1002(bluetooth) com.android.bluetooth expire 3 lines
04-05 21:19:38.992  2708  5187 I chatty  : uid=1000(system) Binder:2708_B expire 1 line
04-05 21:19:38.993  2708  5113 I chatty  : uid=1000(system) Binder:2708_8 expire 2 lines
04-05 21:19:39.000  2708  2708 I chatty  : uid=1000 system_server expire 10 lines
04-05 21:19:39.007  7756  7940 I chatty  : uid=1002 bluetooth wake expire 45 lines
04-05 21:19:39.009 16491 16491 D CachedBluetoothDevice:  Clearing all connection state for dev:JBL Clip
04-05 21:19:39.012 16491 16491 W ContextImpl: Calling a method in the system process without a qualified user: android.app.ContextImpl.startService:1385 android.content.ContextWrapper.startService:613 android.content.ContextWrapper.startService:613 com.android.settings.bluetooth.DockEventReceiver.beginStartingService:134 com.android.settings.bluetooth.DockEventReceiver.onReceive:115 
04-05 21:19:39.014  7756 17947 I chatty  : uid=1002(bluetooth) com.android.bluetooth expire 10 lines
04-05 21:19:39.015 16491 16491 V BluetoothDiscoveryReceiver: Received: android.bluetooth.adapter.action.DISCOVERY_FINISHED
04-05 21:19:39.017  4359  4359 D BluetoothPbap: Proxy object disconnected
04-05 21:19:39.017  4359  4359 D PbapServerProfile: Bluetooth service disconnected
04-05 21:19:39.023 16491 16491 D DockEventReceiver: finishStartingService: stopping service
04-05 21:19:39.027  2708  4269 I chatty  : uid=1000(system) AudioService expire 4 lines
04-05 21:19:39.029  4359  4359 D BluetoothHeadset: Proxy object disconnected
04-05 21:19:39.029  4482  4482 D BluetoothHeadset: Proxy object disconnected
04-05 21:19:39.029  4359  4359 D HeadsetProfile: Bluetooth service disconnected
04-05 21:19:39.029 16491 16491 D BluetoothPbap: Proxy object disconnected
04-05 21:19:39.029 16491 16491 D PbapServerProfile: Bluetooth service disconnected
04-05 21:19:39.030  7756 17934 I chatty  : uid=1002(bluetooth) com.android.bluetooth expire 1 line
04-05 21:19:39.030 16491 16491 D BluetoothHeadset: Proxy object disconnected
04-05 21:19:39.030 16491 16491 D HeadsetProfile: Bluetooth service disconnected
04-05 21:19:39.033  4359  4359 D BluetoothA2dp: Proxy object disconnected
04-05 21:19:39.033 16491 16491 D BluetoothA2dp: Proxy object disconnected
04-05 21:19:39.033  5078  5078 D BluetoothA2dp: Proxy object disconnected
04-05 21:19:39.038  4359  4359 D BluetoothInputDevice: Proxy object disconnected
04-05 21:19:39.038  4359  4359 D HidProfile: Bluetooth service disconnected
04-05 21:19:39.040 16491 16491 D BluetoothInputDevice: Proxy object disconnected
04-05 21:19:39.040 16491 16491 D HidProfile: Bluetooth service disconnected
04-05 21:19:39.050  4359  4359 D BluetoothPan: BluetoothPAN Proxy object disconnected
04-05 21:19:39.050  4359  4359 D PanProfile: Bluetooth service disconnected
04-05 21:19:39.050 16491 16491 D BluetoothPan: BluetoothPAN Proxy object disconnected
04-05 21:19:39.051 16491 16491 D PanProfile: Bluetooth service disconnected
04-05 21:19:39.051  7756  7801 I chatty  : uid=1002(bluetooth) BT Service Call expire 30 lines
04-05 21:19:39.051  7756 17937 I chatty  : uid=1002(bluetooth) com.android.bluetooth expire 1 line
04-05 21:19:39.052  4359  4523 D CachedBluetoothDevice:  Clearing all connection state for dev:JBL Clip
04-05 21:19:39.059 16491 16491 D BluetoothMap: Proxy object disconnected
04-05 21:19:39.059 16491 16491 D MapProfile: Bluetooth service disconnected
04-05 21:19:39.059  4359  4359 D BluetoothMap: Proxy object disconnected
04-05 21:19:39.059  4359  4359 D MapProfile: Bluetooth service disconnected
04-05 21:19:39.067  4359  4375 D BluetoothHeadset: onBluetoothStateChange: up=false
04-05 21:19:39.067  4359  4375 D BluetoothHeadset: Unbinding service...
04-05 21:19:39.068  2708  3165 I chatty  : uid=1000(system) android.io expire 14 lines
04-05 21:19:39.069  5078  5090 D BluetoothA2dp: onBluetoothStateChange: up=false
04-05 21:19:39.072 16491 16502 D BluetoothPan: onBluetoothStateChange on: false
04-05 21:19:39.073  5056  5056 I BeaconBle: Resetting - new scanner available: true
04-05 21:19:39.078  4359 13258 D BluetoothPbap: onBluetoothStateChange: up=false
04-05 21:19:39.080  4482 12462 D BluetoothHeadset: onBluetoothStateChange: up=false
04-05 21:19:39.080  4482 12462 D BluetoothHeadset: Unbinding service...
04-05 21:19:39.083  5056  5056 I BeaconBle: ZERO_POWER is disabled.
04-05 21:19:39.083  5056  5056 I BeaconBle: 'L' hardware scan: scan stopped, no powered clients
04-05 21:19:39.083 16491 16564 D BluetoothInputDevice: onBluetoothStateChange: up=false
04-05 21:19:39.088 16491 16503 D BluetoothHeadset: onBluetoothStateChange: up=false
04-05 21:19:39.088 16491 16503 D BluetoothHeadset: Unbinding service...
04-05 21:19:39.093  5056  8408 I BeaconBle: ZERO_POWER is disabled.
04-05 21:19:39.093  5056  8408 I BeaconBle: 'L' hardware scan: scan stopped, no powered clients
04-05 21:19:39.093  5056  8408 I BeaconBle: Nearby requested to stop scan
04-05 21:19:39.093  5056  8408 I BeaconBle: Scan canceled successfully.
04-05 21:19:39.094 16491 16502 D BluetoothPbap: onBluetoothStateChange: up=false
04-05 21:19:39.095  4359  4376 D BluetoothInputDevice: onBluetoothStateChange: up=false
04-05 21:19:39.096  4359  4412 D BluetoothMap: onBluetoothStateChange: up=false
04-05 21:19:39.097  4359  4375 D BluetoothPan: onBluetoothStateChange on: false
04-05 21:19:39.099 16491 16564 D BluetoothMap: onBluetoothStateChange: up=false
04-05 21:19:39.100  4359 13258 D BluetoothA2dp: onBluetoothStateChange: up=false
04-05 21:19:39.101 16491 16503 D BluetoothA2dp: onBluetoothStateChange: up=false
04-05 21:19:39.133  5056  8408 D BluetoothAdapter: STATE_BLE_ON
04-05 21:19:39.139  7756  7861 I chatty  : uid=1002(bluetooth) BluetoothScanMa expire 26 lines
04-05 21:19:39.141 16491 16491 W ContextImpl: Calling a method in the system process without a qualified user: android.app.ContextImpl.startService:1385 android.content.ContextWrapper.startService:613 android.content.ContextWrapper.startService:613 com.android.settings.bluetooth.DockEventReceiver.beginStartingService:134 com.android.settings.bluetooth.DockEventReceiver.onReceive:115 
04-05 21:19:39.149 16491 16491 D DockEventReceiver: finishStartingService: stopping service
04-05 21:19:39.150  5056  5056 I BeaconBle: Resetting - new scanner available: true
04-05 21:19:39.158  5056  5056 I BeaconBle: ZERO_POWER is disabled.
04-05 21:19:39.158  5056  5056 I BeaconBle: 'L' hardware scan: scan stopped, no powered clients
04-05 21:19:39.158  5056  5056 I TrustAgent.Tracker: [BluetoothConnectionTracker] Bluetooth adapter off, revoking trust
04-05 21:19:39.197  5291  6638 I Authzen : [PermitStore] Getting all permits...
04-05 21:19:39.416 18031 18031 I art     : Late-enabling -Xcheck:jni
04-05 21:19:39.434 18031 18038 E art     : Failed sending reply to debugger: Broken pipe
04-05 21:19:39.435 18031 18038 I art     : Debugger is no longer active
04-05 21:19:39.435 18031 18038 I art     : Starting a blocking GC Instrumentation
04-05 21:19:39.447 18031 18031 W System  : ClassLoader referenced unknown path: /data/app/in.swifiic.vectors-2/lib/arm
04-05 21:19:39.472 18031 18036 I art     : Do partial code cache collection, code=0B, data=0B
04-05 21:19:39.473 18031 18036 I art     : After code cache collection, code=0B, data=0B
04-05 21:19:39.473 18031 18036 I art     : Increasing code cache capacity to 128KB
04-05 21:19:39.478 18031 18036 I art     : Do partial code cache collection, code=0B, data=0B
04-05 21:19:39.480 18031 18036 I art     : After code cache collection, code=0B, data=0B
04-05 21:19:39.480 18031 18036 I art     : Increasing code cache capacity to 256KB
04-05 21:19:39.506 18031 18031 D VectorsSvc: BgserviceEnable
04-05 21:19:40.016  9299  9299 W Settings: Setting preferred_network_mode has moved from android.provider.Settings.Secure to android.provider.Settings.Global.
04-05 21:19:40.017  9299  9299 W Settings: Setting preferred_network_mode has moved from android.provider.Settings.Secure to android.provider.Settings.Global.
04-05 21:19:40.341  4482 12462 D PhoneInterfaceManager: [PhoneIntfMgr] getDataEnabled: subId=2 phoneId=0
04-05 21:19:40.341  4482 12462 D PhoneInterfaceManager: [PhoneIntfMgr] getDataEnabled: subId=2 retVal=true
04-05 21:19:40.361  4482  4618 D PhoneInterfaceManager: [PhoneIntfMgr] getDataEnabled: subId=2 phoneId=0
04-05 21:19:40.361  4482  4618 D PhoneInterfaceManager: [PhoneIntfMgr] getDataEnabled: subId=2 retVal=true
04-05 21:19:40.362  4482  4620 D PhoneInterfaceManager: [PhoneIntfMgr] getDataEnabled: subId=2 phoneId=0
04-05 21:19:40.363  4482  4620 D PhoneInterfaceManager: [PhoneIntfMgr] getDataEnabled: subId=2 retVal=true
04-05 21:19:40.639 27221 27221 I chromium: [INFO:CONSOLE(25)] "No Content-Security-Policy meta tag found. Please add one when using the cordova-plugin-whitelist plugin.", source: file:///android_asset/www/plugins/cordova-plugin-whitelist/whitelist.js (25)
04-05 21:19:41.612  9299  9299 W Settings: Setting preferred_network_mode has moved from android.provider.Settings.Secure to android.provider.Settings.Global.
04-05 21:19:42.166  2708  2753 I chatty  : uid=1000(system) Binder:2708_2 expire 3 lines
04-05 21:19:42.195  7756 18064 I chatty  : uid=1002(bluetooth) com.android.bluetooth expire 54 lines
04-05 21:19:42.211  7756 18065 I chatty  : uid=1002(bluetooth) com.android.bluetooth expire 11 lines
04-05 21:19:42.211  7756 18066 I chatty  : uid=1002(bluetooth) com.android.bluetooth expire 2 lines
04-05 21:19:42.243  7756 18071 I chatty  : uid=1002(bluetooth) com.android.bluetooth expire 21 lines
04-05 21:19:42.248  4359 13258 D BluetoothHeadset: onBluetoothStateChange: up=true
04-05 21:19:42.248  4359 13258 D BluetoothHeadset: Binding service...
04-05 21:19:42.259  2708  4374 I chatty  : uid=1000(system) Binder:2708_3 expire 2 lines
04-05 21:19:42.261  5078 11055 D BluetoothA2dp: onBluetoothStateChange: up=true
04-05 21:19:42.277 16491 16502 D BluetoothPan: onBluetoothStateChange on: true
04-05 21:19:42.281  4359  4359 D BluetoothHeadset: Proxy object connected
04-05 21:19:42.282  4359  4359 D HeadsetProfile: Bluetooth service connected
04-05 21:19:42.282  4359  4359 D BluetoothHeadset: getConnectedDevices()
04-05 21:19:42.285  2708 11543 I chatty  : uid=1000(system) Binder:2708_10 expire 3 lines
04-05 21:19:42.288  4359 13258 D BluetoothPbap: onBluetoothStateChange: up=true
04-05 21:19:42.288  5078  5078 D BluetoothA2dp: Proxy object connected
04-05 21:19:42.293  2708  4256 I chatty  : uid=1000(system) WifiStateMachin expire 4 lines
04-05 21:19:42.293  4299  4299 D wpa_supplicant: wlan0: Control interface command 'DRIVER BTCOEXSCAN-START'
04-05 21:19:42.293  4299  4299 D wpa_supplicant: wpa_driver_nl80211_driver_cmd BTCOEXSCAN-START len = 0, 4096
04-05 21:19:42.296  4482  5445 D BluetoothHeadset: onBluetoothStateChange: up=true
04-05 21:19:42.296  4482  5445 D BluetoothHeadset: Binding service...
04-05 21:19:42.298  7756 18075 I chatty  : uid=1002(bluetooth) com.android.bluetooth expire 1 line
04-05 21:19:42.299  7756 18076 I chatty  : uid=1002(bluetooth) com.android.bluetooth expire 1 line
04-05 21:19:42.301  7756 32575 I chatty  : uid=1002(bluetooth) Binder:7756_9 expire 8 lines
04-05 21:19:42.303  7756  7769 I chatty  : uid=1002(bluetooth) Binder:7756_2 expire 2 lines
04-05 21:19:42.305  4482  4482 D BluetoothHeadset: Proxy object connected
04-05 21:19:42.306 16491 16502 D BluetoothInputDevice: onBluetoothStateChange: up=true
04-05 21:19:42.311 16491 16491 D LocalBluetoothProfileManager: Current Profiles[HEADSET, A2DP]
04-05 21:19:42.311 16491 16491 D BluetoothMap: getConnectedDevices()
04-05 21:19:42.311 16491 16491 W BluetoothMap: Proxy not attached to service
04-05 21:19:42.311 16491 16491 D BluetoothMap: getConnectionState(00:12:6F:74:C9:61)
04-05 21:19:42.311 16491 16491 W BluetoothMap: Proxy not attached to service
04-05 21:19:42.311 16491 16491 D MapProfile: getConnectionStatus: status is: 0
04-05 21:19:42.311 16491 16491 W BluetoothPbap: Proxy not attached to service
04-05 21:19:42.311 16491 16491 D BluetoothPbap: java.lang.Throwable
04-05 21:19:42.311 16491 16491 D BluetoothPbap: 	at android.bluetooth.BluetoothPbap.isConnected(BluetoothPbap.java:258)
04-05 21:19:42.311 16491 16491 D BluetoothPbap: 	at com.android.settingslib.bluetooth.PbapServerProfile.getConnectionStatus(PbapServerProfile.java:99)
04-05 21:19:42.311 16491 16491 D BluetoothPbap: 	at com.android.settingslib.bluetooth.LocalBluetoothProfileManager.updateProfiles(LocalBluetoothProfileManager.java:488)
04-05 21:19:42.311 16491 16491 D BluetoothPbap: 	at com.android.settingslib.bluetooth.CachedBluetoothDevice.updateProfiles(CachedBluetoothDevice.java:497)
04-05 21:19:42.311 16491 16491 D BluetoothPbap: 	at com.android.settingslib.bluetooth.CachedBluetoothDevice.onUuidChanged(CachedBluetoothDevice.java:526)
04-05 21:19:42.311 16491 16491 D BluetoothPbap: 	at com.android.settingslib.bluetooth.CachedBluetoothDeviceManager.onUuidChanged(CachedBluetoothDeviceManager.java:148)
04-05 21:19:42.311 16491 16491 D BluetoothPbap: 	at com.android.settingslib.bluetooth.BluetoothEventManager$UuidChangedHandler.onReceive(BluetoothEventManager.java:342)
04-05 21:19:42.311 16491 16491 D BluetoothPbap: 	at com.android.settingslib.bluetooth.BluetoothEventManager$1.onReceive(BluetoothEventManager.java:146)
04-05 21:19:42.311 16491 16491 D BluetoothPbap: 	at android.app.LoadedApk$ReceiverDispatcher$Args.run(LoadedApk.java:1122)
04-05 21:19:42.311 16491 16491 D BluetoothPbap: 	at android.os.Handler.handleCallback(Handler.java:751)
04-05 21:19:42.311 16491 16491 D BluetoothPbap: 	at android.os.Handler.dispatchMessage(Handler.java:95)
04-05 21:19:42.311 16491 16491 D BluetoothPbap: 	at android.os.Looper.loop(Looper.java:154)
04-05 21:19:42.311 16491 16491 D BluetoothPbap: 	at android.app.ActivityThread.main(ActivityThread.java:6123)
04-05 21:19:42.311 16491 16491 D BluetoothPbap: 	at java.lang.reflect.Method.invoke(Native Method)
04-05 21:19:42.311 16491 16491 D BluetoothPbap: 	at com.android.internal.os.ZygoteInit$MethodAndArgsCaller.run(ZygoteInit.java:867)
04-05 21:19:42.311 16491 16491 D BluetoothPbap: 	at com.android.internal.os.ZygoteInit.main(ZygoteInit.java:757)
04-05 21:19:42.312 16491 16491 D LocalBluetoothProfileManager: New Profiles[HEADSET, A2DP]
04-05 21:19:42.314 16491 16564 D BluetoothHeadset: onBluetoothStateChange: up=true
04-05 21:19:42.314 16491 16564 D BluetoothHeadset: Binding service...
04-05 21:19:42.318  9938  9938 W SearchService: Abort, client detached.
04-05 21:19:42.346 16491 16491 D CachedBluetoothDevice: onProfileStateChanged: profile HEADSET newProfileState 1
04-05 21:19:42.349 16491 16502 D BluetoothPbap: onBluetoothStateChange: up=true
04-05 21:19:42.351 16491 16491 D LocalBluetoothProfileManager: Handsfree Uuid not found.
04-05 21:19:42.352  9938  9938 E DeviceDetector: UUID = 00001108-0000-1000-8000-00805f9b34fb
04-05 21:19:42.352  9938  9938 E DeviceDetector: UUID = 0000111e-0000-1000-8000-00805f9b34fb
04-05 21:19:42.352  9938  9938 E DeviceDetector: UUID = 0000110b-0000-1000-8000-00805f9b34fb
04-05 21:19:42.353  9938  9938 E DeviceDetector: UUID = 0000110e-0000-1000-8000-00805f9b34fb
04-05 21:19:42.353  9938  9938 E DeviceDetector: UUID = 00000000-0000-1000-8000-00805f9b34fb
04-05 21:19:42.355 16491 16491 D BluetoothPan: BluetoothPAN Proxy object connected
04-05 21:19:42.355  2708  2708 I chatty  : uid=1000 system_server expire 6 lines
04-05 21:19:42.355 16491 16491 D PanProfile: Bluetooth service connected
04-05 21:19:42.355  4359  4412 D BluetoothInputDevice: onBluetoothStateChange: up=true
04-05 21:19:42.355 16491 16491 D CachedBluetoothDevice: onProfileStateChanged: profile A2DP newProfileState 1
04-05 21:19:42.355  4359  4523 D LocalBluetoothProfileManager: Current Profiles[HEADSET, A2DP]
04-05 21:19:42.355  4359  4523 D BluetoothMap: getConnectedDevices()
04-05 21:19:42.355  4359  4523 W BluetoothMap: Proxy not attached to service
04-05 21:19:42.355  4359  4523 D BluetoothMap: getConnectionState(00:12:6F:74:C9:61)
04-05 21:19:42.355  4359  4523 W BluetoothMap: Proxy not attached to service
04-05 21:19:42.355  4359  4523 D MapProfile: getConnectionStatus: status is: 0
04-05 21:19:42.355  4359  4523 W BluetoothPbap: Proxy not attached to service
04-05 21:19:42.356  4359  4523 D BluetoothPbap: java.lang.Throwable
04-05 21:19:42.356  4359  4523 D BluetoothPbap: 	at android.bluetooth.BluetoothPbap.isConnected(BluetoothPbap.java:258)
04-05 21:19:42.356  4359  4523 D BluetoothPbap: 	at com.android.settingslib.bluetooth.PbapServerProfile.getConnectionStatus(PbapServerProfile.java:99)
04-05 21:19:42.356  4359  4523 D BluetoothPbap: 	at com.android.settingslib.bluetooth.LocalBluetoothProfileManager.updateProfiles(LocalBluetoothProfileManager.java:488)
04-05 21:19:42.356  4359  4523 D BluetoothPbap: 	at com.android.settingslib.bluetooth.CachedBluetoothDevice.updateProfiles(CachedBluetoothDevice.java:497)
04-05 21:19:42.356  4359  4523 D BluetoothPbap: 	at com.android.settingslib.bluetooth.CachedBluetoothDevice.onUuidChanged(CachedBluetoothDevice.java:526)
04-05 21:19:42.356  4359  4523 D BluetoothPbap: 	at com.android.settingslib.bluetooth.CachedBluetoothDeviceManager.onUuidChanged(CachedBluetoothDeviceManager.java:148)
04-05 21:19:42.356  4359  4523 D BluetoothPbap: 	at com.android.settingslib.bluetooth.BluetoothEventManager$UuidChangedHandler.onReceive(BluetoothEventManager.java:342)
04-05 21:19:42.356  4359  4523 D BluetoothPbap: 	at com.android.settingslib.bluetooth.BluetoothEventManager$1.onReceive(BluetoothEventManager.java:146)
04-05 21:19:42.356  4359  4523 D BluetoothPbap: 	at android.app.LoadedApk$ReceiverDispatcher$Args.run(LoadedApk.java:1122)
04-05 21:19:42.356  4359  4523 D BluetoothPbap: 	at android.os.Handler.handleCallback(Handler.java:751)
04-05 21:19:42.356  4359  4523 D BluetoothPbap: 	at android.os.Handler.dispatchMessage(Handler.java:95)
04-05 21:19:42.356  4359  4523 D BluetoothPbap: 	at android.os.Looper.loop(Looper.java:154)
04-05 21:19:42.356  4359  4523 D BluetoothPbap: 	at android.os.HandlerThread.run(HandlerThread.java:61)
04-05 21:19:42.356  4359  4523 D LocalBluetoothProfileManager: New Profiles[HEADSET, A2DP]
04-05 21:19:42.357 16491 16491 D BluetoothInputDevice: Proxy object connected
04-05 21:19:42.357 16491 16491 D HidProfile: Bluetooth service connected
04-05 21:19:42.360  4359  4359 D BluetoothInputDevice: Proxy object connected
04-05 21:19:42.360  4359  4359 D HidProfile: Bluetooth service connected
04-05 21:19:42.361  4359 13258 D BluetoothMap: onBluetoothStateChange: up=true
04-05 21:19:42.361  7756 32210 I chatty  : uid=1002(bluetooth) Binder:7756_8 expire 5 lines
04-05 21:19:42.362 16491 16491 D BluetoothHeadset: Proxy object connected
04-05 21:19:42.362 16491 16491 D HeadsetProfile: Bluetooth service connected
04-05 21:19:42.362 16491 16491 D BluetoothHeadset: getConnectedDevices()
04-05 21:19:42.367  7756  8349 I chatty  : uid=1002(bluetooth) Binder:7756_4 expire 2 lines
04-05 21:19:42.367  4359  4359 D BluetoothMap: Proxy object connected
04-05 21:19:42.367  4359  4359 D MapProfile: Bluetooth service connected
04-05 21:19:42.367  4359  4359 D BluetoothMap: getConnectedDevices()
04-05 21:19:42.368  4359  4412 D BluetoothPan: onBluetoothStateChange on: true
04-05 21:19:42.370  4359  4523 D CachedBluetoothDevice: onProfileStateChanged: profile HEADSET newProfileState 1
04-05 21:19:42.372  4359  4359 D BluetoothPan: BluetoothPAN Proxy object connected
04-05 21:19:42.372  4359  4359 D PanProfile: Bluetooth service connected
04-05 21:19:42.374 16491 16503 D BluetoothMap: onBluetoothStateChange: up=true
04-05 21:19:42.377  4359  4523 D LocalBluetoothProfileManager: Handsfree Uuid not found.
04-05 21:19:42.377  9299  9299 W Settings: Setting preferred_network_mode has moved from android.provider.Settings.Secure to android.provider.Settings.Global.
04-05 21:19:42.379  9299  9299 W Settings: Setting preferred_network_mode has moved from android.provider.Settings.Secure to android.provider.Settings.Global.
04-05 21:19:42.380 16491 16491 D BluetoothMap: Proxy object connected
04-05 21:19:42.380 16491 16491 D MapProfile: Bluetooth service connected
04-05 21:19:42.380 16491 16491 D BluetoothMap: getConnectedDevices()
04-05 21:19:42.381  4359  4412 D BluetoothA2dp: onBluetoothStateChange: up=true
04-05 21:19:42.385  4359  4359 D BluetoothA2dp: Proxy object connected
04-05 21:19:42.385 16491 16502 D BluetoothA2dp: onBluetoothStateChange: up=true
04-05 21:19:42.385  7756  7768 I chatty  : uid=1002(bluetooth) Binder:7756_1 expire 2 lines
04-05 21:19:42.388  4359  4523 D CachedBluetoothDevice: onProfileStateChanged: profile A2DP newProfileState 1
04-05 21:19:42.391 16491 16491 D BluetoothA2dp: Proxy object connected
04-05 21:19:42.394  7756  7756 I chatty  : uid=1002(bluetooth) com.android.bluetooth expire 36 lines
04-05 21:19:42.400  7756 32637 I chatty  : uid=1002(bluetooth) Binder:7756_A expire 3 lines
04-05 21:19:42.401  4359  4523 D LocalBluetoothProfileManager: Handsfree Uuid not found.
04-05 21:19:42.402  5056  5056 I BeaconBle: Resetting - new scanner available: true
04-05 21:19:42.437  7756 18080 I chatty  : uid=1002(bluetooth) com.android.bluetooth expire 11 lines
04-05 21:19:42.438 16491 16491 D LocalBluetoothProfileManager: Handsfree Uuid not found.
04-05 21:19:42.440  4359  4359 D BluetoothPbap: Proxy object connected
04-05 21:19:42.440  4359  4359 D PbapServerProfile: Bluetooth service connected
04-05 21:19:42.442  5056  5056 I BeaconBle: ZERO_POWER is disabled.
04-05 21:19:42.442  5056  5056 I BeaconBle: 'L' hardware scan: scan stopped, no powered clients
04-05 21:19:42.444  5056  5056 I GCoreUlr: Caught bluetooth enabled event, re-enabling ULR BLE scanner
04-05 21:19:42.445  2708  2751 I chatty  : uid=1000(system) Binder:2708_1 expire 1 line
04-05 21:19:42.449  7756  7940 I chatty  : uid=1002 bluetooth wake expire 12 lines
04-05 21:19:42.450  7756 18081 I chatty  : uid=1002(bluetooth) com.android.bluetooth expire 1 line
04-05 21:19:42.451 16491 16491 W ContextImpl: Calling a method in the system process without a qualified user: android.app.ContextImpl.startService:1385 android.content.ContextWrapper.startService:613 android.content.ContextWrapper.startService:613 com.android.settings.bluetooth.DockEventReceiver.beginStartingService:134 com.android.settings.bluetooth.DockEventReceiver.onReceive:115 
04-05 21:19:42.453  5056  5056 I BeaconBle: Resetting - new scanner available: true
04-05 21:19:42.455 16491 16491 D BluetoothPbap: Proxy object connected
04-05 21:19:42.455 16491 16491 D PbapServerProfile: Bluetooth service connected
04-05 21:19:42.455  7756 18082 I chatty  : uid=1002(bluetooth) com.android.bluetooth expire 1 line
04-05 21:19:42.466  5056  5056 I BeaconBle: ZERO_POWER is disabled.
04-05 21:19:42.466  5056  5056 I BeaconBle: 'L' hardware scan: scan stopped, no powered clients
04-05 21:19:42.466  5056  5056 I TrustAgent.Tracker: [BluetoothConnectionTracker] Bluetooth adapter on
04-05 21:19:42.468 16491 16491 D DockEventReceiver: finishStartingService: stopping service
04-05 21:19:42.500  7756 18085 I chatty  : uid=1002(bluetooth) com.android.bluetooth expire 1 line
04-05 21:19:42.504  5291  6638 I Authzen : [PermitStore] Getting all permits...
04-05 21:19:42.944 16760 17982 W BluetoothAdapter: getBluetoothService() called with no BluetoothManagerCallback
04-05 21:19:42.974  5056  8408 D BluetoothAdapter: STATE_ON
04-05 21:19:42.978  7756  8383 I chatty  : uid=1002(bluetooth) Binder:7756_5 expire 1 line
04-05 21:19:42.988  7756  7801 I chatty  : uid=1002(bluetooth) BT Service Call expire 51 lines
04-05 21:19:42.991  5056  7531 D BluetoothLeScanner: onClientRegistered() - status=0 clientIf=5 mClientIf=0
04-05 21:19:42.992  7756  7954 I chatty  : uid=1002(bluetooth) Binder:7756_3 expire 2 lines
04-05 21:19:43.000  5056  8408 I BeaconBle: Client requested scan, settings=BleSettings [scanMode=LOW_LATENCY, callbackType=ALL_MATCHES, reportDelayMillis=0, 6 filters, 1 clients, callingClientName=Nearby]
04-05 21:19:43.000 18031 18031 D VectorsSvc: Advertising Go!
04-05 21:19:43.014  7756 14476 I chatty  : uid=1002(bluetooth) Binder:7756_7 expire 2 lines
04-05 21:19:43.016  5056  8408 I BeaconBle: 'L' hardware scan: 6 filters, scanMode=2, reportdelay=0, callback type=1, #clients=3, workSource=WorkSource{10033 com.google.android.gms}
04-05 21:19:43.019  5056  8408 I BeaconBle: Starting scan on OS scanner. BT state: 12
04-05 21:19:43.020  5056  8408 D BluetoothAdapter: STATE_ON
04-05 21:19:43.020  9299  9299 W Settings: Setting preferred_network_mode has moved from android.provider.Settings.Secure to android.provider.Settings.Global.
04-05 21:19:43.021 18031 18031 D VectorsSvc: Discovery go!
04-05 21:19:43.025  5056 12247 D BluetoothLeScanner: onClientRegistered() - status=0 clientIf=6 mClientIf=0
04-05 21:19:43.026  7756 12334 I chatty  : uid=1002(bluetooth) Binder:7756_6 expire 1 line
04-05 21:19:43.402  9938  9938 W SearchService: Abort, client detached.
04-05 21:19:43.968  9299  9299 W Settings: Setting preferred_network_mode has moved from android.provider.Settings.Secure to android.provider.Settings.Global.
