04-05 21:18:07.996   547   547 D SFPerfTracer:        layers: (4:14) (StatusBar (0xa888bc00): 9:25873) (com.google.android.apps.wallpaper.module.NoBackupImageWallpaper (0xa6c0bc00): 9:16549)* (animation background stackId=1 (0xa6c10c00): 0:71)* (DimLayerController/Stack=0 (0xa6c0f800): 0:721)* (Sprite (0xa6c61800): 0:25)* (com.premii.hn/com.premii.hn.MainActivity (0xa6c5f000): 0:13882)* (org.telegram.messenger/org.telegram.ui.LaunchActivity (0xa6c60400): 0:912)* (org.telegram.messenger/org.telegram.ui.LaunchActivity (0xa6c0e400): 0:426)* (com.facebook.mlite/com.facebook.mlite.threadview.view.ThreadViewActivity (0xa6c62c00): 0:245)* (NavigationBar (0xa6c0d000): 9:247) (com.android.systemui/com.android.systemui.recents.RecentsActivity (0xa71a8000): 0:134)- (com.teslacoilsw.launcher/com.teslacoilsw.launcher.NovaLauncher (0xa71a9400): 0:47)- (Starting in.swifiic.vectors (0xa71a8000): 9:39) (in.swifiic.vectors/in.swifiic.vectors.MainActivity (0xa71aa800): 9:22) 
04-05 21:18:08.155  2708  2753 I chatty  : uid=1000(system) Binder:2708_2 expire 1 line
04-05 21:18:08.156 16760 16736 W BluetoothAdapter: getBluetoothService() called with no BluetoothManagerCallback
04-05 21:18:08.239  5056  8408 D BluetoothAdapter: STATE_ON
04-05 21:18:08.346  2708  2989 I chatty  : uid=1000(system) ActivityManager expire 78 lines
04-05 21:18:08.346  2708  2708 I chatty  : uid=1000 system_server expire 3 lines
04-05 21:18:08.347  5056  5441 D BluetoothLeScanner: onClientRegistered() - status=0 clientIf=5 mClientIf=0
04-05 21:18:08.347  7756 32637 I chatty  : uid=1002(bluetooth) Binder:7756_A expire 4 lines
04-05 21:18:08.348  7756  7801 I chatty  : uid=1002(bluetooth) BT Service Call expire 68 lines
04-05 21:18:08.358  5056  8408 I BeaconBle: Client requested scan, settings=BleSettings [scanMode=LOW_LATENCY, callbackType=ALL_MATCHES, reportDelayMillis=0, 6 filters, 1 clients, callingClientName=Nearby]
04-05 21:18:08.360 17880 17880 D VectorsSvc: Advertising Go!
04-05 21:18:08.372  5056  8408 I BeaconBle: 'L' hardware scan: 6 filters, scanMode=2, reportdelay=0, callback type=1, #clients=3, workSource=WorkSource{10033 com.google.android.gms}
04-05 21:18:08.379  5056  8408 I BeaconBle: Starting scan on OS scanner. BT state: 12
04-05 21:18:08.380  5056  8408 D BluetoothAdapter: STATE_ON
04-05 21:18:08.380  7756 12334 I chatty  : uid=1002(bluetooth) Binder:7756_6 expire 6 lines
04-05 21:18:08.382  7756  7940 I chatty  : uid=1002 bluetooth wake expire 39 lines
04-05 21:18:08.382  7756  8349 I chatty  : uid=1002(bluetooth) Binder:7756_4 expire 4 lines
04-05 21:18:08.384  5056  5068 D BluetoothLeScanner: onClientRegistered() - status=0 clientIf=6 mClientIf=0
04-05 21:18:08.393 17880 17880 D VectorsSvc: Discovery go!
04-05 21:18:08.571  2708  4393 I chatty  : uid=1000(system) Binder:2708_4 expire 1 line
04-05 21:18:08.586  9938  9938 W SearchService: Abort, client detached.
04-05 21:18:08.629  2708  5187 I chatty  : uid=1000(system) Binder:2708_B expire 1 line
04-05 21:18:10.288   567   684 I ThermalEngine: Thermal-Server: Thermal received msg from  override
04-05 21:18:10.288   567   684 E ThermalEngine: override_notify: SS mode 0 override
04-05 21:18:10.288  5002 17966 I Thermal-Lib: Thermal-Lib-Client: Client request sent
04-05 21:18:10.667 27221 27221 I chromium: [INFO:CONSOLE(25)] "No Content-Security-Policy meta tag found. Please add one when using the cordova-plugin-whitelist plugin.", source: file:///android_asset/www/plugins/cordova-plugin-whitelist/whitelist.js (25)
04-05 21:18:10.703  5056  5056 I WearableService: Wearable Services stopping
04-05 21:18:10.863   845   845 I MSM-irqbalance: Decided to move IRQ240 from CPU5 to CPU6
04-05 21:18:11.310  5056  5056 I TrustAgent.Tracker: [BluetoothConnectionTracker] Bluetooth disconnect broadast for InlnMDEwfMEAAAAAAAAAFVZlY3RvcnNfU00tVDM1NVlfZjA4Mw 84:11:9E:A6:49:C6
04-05 21:18:11.341  9938  9938 W SearchService: Abort, client detached.
04-05 21:18:11.346  9938  9938 E DeviceDetector: UUID = 0000110a-0000-1000-8000-00805f9b34fb
04-05 21:18:11.346  9938  9938 E DeviceDetector: UUID = 00001105-0000-1000-8000-00805f9b34fb
04-05 21:18:11.346  9938  9938 E DeviceDetector: UUID = 00001115-0000-1000-8000-00805f9b34fb
04-05 21:18:11.347  9938  9938 E DeviceDetector: UUID = 00001116-0000-1000-8000-00805f9b34fb
04-05 21:18:11.347  9938  9938 E DeviceDetector: UUID = 0000112f-0000-1000-8000-00805f9b34fb
04-05 21:18:11.347  9938  9938 E DeviceDetector: UUID = 00001112-0000-1000-8000-00805f9b34fb
04-05 21:18:11.347  9938  9938 E DeviceDetector: UUID = 0000111f-0000-1000-8000-00805f9b34fb
04-05 21:18:11.348  9938  9938 E DeviceDetector: UUID = 00001132-0000-1000-8000-00805f9b34fb
04-05 21:18:11.348  9938  9938 E DeviceDetector: UUID = 00000000-0000-1000-8000-00805f9b34fb
04-05 21:18:11.348  9938  9938 E DeviceDetector: UUID = 9becd059-b75b-3fa0-ca34-e90f3d9f20a5
04-05 21:18:13.767  2708  4239 I chatty  : uid=1000(system) SensorService expire 10 lines
04-05 21:18:13.816  5056  8408 I BeaconBle: Client requested scan, settings=BleSettings [scanMode=ZERO_POWER, callbackType=ALL_MATCHES, reportDelayMillis=0, 6 filters, 1 clients, callingClientName=Nearby]
04-05 21:18:13.830  5056  8408 I BeaconBle: Stopping scan on delegate scanner. BT state: 12
04-05 21:18:13.830  5056  8408 D BluetoothAdapter: STATE_ON
04-05 21:18:13.834  5056  8408 I BeaconBle: Resetting - new scanner available: true
04-05 21:18:13.834  5056  8408 I BeaconBle: ZERO_POWER is disabled.
04-05 21:18:13.834  5056  8408 I BeaconBle: 'L' hardware scan: scan stopped, no powered clients
04-05 21:18:15.692  4359  4523 D BluetoothEventManager: DeviceFoundHandler created new CachedBluetoothDevice: 46:BD:78:27:F2:C6
04-05 21:18:16.391  5078  5078 I ThreadRunner: setContextAndRunner
04-05 21:18:16.392  2708  3165 I chatty  : uid=1000(system) android.io expire 4 lines
04-05 21:18:16.398  5078  5078 D BluetoothA2dp: Proxy object connected
04-05 21:18:16.952  9299  9299 I chatty  : uid=10168(com.myairtelapp) expire 13 lines
04-05 21:18:17.741  7756 17933 I chatty  : uid=1002(bluetooth) com.android.bluetooth expire 24 lines
04-05 21:18:17.741  7756 17934 I chatty  : uid=1002(bluetooth) com.android.bluetooth expire 15 lines
04-05 21:18:17.745  4359  4523 I LocalBluetoothProfileManager: Failed to connect HEADSET device
04-05 21:18:17.745  4359  4523 D CachedBluetoothDevice: onProfileStateChanged: profile HEADSET newProfileState 0
04-05 21:18:17.747 16491 16491 I chatty  : uid=1000(system) com.android.settings expire 10 lines
04-05 21:18:17.750  7756 17969 I chatty  : uid=1002(bluetooth) com.android.bluetooth expire 2 lines
04-05 21:18:18.148  5056  5056 I TrustAgent.Tracker: [BluetoothConnectionTracker] Bluetooth connect broadast for InlnMDEwfMEAAAAAAAAAFVZlY3RvcnNfU00tVDM1NVlfZjA4Mw 84:11:9E:A6:49:C6
04-05 21:18:18.169  9938  9938 W SearchService: Abort, client detached.
04-05 21:18:18.174  9938  9938 E DeviceDetector: UUID = 0000110a-0000-1000-8000-00805f9b34fb
04-05 21:18:18.177  9938  9938 E DeviceDetector: UUID = 00001105-0000-1000-8000-00805f9b34fb
04-05 21:18:18.177  9938  9938 E DeviceDetector: UUID = 00001115-0000-1000-8000-00805f9b34fb
04-05 21:18:18.177  9938  9938 E DeviceDetector: UUID = 00001116-0000-1000-8000-00805f9b34fb
04-05 21:18:18.178  9938  9938 E DeviceDetector: UUID = 0000112f-0000-1000-8000-00805f9b34fb
04-05 21:18:18.178  9938  9938 E DeviceDetector: UUID = 00001112-0000-1000-8000-00805f9b34fb
04-05 21:18:18.179  9938  9938 E DeviceDetector: UUID = 0000111f-0000-1000-8000-00805f9b34fb
04-05 21:18:18.179  9938  9938 E DeviceDetector: UUID = 00001132-0000-1000-8000-00805f9b34fb
04-05 21:18:18.179  9938  9938 E DeviceDetector: UUID = 00000000-0000-1000-8000-00805f9b34fb
04-05 21:18:18.179  9938  9938 E DeviceDetector: UUID = 9becd059-b75b-3fa0-ca34-e90f3d9f20a5
04-05 21:18:18.402  5078  5078 I BistoRealService: onDestroy
04-05 21:18:20.670 27221 27221 I chromium: [INFO:CONSOLE(25)] "No Content-Security-Policy meta tag found. Please add one when using the cordova-plugin-whitelist plugin.", source: file:///android_asset/www/plugins/cordova-plugin-whitelist/whitelist.js (25)
04-05 21:18:23.473  7756  7940 I chatty  : uid=1002 bluetooth wake expire 56 lines
04-05 21:18:23.473  7756  7801 I chatty  : uid=1002(bluetooth) BT Service Call expire 74 lines
04-05 21:18:23.480  7756  7756 I chatty  : uid=1002(bluetooth) com.android.bluetooth expire 18 lines
04-05 21:18:23.483  4359  4523 I LocalBluetoothProfileManager: Failed to connect A2DP device
04-05 21:18:23.483  4359  4523 D CachedBluetoothDevice: onProfileStateChanged: profile A2DP newProfileState 0
04-05 21:18:23.488  7756 17972 I chatty  : uid=1002(bluetooth) com.android.bluetooth expire 2 lines
04-05 21:18:23.489  2708  4256 I chatty  : uid=1000(system) WifiStateMachin expire 6 lines
04-05 21:18:23.489  4299  4299 D wpa_supplicant: wlan0: Control interface command 'DRIVER BTCOEXSCAN-STOP'
04-05 21:18:23.489  4299  4299 D wpa_supplicant: wpa_driver_nl80211_driver_cmd BTCOEXSCAN-STOP len = 0, 4096
04-05 21:18:23.491 13809 13809 I PA_PodcastAddictBlueto: onDeviceDisconnected(0)
04-05 21:18:23.491 13809 13809 I PA_PodcastAddictBlueto: PlayerTask is null...
04-05 21:18:23.505  9938  9938 W SearchService: Abort, client detached.
04-05 21:18:23.509  9938  9938 E DeviceDetector: UUID = 00001108-0000-1000-8000-00805f9b34fb
04-05 21:18:23.510  9938  9938 E DeviceDetector: UUID = 0000111e-0000-1000-8000-00805f9b34fb
04-05 21:18:23.510  9938  9938 E DeviceDetector: UUID = 0000110b-0000-1000-8000-00805f9b34fb
04-05 21:18:23.510  9938  9938 E DeviceDetector: UUID = 0000110e-0000-1000-8000-00805f9b34fb
04-05 21:18:23.510  9938  9938 E DeviceDetector: UUID = 00000000-0000-1000-8000-00805f9b34fb
04-05 21:18:23.926  4359  4523 D BluetoothEventManager: DeviceFoundHandler created new CachedBluetoothDevice: B8:81:98:6A:C2:4F
04-05 21:18:24.558  9938  9938 W SearchService: Abort, client detached.
04-05 21:18:25.870   845   845 I MSM-irqbalance: Decided to move IRQ174 from CPU6 to CPU7
04-05 21:18:26.268 22509 22509 D MostVisitedSitesController: notifyMostVisitedCompleted
04-05 21:18:27.830  9299  9299 W Settings: Setting preferred_network_mode has moved from android.provider.Settings.Secure to android.provider.Settings.Global.
04-05 21:18:28.078  5056  5056 I TrustAgent.Tracker: [BluetoothConnectionTracker] Bluetooth disconnect broadast for InlnMDEwfMEAAAAAAAAAFVZlY3RvcnNfU00tVDM1NVlfZjA4Mw 84:11:9E:A6:49:C6
04-05 21:18:28.097  9938  9938 W SearchService: Abort, client detached.
04-05 21:18:28.102  9938  9938 E DeviceDetector: UUID = 0000110a-0000-1000-8000-00805f9b34fb
04-05 21:18:28.103  9938  9938 E DeviceDetector: UUID = 00001105-0000-1000-8000-00805f9b34fb
04-05 21:18:28.103  9938  9938 E DeviceDetector: UUID = 00001115-0000-1000-8000-00805f9b34fb
04-05 21:18:28.103  9938  9938 E DeviceDetector: UUID = 00001116-0000-1000-8000-00805f9b34fb
04-05 21:18:28.103  9938  9938 E DeviceDetector: UUID = 0000112f-0000-1000-8000-00805f9b34fb
04-05 21:18:28.104  9938  9938 E DeviceDetector: UUID = 00001112-0000-1000-8000-00805f9b34fb
04-05 21:18:28.104  9938  9938 E DeviceDetector: UUID = 0000111f-0000-1000-8000-00805f9b34fb
04-05 21:18:28.104  9938  9938 E DeviceDetector: UUID = 00001132-0000-1000-8000-00805f9b34fb
04-05 21:18:28.104  9938  9938 E DeviceDetector: UUID = 00000000-0000-1000-8000-00805f9b34fb
04-05 21:18:28.105  9938  9938 E DeviceDetector: UUID = 9becd059-b75b-3fa0-ca34-e90f3d9f20a5
04-05 21:18:28.130  2708 11543 I chatty  : uid=1000(system) Binder:2708_10 expire 1 line
04-05 21:18:29.201  9299  9299 D Dartsdk : bytestrb~
04-05 21:18:29.304  9299  9299 W Settings: Setting preferred_network_mode has moved from android.provider.Settings.Secure to android.provider.Settings.Global.
04-05 21:18:30.051  9299  9299 W Settings: Setting preferred_network_mode has moved from android.provider.Settings.Secure to android.provider.Settings.Global.
04-05 21:18:30.052  9299  9299 W Settings: Setting preferred_network_mode has moved from android.provider.Settings.Secure to android.provider.Settings.Global.
04-05 21:18:30.399  4482  4493 I chatty  : uid=1001(radio) Binder:4482_1 expire 2 lines
04-05 21:18:30.416  4482 12462 I chatty  : uid=1001(radio) Binder:4482_7 expire 2 lines
04-05 21:18:30.419  4482  5445 I chatty  : uid=1001(radio) Binder:4482_6 expire 2 lines
04-05 21:18:30.644 27221 27221 I chromium: [INFO:CONSOLE(25)] "No Content-Security-Policy meta tag found. Please add one when using the cordova-plugin-whitelist plugin.", source: file:///android_asset/www/plugins/cordova-plugin-whitelist/whitelist.js (25)
04-05 21:18:30.707  9299  9299 W Settings: Setting preferred_network_mode has moved from android.provider.Settings.Secure to android.provider.Settings.Global.
04-05 21:18:30.873   845   845 I MSM-irqbalance: Decided to move IRQ215 from CPU6 to CPU7
04-05 21:18:31.022  4359  4523 D BluetoothEventManager: DeviceFoundHandler created new CachedBluetoothDevice: CC:B0:DA:AB:AC:AC
04-05 21:18:31.403  4482  4493 I chatty  : uid=1001(radio) Binder:4482_1 expire 2 lines
04-05 21:18:31.418  4482  4494 I chatty  : uid=1001(radio) Binder:4482_2 expire 2 lines
04-05 21:18:31.420  4482  4960 I chatty  : uid=1001(radio) Binder:4482_5 expire 2 lines
04-05 21:18:31.667  9299  9299 W Settings: Setting preferred_network_mode has moved from android.provider.Settings.Secure to android.provider.Settings.Global.
04-05 21:18:33.034  9299  9299 W Settings: Setting preferred_network_mode has moved from android.provider.Settings.Secure to android.provider.Settings.Global.
04-05 21:18:33.146  5078  5078 I ThreadRunner: setContextAndRunner
04-05 21:18:33.152  5078  5078 D BluetoothA2dp: Proxy object connected
04-05 21:18:33.264  4359  4523 D BluetoothEventManager: DeviceFoundHandler created new CachedBluetoothDevice: 2C:41:A1:A4:31:8D
04-05 21:18:33.340  4359  4523 D BluetoothEventManager: DeviceFoundHandler created new CachedBluetoothDevice: D0:81:7A:CD:10:45
04-05 21:18:34.228 17028 17101 D WhatsApp: LL_D M [1987:WriterThread] SEND <iq id='5' xmlns='w:p' type='get' to='s.whatsapp.net'><ping/></iq>
04-05 21:18:34.410  4482  4493 I chatty  : uid=1001(radio) Binder:4482_1 expire 2 lines
04-05 21:18:34.419  4482  4960 I chatty  : uid=1001(radio) Binder:4482_5 expire 2 lines
04-05 21:18:34.421  4482  4620 I chatty  : uid=1001(radio) Binder:4482_4 expire 2 lines
04-05 21:18:34.624 16491 16491 I chatty  : uid=1000(system) com.android.settings expire 12 lines
04-05 21:18:34.640  4359  4523 D BluetoothEventManager: DeviceFoundHandler created new CachedBluetoothDevice: 2C:41:A1:A3:FE:E5
04-05 21:18:34.685  9299  9299 W Settings: Setting preferred_network_mode has moved from android.provider.Settings.Secure to android.provider.Settings.Global.
04-05 21:18:34.925 17028 17134 D WhatsApp: LL_D M [1993:ReaderThread] RECV <iq from='s.whatsapp.net' type='result' id='5' t='1522943314'/>
04-05 21:18:35.156  5078  5078 I BistoRealService: onDestroy
04-05 21:18:35.415  4482  4493 I chatty  : uid=1001(radio) Binder:4482_1 expire 2 lines
04-05 21:18:35.427  4482  5445 I chatty  : uid=1001(radio) Binder:4482_6 expire 2 lines
04-05 21:18:35.429  4482  4960 I chatty  : uid=1001(radio) Binder:4482_5 expire 2 lines
04-05 21:18:35.851  9299  9299 W Settings: Setting preferred_network_mode has moved from android.provider.Settings.Secure to android.provider.Settings.Global.
04-05 21:18:35.852  9299  9299 W Settings: Setting preferred_network_mode has moved from android.provider.Settings.Secure to android.provider.Settings.Global.
04-05 21:18:37.345  9299  9299 W Settings: Setting preferred_network_mode has moved from android.provider.Settings.Secure to android.provider.Settings.Global.
04-05 21:18:37.422  4482  4493 I chatty  : uid=1001(radio) Binder:4482_1 expire 2 lines
04-05 21:18:37.438  4482  4960 I chatty  : uid=1001(radio) Binder:4482_5 expire 2 lines
04-05 21:18:37.441  4482  4493 I chatty  : uid=1001(radio) Binder:4482_1 expire 2 lines
04-05 21:18:37.773  5056  5056 I TrustAgent.Tracker: [BluetoothConnectionTracker] Bluetooth connect broadast for InlnMDEwfMEAAAAAAAAAFVZlY3RvcnNfU00tVDM1NVlfZjA4Mw 84:11:9E:A6:49:C6
04-05 21:18:37.790  9938  9938 W SearchService: Abort, client detached.
04-05 21:18:37.804  9938  9938 E DeviceDetector: UUID = 0000110a-0000-1000-8000-00805f9b34fb
04-05 21:18:37.805  9938  9938 E DeviceDetector: UUID = 00001105-0000-1000-8000-00805f9b34fb
04-05 21:18:37.805  9938  9938 E DeviceDetector: UUID = 00001115-0000-1000-8000-00805f9b34fb
04-05 21:18:37.805  9938  9938 E DeviceDetector: UUID = 00001116-0000-1000-8000-00805f9b34fb
04-05 21:18:37.805  9938  9938 E DeviceDetector: UUID = 0000112f-0000-1000-8000-00805f9b34fb
04-05 21:18:37.806  9938  9938 E DeviceDetector: UUID = 00001112-0000-1000-8000-00805f9b34fb
04-05 21:18:37.807  9938  9938 E DeviceDetector: UUID = 0000111f-0000-1000-8000-00805f9b34fb
04-05 21:18:37.808  9938  9938 E DeviceDetector: UUID = 00001132-0000-1000-8000-00805f9b34fb
04-05 21:18:37.808  9938  9938 E DeviceDetector: UUID = 00000000-0000-1000-8000-00805f9b34fb
04-05 21:18:37.809  9938  9938 E DeviceDetector: UUID = 9becd059-b75b-3fa0-ca34-e90f3d9f20a5
04-05 21:18:38.093  9299  9299 W Settings: Setting preferred_network_mode has moved from android.provider.Settings.Secure to android.provider.Settings.Global.
04-05 21:18:38.093  9299  9299 W Settings: Setting preferred_network_mode has moved from android.provider.Settings.Secure to android.provider.Settings.Global.
04-05 21:18:38.429  4482  4620 I chatty  : uid=1001(radio) Binder:4482_4 expire 2 lines
04-05 21:18:38.442  4482  4618 D PhoneInterfaceManager: [PhoneIntfMgr] getDataEnabled: subId=2 phoneId=0
04-05 21:18:38.442  4482  4618 D PhoneInterfaceManager: [PhoneIntfMgr] getDataEnabled: subId=2 retVal=true
04-05 21:18:38.444  4482  5445 D PhoneInterfaceManager: [PhoneIntfMgr] getDataEnabled: subId=2 phoneId=0
04-05 21:18:38.444  4482  5445 D PhoneInterfaceManager: [PhoneIntfMgr] getDataEnabled: subId=2 retVal=true
04-05 21:18:38.747  9299  9299 W Settings: Setting preferred_network_mode has moved from android.provider.Settings.Secure to android.provider.Settings.Global.
04-05 21:18:39.282  4359  4523 D BluetoothEventManager: DeviceFoundHandler created new CachedBluetoothDevice: C0:28:8D:00:56:81
04-05 21:18:39.528  2708  2989 I chatty  : uid=1000(system) ActivityManager expire 76 lines
04-05 21:18:39.708  9299  9299 W Settings: Setting preferred_network_mode has moved from android.provider.Settings.Secure to android.provider.Settings.Global.
04-05 21:18:40.155 17880 17880 D VectorsSvc: Pending connection From null
04-05 21:18:40.155 17880 17880 D VectorsSvc: New guy
04-05 21:18:40.155 17880 17880 D VectorsSvc: Connection initated w/ Vectors_SM-T355Y_f083
04-05 21:18:40.177 16760 17981 E NearbyConnections: BandwidthUpgradeManager cannot initiate bandwidth upgrade because the current BandwidthUpgradeHandler cannot be deduced -- metadata{ service_id: 0 }
04-05 21:18:40.288 17880 17880 D ACK-JSON: JSON string {"ack_time":1522927801,"items":[{"filename":"video_00301_L0T4.out","time":1522920301},{"filename":"video_00301_L0T5.out","time":1522920301},{"filename":"video_00301_L1T1.out","time":1522920301},{"filename":"video_00301_L1T2.out","time":1522920301},{"filename":"video_00471_L0T1.out","time":1522920301},{"filename":"video_00471.md","time":1522920301},{"filename":"video_00472_L0T1.out","time":1522920301},{"filename":"video_00472.md","time":1522920301},{"filename":"video_00473_L0T1.out","time":1522920301},{"filename":"video_00473.md","time":1522920301},{"filename":"video_00474_L0T1.out","time":1522920301},{"filename":"video_00474.md","time":1522920301},{"filename":"video_00475_L0T1.out","time":1522920301},{"filename":"video_00475.md","time":1522920301},{"filename":"video_00476_L0T1.out","time":1522920301},{"filename":"video_00476.md","time":1522920301},{"filename":"video_00477_L0T1.out","time":1522920301},{"filename":"video_00477.md","time":1522920301},{"filename":"video_00478_L0T1.out","time":1522920301},{"filename":"video_00478.md","time":1522920301},{"filename":"video_00479_L0T1.out","time":1522920301},{"filename":"video_00479.md","time":1522920301},{"filename":"video_00480_L0T1.out","time":1522920301},{"filename":"video_00480.md","time":1522920301},{"filename":"video_00481_L0T1.out","time":1522920301},{"filename":"video_00481.md","time":1522920301},{"filename":"video_00482_L0T1.out","time":1522920301},{"filename":"video_00482.md","time":1522920301},{"filename":"video_00483_L0T1.out","time":1522920301},{"filename":"video_00483.md","time":1522920301},{"filename":"video_00484_L0T1.out","time":1522920301},{"filename":"video_00484.md","time":1522920301},{"filename":"video_00485_L0T1.out","time":1522920301},{"filename":"video_00485.md","time":1522920301},{"filename":"video_00486_L0T1.out","time":1522920301},{"filename":"video_00486.md","time":1522920301},{"filename":"video_00487_L0T1.out","time":1522920301},{"filename":"video_00487.md","time":1522920301},{"filename":"video_00488_L0T1.out","time":1522920301},{"filename":"video_00488.md","time":1522920301},{"filename":"video_00489_L0T1.out","time":1522920301},{"filename":"video_00489.md","time":1522920301},{"filename":"video_00490_L0T1.out","time":1522920301},{"filename":"video_00490.md","time":1522920301},{"filename":"video_00491_L0T1.out","time":1522920301},{"filename":"video_00491.md","time":1522920301},{"filename":"video_00492_L0T1.out","time":1522920301},{"filename":"video_00492.md","time":1522920301},{"filename":"video_00467_L0T1.out","time":1522739101},{"filename":"video_00467_L0T2.out","time":1522739101},{"filename":"video_00467.md","time":1522739101},{"filename":"video_00468_L0T1.out","time":1522739101},{"filename":"video_00468_L0T2.out","time":1522739101},{"filename":"video_00468.md","time":1522739101},{"filename":"video_00469_L0T1.out","time":1522739101},{"filename":"video_00469.md","time":1522739101},{"filename":"video_00470_L0T1.out","time":1522739101},{"filename":"video_00470.md","time":1522739101},{"filename":"video_00403_L0T1.out","time":1522733101},{"filename":"video_00406_L0T1.out","time":1522733101},{"filename":"video_00406.md","time":1522733101},{"filename":"video_00407_L0T1.out","time":1522733101},{"filename":"video_00407.md","time":1522733101},{"filename":"video_00408_L0T1.out","time":1522733101},{"filename":"video_00408.md","time":1522733101},{"filename":"video_00409_L0T1.out","time":1522733101},{"filename":"video_00409.md","time":1522733101},{"filename":"video_00410_L0T1.out","time":1522733101},{"filename":"video_00410.md","time":1522733101},{"filename":"video_00411_L0T1.out","time":1522733101},{"filename":"video_00411.md","time":1522733101},{"filename":"video_00412_L0T1.out","time":1522733101},{"filename":"video_00412.md","time":1522733101},{"filename":"video_00413_L0T1.out","time":1522733101},{"filename":"video_00413.md","time":1522733101},{"filename":"video_00414_L0T1.out","time":1522733101},{"filename":"video_00414.md","time":1522733101},{"filename":"video_00415_L0T1.out","time":1522733101},{"filename"
04-05 21:18:40.298 17880 17880 D VectorsSvc: Sending ack with timestamp as 1522927801
04-05 21:18:40.369  2708  2708 I chatty  : uid=1000 system_server expire 8 lines
04-05 21:18:40.444  9299  9299 D Dartsdk : bytestrb~|
04-05 21:18:40.480 17880 17880 D VectorsSvc: Received ack with timestamp as 1522927801
04-05 21:18:40.556 17880 17880 D VectorsSvc: Rcvd a filelist of ,video_00005.md,video_00005_L0T1.out,video_00006.md,video_00006_L0T1.out,video_00000.md,video_00001.md,video_00002.md,video_00002_L0T1.out,video_00003_L0T1.out,video_00002_L0T3.out,video_00002_L0T4.out,video_00003_L0T3.out,video_00003_L0T2.out,video_00003_L0T4.out,video_00003.md,video_00003_L0T5.out,video_00004_L0T2.out,video_00004_L0T4.out,video_00004_L0T1.out,video_00007_L0T1.out,video_00004_L0T3.out,video_00004.md,video_00007.md,video_00002_L0T2.out,video_00007_L0T3.out,video_00007_L0T2.out,video_00002_L0T5.out,video_00011_L0T1.out,video_00008_L0T1.out,video_00008.md,video_00009_L0T1.out,video_00009.md,video_00004_L0T5.out,video_00010_L0T1.out,video_00012.md,video_00010.md,video_00013_L0T1.out,video_00011.md,video_00005_L0T2.out,video_00005_L0T3.out,video_00008_L0T3.out,video_00008_L0T2.out,video_00014_L0T1.out,video_00009_L0T2.out,video_00015.md,video_00015_L0T1.out,video_00010_L0T3.out,video_00005_L0T5.out,video_00011_L0T2.out,video_00005_L0T4.out,video_00006_L0T3.out,video_00006_L0T5.out,video_00006_L0T4.out,video_00006_L0T2.out,video_00002_L1T3.out,video_00002_L1T2.out,video_00011_L0T3.out,video_00012_L0T3.out,video_00012_L0T1.out,video_00014_L0T2.out,video_00015_L0T2.out,video_00016.md,video_00013_L0T3.out,video_00015_L0T3.out,video_00016_L0T3.out,video_00016_L0T1.out,video_00012_L0T2.out,video_00013.md,video_00013_L0T2.out,video_00007_L0T5.out,video_00014_L0T3.out,video_00014.md,video_00008_L0T4.out,video_00009_L0T5.out,video_00010_L0T5.out,video_00010_L0T4.out,video_00011_L0T4.out,video_00011_L0T5.out,video_00012_L0T4.out,video_00013_L0T4.out,video_00014_L0T5.out,video_00015_L0T5.out,video_00008_L0T5.out,video_00009_L0T3.out,video_00007_L0T4.out,video_00009_L0T4.out,video_00010_L0T2.out,video_00012_L0T5.out,video_00013_L0T5.out,video_00014_L0T4.out,video_00015_L0T4.out,video_00002_L1T4.out,video_00003_L1T3.out,video_00004_L1T4.out,video_00005_L1T4.out,video_00005_L1T5.out,video_00005_L1T3.out,video_00005_L1T1.out,video_00006_L1T4.out,video_00006_L1T2.out,video_00007_L1T3.out,video_00007_L1T2.out,video_00009_L1T2.out,video_00009_L1T4.out,video_00009_L1T3.out,video_00010_L1T1.out,video_00010_L1T2.out,video_00011_L1T4.out,video_00011_L1T1.out,video_00011_L1T2.out,video_00013_L1T3.out,video_00013_L1T2.out,video_00010_L1T3.out,video_00010_L1T4.out,video_00013_L1T1.out,video_00011_L1T3.out,video_00014_L1T1.out,video_00015_L1T1.out,video_00003_L1T4.out,video_00003_L1T5.out,video_00011_L1T5.out,video_00003_L1T1.out,video_00003_L1T2.out,video_00004_L1T5.out,video_00004_L1T1.out,video_00004_L1T2.out,video_00004_L1T3.out,video_00005_L1T2.out,video_00006_L1T1.out,video_00006_L1T5.out,video_00006_L1T3.out,video_00007_L1T1.out,video_00007_L1T5.out,video_00007_L1T4.out,video_00008_L1T1.out,video_00008_L1T3.out,video_00008_L1T2.out,video_00008_L1T4.out,video_00008_L1T5.out,video_00009_L1T5.out,video_00012_L1T1.out,video_00012_L1T3.out,video_00012_L1T2.out,video_00012_L1T4.out,video_00014_L1T2.out,video_00002_L1T5.out,video_00002_L1T1.out,video_00009_L1T1.out,video_00010_L1T5.out
04-05 21:18:40.587 17880 17880 D VectorsSvc: We want the files of 
04-05 21:18:40.640 17880 17880 D VectorsSvc: Sent my goodbyes
04-05 21:18:40.664  7756  7940 I chatty  : uid=1002 bluetooth wake expire 15 lines
04-05 21:18:40.664  7756  7951 I chatty  : uid=1002(bluetooth) btif_sock_poll expire 4 lines
04-05 21:18:40.671 27221 27221 I chromium: [INFO:CONSOLE(25)] "No Content-Security-Policy meta tag found. Please add one when using the cordova-plugin-whitelist plugin.", source: file:///android_asset/www/plugins/cordova-plugin-whitelist/whitelist.js (25)
04-05 21:18:40.674 16760 17981 E NearbyConnections: EndpointManager failed to write DATA at offset 4 of Payload -7493426960446263810 to endpoint yg01 -- metadata{ service_id: 0 }
04-05 21:18:40.674 16760 17981 E NearbyConnections: java.io.IOException: ioctl failed: EBADF (Bad file descriptor)
04-05 21:18:40.674 16760 17981 E NearbyConnections: 	at android.net.LocalSocketImpl$SocketOutputStream.flush(LocalSocketImpl.java:176)
04-05 21:18:40.674 16760 17981 E NearbyConnections: 	at android.bluetooth.BluetoothSocket.flush(BluetoothSocket.java:542)
04-05 21:18:40.674 16760 17981 E NearbyConnections: 	at android.bluetooth.BluetoothOutputStream.flush(BluetoothOutputStream.java:96)
04-05 21:18:40.674 16760 17981 E NearbyConnections: 	at java.io.BufferedOutputStream.flush(BufferedOutputStream.java:141)
04-05 21:18:40.674 16760 17981 E NearbyConnections: 	at java.io.DataOutputStream.flush(DataOutputStream.java:123)
04-05 21:18:40.674 16760 17981 E NearbyConnections: 	at aait.a(:com.google.android.gms@12521020@12.5.21 (040308-189987672):23)
04-05 21:18:40.674 16760 17981 E NearbyConnections: 	at aaiz.a(:com.google.android.gms@12521020@12.5.21 (040308-189987672):20)
04-05 21:18:40.674 16760 17981 E NearbyConnections: 	at aaiz.a(:com.google.android.gms@12521020@12.5.21 (040308-189987672):43)
04-05 21:18:40.674 16760 17981 E NearbyConnections: 	at aale.a(:com.google.android.gms@12521020@12.5.21 (040308-189987672):41)
04-05 21:18:40.674 16760 17981 E NearbyConnections: 	at aale.call(:com.google.android.gms@12521020@12.5.21 (040308-189987672))
04-05 21:18:40.674 16760 17981 E NearbyConnections: 	at aags.a(:com.google.android.gms@12521020@12.5.21 (040308-189987672):4)
04-05 21:18:40.674 16760 17981 E NearbyConnections: 	at aald.run(:com.google.android.gms@12521020@12.5.21 (040308-189987672):43)
04-05 21:18:40.674 16760 17981 E NearbyConnections: 	at nsg.run(:com.google.android.gms@12521020@12.5.21 (040308-189987672):27)
04-05 21:18:40.674 16760 17981 E NearbyConnections: 	at java.util.concurrent.ThreadPoolExecutor.runWorker(ThreadPoolExecutor.java:1133)
04-05 21:18:40.674 16760 17981 E NearbyConnections: 	at java.util.concurrent.ThreadPoolExecutor$Worker.run(ThreadPoolExecutor.java:607)
04-05 21:18:40.674 16760 17981 E NearbyConnections: 	at nya.run(:com.google.android.gms@12521020@12.5.21 (040308-189987672))
04-05 21:18:40.674 16760 17981 E NearbyConnections: 	at java.lang.Thread.run(Thread.java:761)
04-05 21:18:40.674 16760 17981 E NearbyConnections: Caused by: android.system.ErrnoException: ioctl failed: EBADF (Bad file descriptor)
04-05 21:18:40.674 16760 17981 E NearbyConnections: 	at libcore.io.Posix.ioctlInt(Native Method)
04-05 21:18:40.674 16760 17981 E NearbyConnections: 	at libcore.io.ForwardingOs.ioctlInt(ForwardingOs.java:103)
04-05 21:18:40.674 16760 17981 E NearbyConnections: 	at android.system.Os.ioctlInt(Os.java:237)
04-05 21:18:40.674 16760 17981 E NearbyConnections: 	at android.net.LocalSocketImpl$SocketOutputStream.flush(LocalSocketImpl.java:174)
04-05 21:18:40.674 16760 17981 E NearbyConnections: 	... 16 more
04-05 21:18:40.703 17880 17880 D VectorsSvc: Goodbye recv
04-05 21:18:40.703 17880 17880 D VectorsSvc: Time to terminate connection!
04-05 21:18:40.704 17880 17880 D VectorsSvc: RestartingNearby
04-05 21:18:40.708 17880 17880 D ConnectionLog: JSON string {"connectionStartedTime":1522943320,"connectionTerminatedTime":1522943320,"destination":"Vectors_SM-T355Y_f083","filesReceived":[],"filesSent":[],"source":"Vectors_Moto G (4)_b043"}
04-05 21:18:40.711 17880 17880 D FileModule: generic file writtenConnectionLog_1522943320.json
04-05 21:18:40.712 17880 17880 D VectorsSvc: Connection terminated, clearing arrays
04-05 21:18:40.712 17880 17880 D VectorsSvc: RestartingNearby
04-05 21:18:40.730  2708  4510 I chatty  : uid=1000(system) Binder:2708_5 expire 1 line
04-05 21:18:40.732 16760 14309 W BluetoothAdapter: getBluetoothService() called with no BluetoothManagerCallback
04-05 21:18:40.740  2708  4837 I chatty  : uid=1000(system) Binder:2708_6 expire 1 line
04-05 21:18:40.776  7756  7801 I chatty  : uid=1002(bluetooth) BT Service Call expire 139 lines
04-05 21:18:40.784 17880 17880 D VectorsSvc: Advertising Go!
04-05 21:18:40.820  7756  7769 I chatty  : uid=1002(bluetooth) Binder:7756_2 expire 3 lines
04-05 21:18:40.821 17880 17880 D VectorsSvc: Discovery go!
04-05 21:18:40.869 16760 14309 W NearbyConnections: Skipping discovery of BluetoothDevice null because we are no longer discovering. -- metadata{ service_id: 0 }
04-05 21:18:40.882   845   845 I MSM-irqbalance: Decided to move IRQ65 from CPU6 to CPU5
04-05 21:18:40.885  2708  5204 I chatty  : uid=1000(system) Binder:2708_E expire 1 line
04-05 21:18:40.886 16760 14309 W BluetoothAdapter: getBluetoothService() called with no BluetoothManagerCallback
04-05 21:18:40.892  2708  5112 I chatty  : uid=1000(system) Binder:2708_7 expire 1 line
04-05 21:18:40.926 17880 17880 D VectorsSvc: Advertising Go!
04-05 21:18:40.937  7756  7768 I chatty  : uid=1002(bluetooth) Binder:7756_1 expire 4 lines
04-05 21:18:40.972 17880 17880 D VectorsSvc: Discovery go!
04-05 21:18:41.075  9299  9299 W Settings: Setting preferred_network_mode has moved from android.provider.Settings.Secure to android.provider.Settings.Global.
04-05 21:18:42.725  9299  9299 W Settings: Setting preferred_network_mode has moved from android.provider.Settings.Secure to android.provider.Settings.Global.
04-05 21:18:43.811  7756  7756 I chatty  : uid=1002(bluetooth) com.android.bluetooth expire 10 lines
04-05 21:18:43.826  9938  9938 W SearchService: Abort, client detached.
04-05 21:18:43.875  9299  9299 W Settings: Setting preferred_network_mode has moved from android.provider.Settings.Secure to android.provider.Settings.Global.
04-05 21:18:43.876  9299  9299 W Settings: Setting preferred_network_mode has moved from android.provider.Settings.Secure to android.provider.Settings.Global.
04-05 21:18:44.230  2708  3166 I chatty  : uid=1000(system) android.display expire 1 line
04-05 21:18:44.237  5002  5021 E ANDR-PERF-MPCTL: Invalid profile no. 0, total profiles 0 only
04-05 21:18:44.721 17880 17880 D VectorsSvc: FOUND ENDPOINT: yg01Info Vectors_SM-T355Y_f083 id in.swifiic.vectors
04-05 21:18:44.721 17880 17880 D VectorsSvc: Seen this guy before! Discarding conn
04-05 21:18:44.741  4359  4523 D LocalBluetoothProfileManager: Current Profiles[]
04-05 21:18:44.741  4359  4523 D BluetoothMap: getConnectedDevices()
04-05 21:18:44.743  4359  4523 D BluetoothMap: getConnectionState(84:11:9E:A6:49:C6)
04-05 21:18:44.745  4359  4523 D MapProfile: getConnectionStatus: status is: 0
04-05 21:18:44.746  4359  4523 D LocalBluetoothProfileManager: New Profiles[PAN]
04-05 21:18:44.750  4359  4523 D BluetoothEventManager: DeviceFoundHandler created new CachedBluetoothDevice: 84:11:9E:A6:49:C6
04-05 21:18:44.774  5056  5056 I TrustAgent.Tracker: [BluetoothConnectionTracker] Bluetooth disconnect broadast for InlnMDEwfMEAAAAAAAAAFVZlY3RvcnNfU00tVDM1NVlfZjA4Mw 84:11:9E:A6:49:C6
04-05 21:18:44.883  9938  9938 W SearchService: Abort, client detached.
04-05 21:18:44.889  9938  9938 E DeviceDetector: UUID = 0000110a-0000-1000-8000-00805f9b34fb
04-05 21:18:44.890  9938  9938 E DeviceDetector: UUID = 00001105-0000-1000-8000-00805f9b34fb
04-05 21:18:44.890  9938  9938 E DeviceDetector: UUID = 00001115-0000-1000-8000-00805f9b34fb
04-05 21:18:44.890  9938  9938 E DeviceDetector: UUID = 00001116-0000-1000-8000-00805f9b34fb
04-05 21:18:44.891  9938  9938 E DeviceDetector: UUID = 0000112f-0000-1000-8000-00805f9b34fb
04-05 21:18:44.892  9938  9938 E DeviceDetector: UUID = 00001112-0000-1000-8000-00805f9b34fb
04-05 21:18:44.893  9938  9938 E DeviceDetector: UUID = 0000111f-0000-1000-8000-00805f9b34fb
04-05 21:18:44.893  9938  9938 E DeviceDetector: UUID = 00001132-0000-1000-8000-00805f9b34fb
04-05 21:18:44.893  9938  9938 E DeviceDetector: UUID = 00000000-0000-1000-8000-00805f9b34fb
04-05 21:18:44.894  9938  9938 E DeviceDetector: UUID = 9becd059-b75b-3fa0-ca34-e90f3d9f20a5
04-05 21:18:45.385  9299  9299 W Settings: Setting preferred_network_mode has moved from android.provider.Settings.Secure to android.provider.Settings.Global.
04-05 21:18:45.882   845   845 I MSM-irqbalance: Decided to move IRQ174 from CPU7 to CPU5
04-05 21:18:46.131  9299  9299 W Settings: Setting preferred_network_mode has moved from android.provider.Settings.Secure to android.provider.Settings.Global.
04-05 21:18:46.131  9299  9299 W Settings: Setting preferred_network_mode has moved from android.provider.Settings.Secure to android.provider.Settings.Global.
04-05 21:18:46.702 16491 16491 I chatty  : uid=1000(system) com.android.settings expire 1 line
04-05 21:18:46.708  4359  4523 D BluetoothEventManager: DeviceFoundHandler created new CachedBluetoothDevice: C9:2A:CA:B9:B2:1D
04-05 21:18:46.768  9299  9299 W Settings: Setting preferred_network_mode has moved from android.provider.Settings.Secure to android.provider.Settings.Global.
04-05 21:18:47.747  9299  9299 W Settings: Setting preferred_network_mode has moved from android.provider.Settings.Secure to android.provider.Settings.Global.
04-05 21:18:49.096  9299  9299 W Settings: Setting preferred_network_mode has moved from android.provider.Settings.Secure to android.provider.Settings.Global.
04-05 21:18:49.669  4482  4494 D PhoneInterfaceManager: [PhoneIntfMgr] getDataEnabled: subId=2 phoneId=0
04-05 21:18:49.670  4482  4494 D PhoneInterfaceManager: [PhoneIntfMgr] getDataEnabled: subId=2 retVal=true
04-05 21:18:49.673  9299  9299 D Dartsdk : bytestrb
04-05 21:18:49.686  4482 12462 D PhoneInterfaceManager: [PhoneIntfMgr] getDataEnabled: subId=2 phoneId=0
04-05 21:18:49.686  4482 12462 D PhoneInterfaceManager: [PhoneIntfMgr] getDataEnabled: subId=2 retVal=true
04-05 21:18:49.687  4482  4618 D PhoneInterfaceManager: [PhoneIntfMgr] getDataEnabled: subId=2 phoneId=0
04-05 21:18:49.688  4482  4618 D PhoneInterfaceManager: [PhoneIntfMgr] getDataEnabled: subId=2 retVal=true
04-05 21:18:49.938  5078  5078 I ThreadRunner: setContextAndRunner
04-05 21:18:49.939  2708  3165 I chatty  : uid=1000(system) android.io expire 1 line
04-05 21:18:49.945  5078  5078 D BluetoothA2dp: Proxy object connected
04-05 21:18:49.964  2708  2989 I chatty  : uid=1000(system) ActivityManager expire 119 lines
04-05 21:18:50.669 27221 27221 I chromium: [INFO:CONSOLE(25)] "No Content-Security-Policy meta tag found. Please add one when using the cordova-plugin-whitelist plugin.", source: file:///android_asset/www/plugins/cordova-plugin-whitelist/whitelist.js (25)
04-05 21:18:50.766  9299  9299 W Settings: Setting preferred_network_mode has moved from android.provider.Settings.Secure to android.provider.Settings.Global.
04-05 21:18:50.882   845   845 I MSM-irqbalance: Decided to move IRQ215 from CPU7 to CPU5
04-05 21:18:50.926  2708  5195 I chatty  : uid=1000(system) Binder:2708_D expire 2 lines
04-05 21:18:50.928  4359  4359 D KeyguardUpdateMonitor: received broadcast android.intent.action.BATTERY_CHANGED
04-05 21:18:50.930  5114  5227 W QCNEJ   : |CORE| CNE received unexpected action: android.intent.action.BATTERY_CHANGED
04-05 21:18:50.931  4482  4482 D VideoCall_LowBattery: BatteryIntent received: android.intent.action.BATTERY_CHANGED
04-05 21:18:50.932  4359  4359 D KeyguardUpdateMonitor: handleBatteryUpdate
04-05 21:18:50.936  7756 17933 I chatty  : uid=1002(bluetooth) com.android.bluetooth expire 9 lines
04-05 21:18:50.947  4482  4482 D VideoCall_LowBattery:  allowVideoCallsInLowBattery: false isCarrierOneSupported: false mIsLowbattery: false
04-05 21:18:51.432  7756  7940 I chatty  : uid=1002 bluetooth wake expire 12 lines
04-05 21:18:51.529 16491 16491 D BluetoothEventManager: DeviceFoundHandler created new CachedBluetoothDevice: 78:02:F8:CE:75:7C
04-05 21:18:51.536  4359  4523 D BluetoothEventManager: DeviceFoundHandler created new CachedBluetoothDevice: 78:02:F8:CE:75:7C
04-05 21:18:51.838  4482  4618 D PhoneInterfaceManager: [PhoneIntfMgr] getDataEnabled: subId=2 phoneId=0
04-05 21:18:51.838  4482  4618 D PhoneInterfaceManager: [PhoneIntfMgr] getDataEnabled: subId=2 retVal=true
04-05 21:18:51.850  4482  5445 D PhoneInterfaceManager: [PhoneIntfMgr] getDataEnabled: subId=2 phoneId=0
04-05 21:18:51.851  4482  5445 D PhoneInterfaceManager: [PhoneIntfMgr] getDataEnabled: subId=2 retVal=true
04-05 21:18:51.853  4482  4960 D PhoneInterfaceManager: [PhoneIntfMgr] getDataEnabled: subId=2 phoneId=0
04-05 21:18:51.853  4482  4960 D PhoneInterfaceManager: [PhoneIntfMgr] getDataEnabled: subId=2 retVal=true
04-05 21:18:51.896  9299  9299 W Settings: Setting preferred_network_mode has moved from android.provider.Settings.Secure to android.provider.Settings.Global.
04-05 21:18:51.896  9299  9299 W Settings: Setting preferred_network_mode has moved from android.provider.Settings.Secure to android.provider.Settings.Global.
04-05 21:18:51.948  5078  5078 I BistoRealService: onDestroy
04-05 21:18:51.948  2708  3165 I chatty  : uid=1000(system) android.io expire 1 line
04-05 21:18:52.841  4482  4618 D PhoneInterfaceManager: [PhoneIntfMgr] getDataEnabled: subId=2 phoneId=0
04-05 21:18:52.841  4482  4618 D PhoneInterfaceManager: [PhoneIntfMgr] getDataEnabled: subId=2 retVal=true
04-05 21:18:52.858  4482  4620 D PhoneInterfaceManager: [PhoneIntfMgr] getDataEnabled: subId=2 phoneId=0
04-05 21:18:52.858  4482  4620 D PhoneInterfaceManager: [PhoneIntfMgr] getDataEnabled: subId=2 retVal=true
04-05 21:18:52.860  4482 12462 D PhoneInterfaceManager: [PhoneIntfMgr] getDataEnabled: subId=2 phoneId=0
04-05 21:18:52.860  4482 12462 D PhoneInterfaceManager: [PhoneIntfMgr] getDataEnabled: subId=2 retVal=true
04-05 21:18:53.424  9299  9299 W Settings: Setting preferred_network_mode has moved from android.provider.Settings.Secure to android.provider.Settings.Global.
04-05 21:18:54.171  9299  9299 W Settings: Setting preferred_network_mode has moved from android.provider.Settings.Secure to android.provider.Settings.Global.
04-05 21:18:54.171  9299  9299 W Settings: Setting preferred_network_mode has moved from android.provider.Settings.Secure to android.provider.Settings.Global.
04-05 21:18:54.809  9299  9299 W Settings: Setting preferred_network_mode has moved from android.provider.Settings.Secure to android.provider.Settings.Global.
04-05 21:18:55.788  9299  9299 W Settings: Setting preferred_network_mode has moved from android.provider.Settings.Secure to android.provider.Settings.Global.
04-05 21:18:55.841  2708  4240 I chatty  : uid=1000(system) UEventObserver expire 1 line
04-05 21:18:55.844  2708  5159 I chatty  : uid=1000(system) Binder:2708_A expire 2 lines
04-05 21:18:55.848  4482  4482 D VideoCall_LowBattery: BatteryIntent received: android.intent.action.BATTERY_CHANGED
04-05 21:18:55.850  4359  4359 D KeyguardUpdateMonitor: received broadcast android.intent.action.BATTERY_CHANGED
04-05 21:18:55.850  5114  5227 W QCNEJ   : |CORE| CNE received unexpected action: android.intent.action.BATTERY_CHANGED
04-05 21:18:55.857  4359  4359 D KeyguardUpdateMonitor: handleBatteryUpdate
04-05 21:18:55.861  4482  4482 D VideoCall_LowBattery:  allowVideoCallsInLowBattery: false isCarrierOneSupported: false mIsLowbattery: false
04-05 21:18:55.879   547   547 I SFPerfTracer:      triggers: (rate: 90:4418) (compose: 6:190) (post: 0:6) (render: 0:269) (0:105281 frames) (1:114603)
04-05 21:18:55.879   547   547 D SFPerfTracer:        layers: (3:13) (StatusBar (0xa888bc00): 1:25951) (com.google.android.apps.wallpaper.module.NoBackupImageWallpaper (0xa6c0bc00): 0:16625)* (animation background stackId=1 (0xa6c10c00): 0:71)* (DimLayerController/Stack=0 (0xa6c0f800): 0:721)* (Sprite (0xa6c61800): 0:25)* (com.premii.hn/com.premii.hn.MainActivity (0xa6c5f000): 0:13882)* (org.telegram.messenger/org.telegram.ui.LaunchActivity (0xa6c60400): 0:912)* (org.telegram.messenger/org.telegram.ui.LaunchActivity (0xa6c0e400): 0:426)* (com.facebook.mlite/com.facebook.mlite.threadview.view.ThreadViewActivity (0xa6c62c00): 0:245)* (NavigationBar (0xa6c0d000): 0:323) (Starting in.swifiic.vectors (0xa71a8000): 0:40)- (in.swifiic.vectors/in.swifiic.vectors.MainActivity (0xa71aa800): 0:120) (Toast (0xa71a8000): 0:69)- 
04-05 21:18:55.883   845   845 I MSM-irqbalance: Decided to move IRQ222 from CPU7 to CPU5
04-05 21:18:56.037 17028 17101 D WhatsApp: LL_D M [1987:WriterThread] SEND <iq id='00' xmlns='w:stats' type='set' to='s.whatsapp.net'><add t='1522943336'>WAM%030%0b%02%80%0d%13motorola-Moto%20G%20(4)P/%ebC%c6Z8y%06%03@%05%94%010%0318{%06%02%88]%08%06SC,B,4%80%0f%037.0%88%ef%01%08athene_f0io%10%17H9%0a%de%07H%8f%02%c0%00%80%11%072.18.98%88%1f%01%08motorola%88!%01%0aMoto%20G%20(4)%20%15H%b1%02%dd%07)8%05R%01)%e1%00%00R%03%b4%a9%00%00B%04%f4,v%06%9c%c4%20%b0%b2%1a%aa@P/%1eD%c6Z)8%05R%01%96%dd%00%00R%03%d0%a6%00%00B%044%1fv%06b%10X9%f4%80%aa@P/>D%c6Z)%cc%04%82%01%07mmg-fnaB%03%9d%03B%04%83%00%16%05</add></iq>
04-05 21:18:56.309 22509 22509 D MostVisitedSitesController: notifyMostVisitedCompleted
04-05 21:18:56.339 16491 16491 D BluetoothEventManager: DeviceFoundHandler created new CachedBluetoothDevice: E4:F8:9C:A1:26:C8
04-05 21:18:56.343  4359  4523 D BluetoothEventManager: DeviceFoundHandler created new CachedBluetoothDevice: E4:F8:9C:A1:26:C8
04-05 21:18:56.403 16491 16491 V BluetoothDiscoveryReceiver: Received: android.bluetooth.adapter.action.DISCOVERY_FINISHED
04-05 21:18:56.440 16491 16491 V BluetoothDiscoveryReceiver: Received: android.bluetooth.adapter.action.DISCOVERY_STARTED
04-05 21:18:56.788 17028 17134 D WhatsApp: LL_D M [1993:ReaderThread] RECV <iq from='s.whatsapp.net' type='result' id='00'/>
04-05 21:18:56.855  4482  4618 D PhoneInterfaceManager: [PhoneIntfMgr] getDataEnabled: subId=2 phoneId=0
04-05 21:18:56.855  4482  4618 D PhoneInterfaceManager: [PhoneIntfMgr] getDataEnabled: subId=2 retVal=true
04-05 21:18:56.867  4482  4493 D PhoneInterfaceManager: [PhoneIntfMgr] getDataEnabled: subId=2 phoneId=0
04-05 21:18:56.868  4482  4493 D PhoneInterfaceManager: [PhoneIntfMgr] getDataEnabled: subId=2 retVal=true
04-05 21:18:56.869  4482 12462 D PhoneInterfaceManager: [PhoneIntfMgr] getDataEnabled: subId=2 phoneId=0
04-05 21:18:56.869  4482 12462 D PhoneInterfaceManager: [PhoneIntfMgr] getDataEnabled: subId=2 retVal=true
04-05 21:18:57.137  9299  9299 W Settings: Setting preferred_network_mode has moved from android.provider.Settings.Secure to android.provider.Settings.Global.
04-05 21:18:57.404  4482  4620 D PhoneInterfaceManager: [PhoneIntfMgr] getDataEnabled: subId=2 phoneId=0
04-05 21:18:57.405  4482  4620 D PhoneInterfaceManager: [PhoneIntfMgr] getDataEnabled: subId=2 retVal=true
04-05 21:18:57.420  4482  5445 D PhoneInterfaceManager: [PhoneIntfMgr] getDataEnabled: subId=2 phoneId=0
04-05 21:18:57.420  4482  5445 D PhoneInterfaceManager: [PhoneIntfMgr] getDataEnabled: subId=2 retVal=true
04-05 21:18:57.422  4482  4493 D PhoneInterfaceManager: [PhoneIntfMgr] getDataEnabled: subId=2 phoneId=0
04-05 21:18:57.423  4482  4493 D PhoneInterfaceManager: [PhoneIntfMgr] getDataEnabled: subId=2 retVal=true
04-05 21:18:57.857  4482  4618 D PhoneInterfaceManager: [PhoneIntfMgr] getDataEnabled: subId=2 phoneId=0
04-05 21:18:57.857  4482  4618 D PhoneInterfaceManager: [PhoneIntfMgr] getDataEnabled: subId=2 retVal=true
04-05 21:18:57.866  4482  4493 D PhoneInterfaceManager: [PhoneIntfMgr] getDataEnabled: subId=2 phoneId=0
04-05 21:18:57.866  4482  4493 D PhoneInterfaceManager: [PhoneIntfMgr] getDataEnabled: subId=2 retVal=true
04-05 21:18:57.867  4482 12462 D PhoneInterfaceManager: [PhoneIntfMgr] getDataEnabled: subId=2 phoneId=0
04-05 21:18:57.868  4482 12462 D PhoneInterfaceManager: [PhoneIntfMgr] getDataEnabled: subId=2 retVal=true
04-05 21:18:58.796  9299  9299 W Settings: Setting preferred_network_mode has moved from android.provider.Settings.Secure to android.provider.Settings.Global.
04-05 21:18:59.862  4482  4618 D PhoneInterfaceManager: [PhoneIntfMgr] getDataEnabled: subId=2 phoneId=0
04-05 21:18:59.863  4482  4618 D PhoneInterfaceManager: [PhoneIntfMgr] getDataEnabled: subId=2 retVal=true
04-05 21:18:59.876  4482  5445 D PhoneInterfaceManager: [PhoneIntfMgr] getDataEnabled: subId=2 phoneId=0
04-05 21:18:59.876  4482  5445 D PhoneInterfaceManager: [PhoneIntfMgr] getDataEnabled: subId=2 retVal=true
04-05 21:18:59.878  4482  4493 D PhoneInterfaceManager: [PhoneIntfMgr] getDataEnabled: subId=2 phoneId=0
04-05 21:18:59.878  4482  4493 D PhoneInterfaceManager: [PhoneIntfMgr] getDataEnabled: subId=2 retVal=true
04-05 21:18:59.936  9299  9299 W Settings: Setting preferred_network_mode has moved from android.provider.Settings.Secure to android.provider.Settings.Global.
04-05 21:18:59.937  9299  9299 W Settings: Setting preferred_network_mode has moved from android.provider.Settings.Secure to android.provider.Settings.Global.
04-05 21:19:00.002  4359  4359 D KeyguardUpdateMonitor: received broadcast android.intent.action.TIME_TICK
04-05 21:19:00.002  4359  4359 D KeyguardUpdateMonitor: handleTimeUpdate
04-05 21:19:00.638  7756  7801 I chatty  : uid=1002(bluetooth) BT Service Call expire 91 lines
04-05 21:19:00.670 27221 27221 I chromium: [INFO:CONSOLE(25)] "No Content-Security-Policy meta tag found. Please add one when using the cordova-plugin-whitelist plugin.", source: file:///android_asset/www/plugins/cordova-plugin-whitelist/whitelist.js (25)
04-05 21:19:00.867  4482  4618 D PhoneInterfaceManager: [PhoneIntfMgr] getDataEnabled: subId=2 phoneId=0
04-05 21:19:00.868  4482  4618 D PhoneInterfaceManager: [PhoneIntfMgr] getDataEnabled: subId=2 retVal=true
04-05 21:19:00.884  4482  4494 D PhoneInterfaceManager: [PhoneIntfMgr] getDataEnabled: subId=2 phoneId=0
04-05 21:19:00.884   845   845 I MSM-irqbalance: Decided to move IRQ240 from CPU6 to CPU5
04-05 21:19:00.884  4482  4494 D PhoneInterfaceManager: [PhoneIntfMgr] getDataEnabled: subId=2 retVal=true
04-05 21:19:00.886  4482  5445 D PhoneInterfaceManager: [PhoneIntfMgr] getDataEnabled: subId=2 phoneId=0
04-05 21:19:00.886  4482  5445 D PhoneInterfaceManager: [PhoneIntfMgr] getDataEnabled: subId=2 retVal=true
04-05 21:19:01.436  9299  9299 W Settings: Setting preferred_network_mode has moved from android.provider.Settings.Secure to android.provider.Settings.Global.
04-05 21:19:02.211  9299  9299 W Settings: Setting preferred_network_mode has moved from android.provider.Settings.Secure to android.provider.Settings.Global.
04-05 21:19:02.213  9299  9299 W Settings: Setting preferred_network_mode has moved from android.provider.Settings.Secure to android.provider.Settings.Global.
04-05 21:19:02.850  9299  9299 W Settings: Setting preferred_network_mode has moved from android.provider.Settings.Secure to android.provider.Settings.Global.
04-05 21:19:02.865  7756  7940 I chatty  : uid=1002 bluetooth wake expire 10 lines
04-05 21:19:03.085  5056  5953 V ConnectivityManager: isActiveNetworkMetered() returns:true
04-05 21:19:03.830  9299  9299 W Settings: Setting preferred_network_mode has moved from android.provider.Settings.Secure to android.provider.Settings.Global.
04-05 21:19:03.876  4482  4618 D PhoneInterfaceManager: [PhoneIntfMgr] getDataEnabled: subId=2 phoneId=0
