* daemon not running. starting it now on port 5037 *
* daemon started successfully *
--------- beginning of crash
04-11 03:12:55.867   595   595 F libc    : unable to stat file for the executable "/system/bin/sh": Permission denied
04-11 03:12:55.867   595   595 F libc    : Fatal signal 6 (SIGABRT), code -6 in tid 595 (sh)
04-11 03:12:56.010   603   603 F DEBUG   : *** *** *** *** *** *** *** *** *** *** *** *** *** *** *** ***
04-11 03:12:56.011   603   603 F DEBUG   : Build fingerprint: 'unknown'
04-11 03:12:56.011   603   603 F DEBUG   : Revision: 'p2a0'
04-11 03:12:56.011   603   603 F DEBUG   : ABI: 'arm'
04-11 03:12:56.011   603   603 F DEBUG   : pid: 595, tid: 595, name: sh  >>> sh <<<
04-11 03:12:56.011   603   603 F DEBUG   : signal 6 (SIGABRT), code -6 (SI_TKILL), fault addr --------
04-11 03:12:56.011   603   603 F DEBUG   :     r0 00000000  r1 00000253  r2 00000006  r3 00000008
04-11 03:12:56.011   603   603 F DEBUG   :     r4 b4ae558c  r5 00000006  r6 b4ae5534  r7 0000010c
04-11 03:12:56.011   603   603 F DEBUG   :     r8 b4a78e30  r9 b4a81000  sl 00000000  fp bed65b14
04-11 03:12:56.011   603   603 F DEBUG   :     ip 0000000d  sp bed64870  lr b4ac582f  pc b4ac6248  cpsr 200f0010
04-11 03:12:56.071   603   603 F DEBUG   : 
04-11 03:12:56.071   603   603 F DEBUG   : backtrace:
04-11 03:12:56.071   603   603 F DEBUG   :     #00 pc 00045248  /system/bin/linker (__dl_tgkill+12)
04-11 03:12:56.071   603   603 F DEBUG   :     #01 pc 0004482b  /system/bin/linker (__dl_pthread_kill+34)
04-11 03:12:56.071   603   603 F DEBUG   :     #02 pc 0003cbcf  /system/bin/linker (__dl_raise+10)
04-11 03:12:56.071   603   603 F DEBUG   :     #03 pc 0003b68b  /system/bin/linker (__dl___libc_android_abort+34)
04-11 03:12:56.071   603   603 F DEBUG   :     #04 pc 0003a5ec  /system/bin/linker (__dl_abort+4)
04-11 03:12:56.071   603   603 F DEBUG   :     #05 pc 0003c6cb  /system/bin/linker (__dl___libc_fatal+22)
04-11 03:12:56.071   603   603 F DEBUG   :     #06 pc 000093a5  /system/bin/linker (__dl__ZL29__linker_init_post_relocationR19KernelArgumentBlockj+2228)
04-11 03:12:56.072   603   603 F DEBUG   :     #07 pc 00008a5b  /system/bin/linker (__dl___linker_init+358)
04-11 03:12:56.072   603   603 F DEBUG   :     #08 pc 00002770  /system/bin/linker (_start+4)
04-11 03:12:56.185   707   707 F libc    : unable to stat file for the executable "/system/bin/sh": Permission denied
04-11 03:12:56.185   707   707 F libc    : Fatal signal 6 (SIGABRT), code -6 in tid 707 (sh)
04-05 16:56:54.129   710   710 F DEBUG   : *** *** *** *** *** *** *** *** *** *** *** *** *** *** *** ***
04-05 16:56:54.130   710   710 F DEBUG   : Build fingerprint: 'unknown'
04-05 16:56:54.130   710   710 F DEBUG   : Revision: 'p2a0'
04-05 16:56:54.130   710   710 F DEBUG   : ABI: 'arm'
04-05 16:56:54.130   710   710 F DEBUG   : pid: 707, tid: 707, name: sh  >>> sh <<<
04-05 16:56:54.130   710   710 F DEBUG   : signal 6 (SIGABRT), code -6 (SI_TKILL), fault addr --------
04-05 16:56:54.130   710   710 F DEBUG   :     r0 00000000  r1 000002c3  r2 00000006  r3 00000008
04-05 16:56:54.130   710   710 F DEBUG   :     r4 b45ed58c  r5 00000006  r6 b45ed534  r7 0000010c
04-05 16:56:54.130   710   710 F DEBUG   :     r8 b4580e30  r9 b4589000  sl 00000000  fp befb2b14
04-05 16:56:54.130   710   710 F DEBUG   :     ip 0000000d  sp befb1870  lr b45cd82f  pc b45ce248  cpsr 200f0010
04-05 16:56:54.150   710   710 F DEBUG   : 
04-05 16:56:54.150   710   710 F DEBUG   : backtrace:
04-05 16:56:54.150   710   710 F DEBUG   :     #00 pc 00045248  /system/bin/linker (__dl_tgkill+12)
04-05 16:56:54.150   710   710 F DEBUG   :     #01 pc 0004482b  /system/bin/linker (__dl_pthread_kill+34)
04-05 16:56:54.150   710   710 F DEBUG   :     #02 pc 0003cbcf  /system/bin/linker (__dl_raise+10)
04-05 16:56:54.150   710   710 F DEBUG   :     #03 pc 0003b68b  /system/bin/linker (__dl___libc_android_abort+34)
04-05 16:56:54.150   710   710 F DEBUG   :     #04 pc 0003a5ec  /system/bin/linker (__dl_abort+4)
04-05 16:56:54.151   710   710 F DEBUG   :     #05 pc 0003c6cb  /system/bin/linker (__dl___libc_fatal+22)
04-05 16:56:54.151   710   710 F DEBUG   :     #06 pc 000093a5  /system/bin/linker (__dl__ZL29__linker_init_post_relocationR19KernelArgumentBlockj+2228)
04-05 16:56:54.151   710   710 F DEBUG   :     #07 pc 00008a5b  /system/bin/linker (__dl___linker_init+358)
04-05 16:56:54.151   710   710 F DEBUG   :     #08 pc 00002770  /system/bin/linker (_start+4)
--------- beginning of system
04-05 18:23:03.890  2708  4246 I chatty  : uid=1000(system) InputReader expire 6 lines
04-05 18:23:03.905   547   547 I SFPerfTracer:      triggers: (rate: 77:3541) (compose: 4:124) (post: 0:6) (render: 0:174) (47:73619 frames) (48:79482)
04-05 18:23:03.905   547   547 D SFPerfTracer:        layers: (4:12) (StatusBar (0xa888bc00): 2:17130) (com.google.android.apps.wallpaper.module.NoBackupImageWallpaper (0xa6c0bc00): 2:10936)* (animation background stackId=1 (0xa6c10c00): 0:29)* (DimLayerController/Stack=0 (0xa6c0f800): 0:654)* (Sprite (0xa6c61800): 0:14)* (com.premii.hn/com.premii.hn.MainActivity (0xa6c5f000): 0:7247)* (NavigationBar (0xa6c62c00): 2:764) (in.swifiic.vectors/in.swifiic.vectors.MainActivity (0xa6c0d000): 0:855)* (com.android.dialer/com.android.dialer.DialtactsActivity (0xa8888000): 2:424) (com.android.dialer/com.android.incallui.InCallActivity (0xa6c0e400): 48:740) (VolumeDialog (0xa8889400): 0:38)- ( (0xa6c60400): 0:29)- 
04-05 18:23:04.483   547   741 I SFPerfTracer:      triggers: (rate: 0:0) (35018 sw vsyncs) (0 skipped) (125:111337 vsyncs) (127:152079)
04-05 18:23:05.151  4359  4359 V KeyguardStatusView: refresh statusview showing:true
04-05 18:23:05.172  4359  4359 V KeyguardDisplayManager: show
04-05 18:23:29.312   547   741 I SFPerfTracer:      triggers: (rate: 0:0) (36054 sw vsyncs) (0 skipped) (0:111342 vsyncs) (1035:153122)
04-05 18:23:29.728  2708  2708 I chatty  : uid=1000 system_server expire 14 lines
04-05 18:23:29.796  2708  5159 I chatty  : uid=1000(system) Binder:2708_A expire 10 lines
04-05 18:23:29.820  2708  4837 I chatty  : uid=1000(system) Binder:2708_6 expire 13 lines
04-05 18:23:29.913  4359  4359 V KeyguardDisplayManager: hide
04-05 18:23:30.743   547   547 I SFPerfTracer:      triggers: (rate: 77:3547) (compose: 4:124) (post: 0:6) (render: 0:174) (26:73719 frames) (27:79604)
04-05 18:23:30.743   547   547 D SFPerfTracer:        layers: (3:13) (StatusBar (0xa888bc00): 27:17216) (com.google.android.apps.wallpaper.module.NoBackupImageWallpaper (0xa6c0bc00): 27:11019)* (animation background stackId=1 (0xa6c10c00): 0:29)* (DimLayerController/Stack=0 (0xa6c0f800): 0:654)* (Sprite (0xa6c61800): 0:14)* (com.premii.hn/com.premii.hn.MainActivity (0xa6c5f000): 0:7247)* (NavigationBar (0xa6c62c00): 0:782)- (in.swifiic.vectors/in.swifiic.vectors.MainActivity (0xa6c0d000): 0:855)* (com.android.dialer/com.android.dialer.DialtactsActivity (0xa8888000): 27:507) (com.android.dialer/com.android.incallui.InCallActivity (0xa6c0e400): 0:779)- (ColorFade (0xa6c60400): 0:32)- (AOD (0xa6c0e400): 0:27)- (NavigationBar (0xa6c60400): 27:45) 
04-05 18:23:31.432  2708  2989 I chatty  : uid=1000(system) ActivityManager expire 22 lines
04-05 18:23:33.263   547   547 I SFPerfTracer:      triggers: (rate: 77:3548) (compose: 4:124) (post: 0:6) (render: 0:174) (3:73812 frames) (4:79705)
04-05 18:23:33.264   547   547 D SFPerfTracer:        layers: (4:10) (StatusBar (0xa888bc00): 4:17259) (com.google.android.apps.wallpaper.module.NoBackupImageWallpaper (0xa6c0bc00): 4:11073) (animation background stackId=1 (0xa6c10c00): 0:29)* (DimLayerController/Stack=0 (0xa6c0f800): 0:654)* (Sprite (0xa6c61800): 0:14)* (com.premii.hn/com.premii.hn.MainActivity (0xa6c5f000): 0:7247)* (in.swifiic.vectors/in.swifiic.vectors.MainActivity (0xa6c0d000): 0:855)* (com.android.dialer/com.android.dialer.DialtactsActivity (0xa8888000): 0:541)* (NavigationBar (0xa6c60400): 4:85) (com.teslacoilsw.launcher/com.teslacoilsw.launcher.NovaLauncher (0xa6c0e400): 4:94) 
04-05 18:23:36.042   547   547 I SFPerfTracer:      triggers: (rate: 77:3550) (compose: 4:125) (post: 0:6) (render: 0:175) (10:73878 frames) (11:79789)
04-05 18:23:36.042   547   547 D SFPerfTracer:        layers: (4:13) (StatusBar (0xa888bc00): 11:17333) (com.google.android.apps.wallpaper.module.NoBackupImageWallpaper (0xa6c0bc00): 11:11146)* (animation background stackId=1 (0xa6c10c00): 0:30) (DimLayerController/Stack=0 (0xa6c0f800): 0:654)* (Sprite (0xa6c61800): 0:14)* (com.premii.hn/com.premii.hn.MainActivity (0xa6c5f000): 0:7247)* (in.swifiic.vectors/in.swifiic.vectors.MainActivity (0xa6c0d000): 0:855)* (com.android.dialer/com.android.dialer.DialtactsActivity (0xa8888000): 0:541)* (NavigationBar (0xa6c60400): 11:165) (com.teslacoilsw.launcher/com.teslacoilsw.launcher.NovaLauncher (0xa6c0e400): 0:126)- (com.facebook.mlite/com.facebook.mlite.threadview.view.ThreadViewActivity (0xa6c62c00): 11:69)* (Starting com.facebook.mlite (0xa6c0e400): 0:26)- (com.facebook.mlite/com.facebook.mlite.coreui.view.MainActivity (0xa8889400): 11:28) 
04-05 18:23:39.204   547   547 I SFPerfTracer:      triggers: (rate: 77:3551) (compose: 4:125) (post: 0:6) (render: 0:175) (51:73975 frames) (52:79893)
04-05 18:23:39.204   547   547 D SFPerfTracer:        layers: (3:11) (StatusBar (0xa888bc00): 1:17346) (com.google.android.apps.wallpaper.module.NoBackupImageWallpaper (0xa6c0bc00): 0:11156)* (animation background stackId=1 (0xa6c10c00): 0:31)* (DimLayerController/Stack=0 (0xa6c0f800): 0:654)* (Sprite (0xa6c61800): 0:14)* (com.premii.hn/com.premii.hn.MainActivity (0xa6c5f000): 0:7247)* (in.swifiic.vectors/in.swifiic.vectors.MainActivity (0xa6c0d000): 0:855)* (com.android.dialer/com.android.dialer.DialtactsActivity (0xa8888000): 0:541)* (NavigationBar (0xa6c60400): 0:175) (com.facebook.mlite/com.facebook.mlite.threadview.view.ThreadViewActivity (0xa6c62c00): 0:76)- (com.facebook.mlite/com.facebook.mlite.coreui.view.MainActivity (0xa8889400): 52:131) 
04-05 18:23:42.134   547   547 I SFPerfTracer:      triggers: (rate: 77:3553) (compose: 4:125) (post: 0:6) (render: 0:175) (0:74067 frames) (1:79993)
04-05 18:23:42.134   547   547 D SFPerfTracer:        layers: (3:10) (StatusBar (0xa888bc00): 0:17347) (com.google.android.apps.wallpaper.module.NoBackupImageWallpaper (0xa6c0bc00): 0:11156)* (animation background stackId=1 (0xa6c10c00): 0:31)* (DimLayerController/Stack=0 (0xa6c0f800): 0:654)* (Sprite (0xa6c61800): 0:14)* (com.premii.hn/com.premii.hn.MainActivity (0xa6c5f000): 0:7247)* (in.swifiic.vectors/in.swifiic.vectors.MainActivity (0xa6c0d000): 0:855)* (com.android.dialer/com.android.dialer.DialtactsActivity (0xa8888000): 0:541)* (NavigationBar (0xa6c60400): 0:175) (com.facebook.mlite/com.facebook.mlite.coreui.view.MainActivity (0xa8889400): 1:231) 
04-05 18:23:43.094  2708  2989 I chatty  : uid=1000(system) ActivityManager expire 23 lines
04-05 18:23:43.414   547   547 I SFPerfTracer:      triggers: (rate: 77:3554) (compose: 4:126) (post: 0:6) (render: 0:176) (12:74111 frames) (13:80042)
04-05 18:23:43.414   547   547 D SFPerfTracer:        layers: (5:11) (StatusBar (0xa888bc00): 13:17383) (com.google.android.apps.wallpaper.module.NoBackupImageWallpaper (0xa6c0bc00): 13:11192)* (animation background stackId=1 (0xa6c10c00): 1:32) (DimLayerController/Stack=0 (0xa6c0f800): 0:654)* (Sprite (0xa6c61800): 0:14)* (com.premii.hn/com.premii.hn.MainActivity (0xa6c5f000): 0:7247)* (in.swifiic.vectors/in.swifiic.vectors.MainActivity (0xa6c0d000): 0:855)* (com.android.dialer/com.android.dialer.DialtactsActivity (0xa8888000): 0:541)* (NavigationBar (0xa6c60400): 13:211) (com.facebook.mlite/com.facebook.mlite.coreui.view.MainActivity (0xa8889400): 13:280) (com.facebook.mlite/com.facebook.mlite.threadview.view.ThreadViewActivity (0xa6c0e400): 13:17) 
04-05 18:23:43.688  2708  2708 I chatty  : uid=1000 system_server expire 11 lines
04-05 18:23:45.101   547   547 I SFPerfTracer:       trigger: frame rate (-32.082%)	(40.751 fps)	(24.539 ms) 	(4 drops)	(19 frames)
04-05 18:23:45.101   547   547 I SFPerfTracer:      triggers: (rate: 78:3559) (compose: 4:126) (post: 0:6) (render: 0:177) (19:74144 frames) (20:80087)
04-05 18:23:45.101   547   547 D SFPerfTracer:        layers: (5:13) (StatusBar (0xa888bc00): 3:17407) (com.google.android.apps.wallpaper.module.NoBackupImageWallpaper (0xa6c0bc00): 3:11216)* (animation background stackId=1 (0xa6c10c00): 0:33)* (DimLayerController/Stack=0 (0xa6c0f800): 0:654)* (Sprite (0xa6c61800): 0:14)* (com.premii.hn/com.premii.hn.MainActivity (0xa6c5f000): 0:7247)* (in.swifiic.vectors/in.swifiic.vectors.MainActivity (0xa6c0d000): 0:855)* (com.android.dialer/com.android.dialer.DialtactsActivity (0xa8888000): 0:541)* (NavigationBar (0xa6c60400): 3:236) (com.facebook.mlite/com.facebook.mlite.coreui.view.MainActivity (0xa8889400): 0:291)- (com.facebook.mlite/com.facebook.mlite.threadview.view.ThreadViewActivity (0xa6c0e400): 4:44) (InputMethod (0xa8889400): 19:28) (SurfaceView - InputMethod (0xa6c62c00): 3:8) 
04-05 18:23:48.259   547   547 I SFPerfTracer:      triggers: (rate: 78:3573) (compose: 4:126) (post: 0:6) (render: 0:177) (3:74233 frames) (4:80190)
04-05 18:23:48.260   547   547 D SFPerfTracer:        layers: (5:12) (StatusBar (0xa888bc00): 0:17409) (com.google.android.apps.wallpaper.module.NoBackupImageWallpaper (0xa6c0bc00): 0:11216)* (animation background stackId=1 (0xa6c10c00): 0:33)* (DimLayerController/Stack=0 (0xa6c0f800): 0:654)* (Sprite (0xa6c61800): 0:14)* (com.premii.hn/com.premii.hn.MainActivity (0xa6c5f000): 0:7247)* (in.swifiic.vectors/in.swifiic.vectors.MainActivity (0xa6c0d000): 0:855)* (com.android.dialer/com.android.dialer.DialtactsActivity (0xa8888000): 0:541)* (NavigationBar (0xa6c60400): 0:236) (com.facebook.mlite/com.facebook.mlite.threadview.view.ThreadViewActivity (0xa6c0e400): 1:115) (InputMethod (0xa8889400): 4:83) (SurfaceView - InputMethod (0xa6c62c00): 0:8) 
04-05 18:23:48.842  2708  4374 I chatty  : uid=1000(system) Binder:2708_3 expire 31 lines
04-05 18:23:50.256   547   547 I SFPerfTracer:       trigger: frame rate (-42.016%)	(34.791 fps)	(28.743 ms) 	(4 drops)	(11 frames)
04-05 18:23:50.256   547   547 I SFPerfTracer:      triggers: (rate: 79:3582) (compose: 4:126) (post: 0:6) (render: 0:177) (11:74257 frames) (12:80222)
04-05 18:23:50.257   547   547 D SFPerfTracer:        layers: (5:12) (StatusBar (0xa888bc00): 0:17409) (com.google.android.apps.wallpaper.module.NoBackupImageWallpaper (0xa6c0bc00): 0:11216)* (animation background stackId=1 (0xa6c10c00): 0:33)* (DimLayerController/Stack=0 (0xa6c0f800): 0:654)* (Sprite (0xa6c61800): 0:14)* (com.premii.hn/com.premii.hn.MainActivity (0xa6c5f000): 0:7247)* (in.swifiic.vectors/in.swifiic.vectors.MainActivity (0xa6c0d000): 0:855)* (com.android.dialer/com.android.dialer.DialtactsActivity (0xa8888000): 0:541)* (NavigationBar (0xa6c60400): 0:236) (com.facebook.mlite/com.facebook.mlite.threadview.view.ThreadViewActivity (0xa6c0e400): 4:127) (InputMethod (0xa8889400): 9:109) (SurfaceView - InputMethod (0xa6c62c00): 0:8) 
04-05 18:23:55.149   547   547 I SFPerfTracer:      triggers: (rate: 79:3605) (compose: 4:126) (post: 0:6) (render: 0:177) (26:74355 frames) (27:80339)
04-05 18:23:55.149   547   547 D SFPerfTracer:        layers: (5:12) (StatusBar (0xa888bc00): 0:17411) (com.google.android.apps.wallpaper.module.NoBackupImageWallpaper (0xa6c0bc00): 0:11216)* (animation background stackId=1 (0xa6c10c00): 0:33)* (DimLayerController/Stack=0 (0xa6c0f800): 0:654)* (Sprite (0xa6c61800): 0:14)* (com.premii.hn/com.premii.hn.MainActivity (0xa6c5f000): 0:7247)* (in.swifiic.vectors/in.swifiic.vectors.MainActivity (0xa6c0d000): 0:855)* (com.android.dialer/com.android.dialer.DialtactsActivity (0xa8888000): 0:541)* (NavigationBar (0xa6c60400): 0:236) (com.facebook.mlite/com.facebook.mlite.threadview.view.ThreadViewActivity (0xa6c0e400): 26:208) (InputMethod (0xa8889400): 3:165) (SurfaceView - InputMethod (0xa6c62c00): 0:8) 
04-05 18:23:55.565   547   547 I SFPerfTracer:       trigger: frame rate (-47.334%)	(31.600 fps)	(31.646 ms) 	(5 drops)	(10 frames)
04-05 18:23:55.565   547   547 I SFPerfTracer:      triggers: (rate: 80:3610) (compose: 4:126) (post: 0:6) (render: 0:177) (10:74365 frames) (11:80350)
04-05 18:23:55.565   547   547 D SFPerfTracer:        layers: (5:12) (StatusBar (0xa888bc00): 0:17411) (com.google.android.apps.wallpaper.module.NoBackupImageWallpaper (0xa6c0bc00): 0:11216)* (animation background stackId=1 (0xa6c10c00): 0:33)* (DimLayerController/Stack=0 (0xa6c0f800): 0:654)* (Sprite (0xa6c61800): 0:14)* (com.premii.hn/com.premii.hn.MainActivity (0xa6c5f000): 0:7247)* (in.swifiic.vectors/in.swifiic.vectors.MainActivity (0xa6c0d000): 0:855)* (com.android.dialer/com.android.dialer.DialtactsActivity (0xa8888000): 0:541)* (NavigationBar (0xa6c60400): 0:236) (com.facebook.mlite/com.facebook.mlite.threadview.view.ThreadViewActivity (0xa6c0e400): 5:213) (InputMethod (0xa8889400): 8:173) (SurfaceView - InputMethod (0xa6c62c00): 0:8) 
04-05 18:23:55.803  2708  2708 I chatty  : uid=1000 system_server expire 14 lines
04-05 18:23:59.866  2708  2989 I chatty  : uid=1000(system) ActivityManager expire 25 lines
04-05 18:24:00.043   547   547 I SFPerfTracer:      triggers: (rate: 80:3618) (compose: 4:126) (post: 0:6) (render: 0:177) (59:74484 frames) (60:80483)
04-05 18:24:00.043   547   547 D SFPerfTracer:        layers: (3:13) (StatusBar (0xa888bc00): 1:17445) (com.google.android.apps.wallpaper.module.NoBackupImageWallpaper (0xa6c0bc00): 0:11249)* (animation background stackId=1 (0xa6c10c00): 0:33)* (DimLayerController/Stack=0 (0xa6c0f800): 0:654)* (Sprite (0xa6c61800): 0:14)* (com.premii.hn/com.premii.hn.MainActivity (0xa6c5f000): 0:7247)* (in.swifiic.vectors/in.swifiic.vectors.MainActivity (0xa6c0d000): 0:855)* (com.android.dialer/com.android.dialer.DialtactsActivity (0xa8888000): 0:541)* (NavigationBar (0xa6c60400): 0:293) (com.facebook.mlite/com.facebook.mlite.threadview.view.ThreadViewActivity (0xa6c0e400): 0:257)- (InputMethod (0xa8889400): 0:185)- (SurfaceView - InputMethod (0xa6c62c00): 0:8)- (com.facebook.mlite/com.facebook.mlite.coreui.view.MainActivity (0xa6c62c00): 60:81) 
04-05 18:24:00.715  2708  3166 I chatty  : uid=1000(system) android.display expire 12 lines
04-05 18:24:00.994   547   547 I SFPerfTracer:      triggers: (rate: 80:3618) (compose: 4:132) (post: 0:6) (render: 0:179) (12:74519 frames) (13:80523)
04-05 18:24:00.994   547   547 D SFPerfTracer:        layers: (5:11) (StatusBar (0xa888bc00): 13:17484) (com.google.android.apps.wallpaper.module.NoBackupImageWallpaper (0xa6c0bc00): 13:11284)* (animation background stackId=1 (0xa6c10c00): 1:34) (DimLayerController/Stack=0 (0xa6c0f800): 0:654)* (Sprite (0xa6c61800): 0:14)* (com.premii.hn/com.premii.hn.MainActivity (0xa6c5f000): 0:7247)* (in.swifiic.vectors/in.swifiic.vectors.MainActivity (0xa6c0d000): 0:855)* (com.android.dialer/com.android.dialer.DialtactsActivity (0xa8888000): 0:541)* (NavigationBar (0xa6c60400): 13:328) (com.facebook.mlite/com.facebook.mlite.coreui.view.MainActivity (0xa6c62c00): 13:117) (com.facebook.mlite/com.facebook.mlite.threadview.view.ThreadViewActivity (0xa6c0e400): 13:17) 
04-05 18:24:02.224   547   547 I SFPerfTracer:      triggers: (rate: 80:3623) (compose: 4:132) (post: 0:6) (render: 0:180) (19:74545 frames) (20:80552)
04-05 18:24:02.224   547   547 D SFPerfTracer:        layers: (3:11) (StatusBar (0xa888bc00): 2:17495) (com.google.android.apps.wallpaper.module.NoBackupImageWallpaper (0xa6c0bc00): 2:11295)* (animation background stackId=1 (0xa6c10c00): 0:35)* (DimLayerController/Stack=0 (0xa6c0f800): 0:654)* (Sprite (0xa6c61800): 0:14)* (com.premii.hn/com.premii.hn.MainActivity (0xa6c5f000): 0:7247)* (in.swifiic.vectors/in.swifiic.vectors.MainActivity (0xa6c0d000): 0:855)* (com.android.dialer/com.android.dialer.DialtactsActivity (0xa8888000): 0:541)* (NavigationBar (0xa6c60400): 2:339) (com.facebook.mlite/com.facebook.mlite.coreui.view.MainActivity (0xa6c62c00): 0:126)- (com.facebook.mlite/com.facebook.mlite.threadview.view.ThreadViewActivity (0xa6c0e400): 20:46) 
04-05 18:24:04.242  2708  2751 I chatty  : uid=1000(system) Binder:2708_1 expire 10 lines
04-05 18:24:10.312   547   547 I SFPerfTracer:      triggers: (rate: 80:3623) (compose: 4:132) (post: 0:6) (render: 0:180) (30:74668 frames) (31:80680)
04-05 18:24:10.312   547   547 D SFPerfTracer:        layers: (3:10) (StatusBar (0xa888bc00): 0:17495) (com.google.android.apps.wallpaper.module.NoBackupImageWallpaper (0xa6c0bc00): 0:11295)* (animation background stackId=1 (0xa6c10c00): 0:35)* (DimLayerController/Stack=0 (0xa6c0f800): 0:654)* (Sprite (0xa6c61800): 0:14)* (com.premii.hn/com.premii.hn.MainActivity (0xa6c5f000): 0:7247)* (in.swifiic.vectors/in.swifiic.vectors.MainActivity (0xa6c0d000): 0:855)* (com.android.dialer/com.android.dialer.DialtactsActivity (0xa8888000): 0:541)* (NavigationBar (0xa6c60400): 0:339) (com.facebook.mlite/com.facebook.mlite.threadview.view.ThreadViewActivity (0xa6c0e400): 31:174) 
04-05 18:24:14.607   547   547 I SFPerfTracer:      triggers: (rate: 80:3623) (compose: 4:132) (post: 0:6) (render: 0:180) (29:74767 frames) (30:80783)
04-05 18:24:14.608   547   547 D SFPerfTracer:        layers: (3:10) (StatusBar (0xa888bc00): 0:17497) (com.google.android.apps.wallpaper.module.NoBackupImageWallpaper (0xa6c0bc00): 0:11295)* (animation background stackId=1 (0xa6c10c00): 0:35)* (DimLayerController/Stack=0 (0xa6c0f800): 0:654)* (Sprite (0xa6c61800): 0:14)* (com.premii.hn/com.premii.hn.MainActivity (0xa6c5f000): 0:7247)* (in.swifiic.vectors/in.swifiic.vectors.MainActivity (0xa6c0d000): 0:855)* (com.android.dialer/com.android.dialer.DialtactsActivity (0xa8888000): 0:541)* (NavigationBar (0xa6c60400): 0:339) (com.facebook.mlite/com.facebook.mlite.threadview.view.ThreadViewActivity (0xa6c0e400): 30:275) 
04-05 18:24:18.285   547   547 I SFPerfTracer:      triggers: (rate: 80:3624) (compose: 4:132) (post: 0:6) (render: 0:180) (47:74908 frames) (48:80928)
04-05 18:24:18.285   547   547 D SFPerfTracer:        layers: (3:10) (StatusBar (0xa888bc00): 0:17499) (com.google.android.apps.wallpaper.module.NoBackupImageWallpaper (0xa6c0bc00): 0:11295)* (animation background stackId=1 (0xa6c10c00): 0:35)* (DimLayerController/Stack=0 (0xa6c0f800): 0:654)* (Sprite (0xa6c61800): 0:14)* (com.premii.hn/com.premii.hn.MainActivity (0xa6c5f000): 0:7247)* (in.swifiic.vectors/in.swifiic.vectors.MainActivity (0xa6c0d000): 0:855)* (com.android.dialer/com.android.dialer.DialtactsActivity (0xa8888000): 0:541)* (NavigationBar (0xa6c60400): 0:339) (com.facebook.mlite/com.facebook.mlite.threadview.view.ThreadViewActivity (0xa6c0e400): 48:420) 
04-05 18:24:18.309  2708  2989 I chatty  : uid=1000(system) ActivityManager expire 24 lines
04-05 18:24:18.956  2708  2708 I chatty  : uid=1000 system_server expire 18 lines
04-05 18:24:22.413   547   547 I SFPerfTracer:      triggers: (rate: 80:3628) (compose: 4:132) (post: 0:6) (render: 0:180) (45:75018 frames) (46:81045)
04-05 18:24:22.413   547   547 D SFPerfTracer:        layers: (3:10) (StatusBar (0xa888bc00): 0:17500) (com.google.android.apps.wallpaper.module.NoBackupImageWallpaper (0xa6c0bc00): 0:11295)* (animation background stackId=1 (0xa6c10c00): 0:35)* (DimLayerController/Stack=0 (0xa6c0f800): 0:654)* (Sprite (0xa6c61800): 0:14)* (com.premii.hn/com.premii.hn.MainActivity (0xa6c5f000): 0:7247)* (in.swifiic.vectors/in.swifiic.vectors.MainActivity (0xa6c0d000): 0:855)* (com.android.dialer/com.android.dialer.DialtactsActivity (0xa8888000): 0:541)* (NavigationBar (0xa6c60400): 0:339) (com.facebook.mlite/com.facebook.mlite.threadview.view.ThreadViewActivity (0xa6c0e400): 46:536) 
04-05 18:24:26.808   547   547 I SFPerfTracer:      triggers: (rate: 80:3628) (compose: 4:132) (post: 0:6) (render: 0:180) (37:75147 frames) (38:81178)
04-05 18:24:26.809   547   547 D SFPerfTracer:        layers: (3:10) (StatusBar (0xa888bc00): 0:17501) (com.google.android.apps.wallpaper.module.NoBackupImageWallpaper (0xa6c0bc00): 0:11295)* (animation background stackId=1 (0xa6c10c00): 0:35)* (DimLayerController/Stack=0 (0xa6c0f800): 0:654)* (Sprite (0xa6c61800): 0:14)* (com.premii.hn/com.premii.hn.MainActivity (0xa6c5f000): 0:7247)* (in.swifiic.vectors/in.swifiic.vectors.MainActivity (0xa6c0d000): 0:855)* (com.android.dialer/com.android.dialer.DialtactsActivity (0xa8888000): 0:541)* (NavigationBar (0xa6c60400): 0:339) (com.facebook.mlite/com.facebook.mlite.threadview.view.ThreadViewActivity (0xa6c0e400): 38:668) 
04-05 18:24:30.518  2708  5187 I chatty  : uid=1000(system) Binder:2708_B expire 13 lines
04-05 18:24:32.531   547   547 I SFPerfTracer:      triggers: (rate: 80:3629) (compose: 4:132) (post: 0:6) (render: 0:180) (28:75261 frames) (29:81296)
04-05 18:24:32.531   547   547 D SFPerfTracer:        layers: (3:10) (StatusBar (0xa888bc00): 0:17501) (com.google.android.apps.wallpaper.module.NoBackupImageWallpaper (0xa6c0bc00): 0:11295)* (animation background stackId=1 (0xa6c10c00): 0:35)* (DimLayerController/Stack=0 (0xa6c0f800): 0:654)* (Sprite (0xa6c61800): 0:14)* (com.premii.hn/com.premii.hn.MainActivity (0xa6c5f000): 0:7247)* (in.swifiic.vectors/in.swifiic.vectors.MainActivity (0xa6c0d000): 0:855)* (com.android.dialer/com.android.dialer.DialtactsActivity (0xa8888000): 0:541)* (NavigationBar (0xa6c60400): 0:339) (com.facebook.mlite/com.facebook.mlite.threadview.view.ThreadViewActivity (0xa6c0e400): 29:786) 
04-05 18:24:32.756  2708  4510 I chatty  : uid=1000(system) Binder:2708_5 expire 10 lines
04-05 18:24:33.666  2708  2989 I chatty  : uid=1000(system) ActivityManager expire 26 lines
04-05 18:24:38.509   547   547 I SFPerfTracer:      triggers: (rate: 80:3632) (compose: 4:132) (post: 0:6) (render: 0:180) (29:75379 frames) (30:81420)
04-05 18:24:38.509   547   547 D SFPerfTracer:        layers: (3:10) (StatusBar (0xa888bc00): 0:17503) (com.google.android.apps.wallpaper.module.NoBackupImageWallpaper (0xa6c0bc00): 0:11295)* (animation background stackId=1 (0xa6c10c00): 0:35)* (DimLayerController/Stack=0 (0xa6c0f800): 0:654)* (Sprite (0xa6c61800): 0:14)* (com.premii.hn/com.premii.hn.MainActivity (0xa6c5f000): 0:7247)* (in.swifiic.vectors/in.swifiic.vectors.MainActivity (0xa6c0d000): 0:855)* (com.android.dialer/com.android.dialer.DialtactsActivity (0xa8888000): 0:541)* (NavigationBar (0xa6c60400): 0:339) (com.facebook.mlite/com.facebook.mlite.threadview.view.ThreadViewActivity (0xa6c0e400): 30:909) 
04-05 18:24:45.464   547   547 I SFPerfTracer:      triggers: (rate: 80:3636) (compose: 4:132) (post: 0:6) (render: 0:180) (72:75540 frames) (73:81586)
04-05 18:24:45.464   547   547 D SFPerfTracer:        layers: (3:10) (StatusBar (0xa888bc00): 1:17504) (com.google.android.apps.wallpaper.module.NoBackupImageWallpaper (0xa6c0bc00): 0:11295)* (animation background stackId=1 (0xa6c10c00): 0:35)* (DimLayerController/Stack=0 (0xa6c0f800): 0:654)* (Sprite (0xa6c61800): 0:16)* (com.premii.hn/com.premii.hn.MainActivity (0xa6c5f000): 0:7247)* (in.swifiic.vectors/in.swifiic.vectors.MainActivity (0xa6c0d000): 0:855)* (com.android.dialer/com.android.dialer.DialtactsActivity (0xa8888000): 0:541)* (NavigationBar (0xa6c60400): 0:339) (com.facebook.mlite/com.facebook.mlite.threadview.view.ThreadViewActivity (0xa6c0e400): 73:1073) 
04-05 18:24:46.375  2708  2989 I chatty  : uid=1000(system) ActivityManager expire 28 lines
04-05 18:24:47.283   547   547 I SFPerfTracer:      triggers: (rate: 80:3636) (compose: 4:133) (post: 0:6) (render: 0:182) (11:75611 frames) (12:81680)
04-05 18:24:47.283   547   547 D SFPerfTracer:        layers: (6:15) (StatusBar (0xa888bc00): 12:17572) (com.google.android.apps.wallpaper.module.NoBackupImageWallpaper (0xa6c0bc00): 12:11363) (animation background stackId=1 (0xa6c10c00): 0:35)* (DimLayerController/Stack=0 (0xa6c0f800): 0:654)* (Sprite (0xa6c61800): 0:16)* (com.premii.hn/com.premii.hn.MainActivity (0xa6c5f000): 0:7247)* (in.swifiic.vectors/in.swifiic.vectors.MainActivity (0xa6c0d000): 0:855)* (com.android.dialer/com.android.dialer.DialtactsActivity (0xa8888000): 12:595) (NavigationBar (0xa6c60400): 12:432) (com.facebook.mlite/com.facebook.mlite.threadview.view.ThreadViewActivity (0xa6c0e400): 0:1094)* (com.android.systemui/com.android.systemui.recents.RecentsActivity (0xa6c62c00): 0:33)- (thumbnail anim (0xa8889400): 0:11)- (thumbnail anim (0xa888a800): 0:22)- (com.android.systemui/com.android.systemui.recents.RecentsActivity (0xa6c62c00): 12:24) (thumbnail anim (0xa888a800): 12:23) 
04-05 18:24:50.445   547   547 I SFPerfTracer:      triggers: (rate: 80:3636) (compose: 4:134) (post: 0:6) (render: 0:182) (11:75694 frames) (12:81783)
04-05 18:24:50.445   547   547 D SFPerfTracer:        layers: (5:14) (StatusBar (0xa888bc00): 12:17658) (com.google.android.apps.wallpaper.module.NoBackupImageWallpaper (0xa6c0bc00): 12:11449)* (animation background stackId=1 (0xa6c10c00): 1:36) (DimLayerController/Stack=0 (0xa6c0f800): 0:654)* (Sprite (0xa6c61800): 0:16)* (com.premii.hn/com.premii.hn.MainActivity (0xa6c5f000): 0:7247)* (in.swifiic.vectors/in.swifiic.vectors.MainActivity (0xa6c0d000): 0:855)* (com.android.dialer/com.android.dialer.DialtactsActivity (0xa8888000): 0:596)* (NavigationBar (0xa6c60400): 12:528) (com.facebook.mlite/com.facebook.mlite.threadview.view.ThreadViewActivity (0xa6c0e400): 0:1143)- (com.android.systemui/com.android.systemui.recents.RecentsActivity (0xa6c62c00): 0:56)- (thumbnail anim (0xa888a800): 0:21)- (com.facebook.mlite/com.facebook.mlite.coreui.view.MainActivity (0xa6c62c00): 12:54) (com.facebook.mlite/com.facebook.mlite.threadview.view.ThreadViewActivity (0xa6c0e400): 12:16) 
04-05 18:24:53.960  4359  4359 V DeadZone: consuming errant click: (288.0,15.0)
04-05 18:24:54.643  4359  4359 V DeadZone: consuming errant click: (279.0,32.0)
04-05 18:24:55.222  2708  2708 I chatty  : uid=1000 system_server expire 20 lines
04-05 18:24:56.552   547   741 I SFPerfTracer:      triggers: (rate: 0:0) (36054 sw vsyncs) (0 skipped) (5239:116581 vsyncs) (5241:158363)
04-05 18:24:56.721   547   547 I SFPerfTracer:      triggers: (rate: 80:3638) (compose: 4:134) (post: 0:6) (render: 0:183) (27:75735 frames) (28:81833)
04-05 18:24:56.721   547   547 D SFPerfTracer:        layers: (1:12) (StatusBar (0xa888bc00): 0:17675)* (com.google.android.apps.wallpaper.module.NoBackupImageWallpaper (0xa6c0bc00): 0:11463)* (animation background stackId=1 (0xa6c10c00): 0:37)* (DimLayerController/Stack=0 (0xa6c0f800): 0:654)* (Sprite (0xa6c61800): 0:16)* (com.premii.hn/com.premii.hn.MainActivity (0xa6c5f000): 0:7247)* (in.swifiic.vectors/in.swifiic.vectors.MainActivity (0xa6c0d000): 0:855)* (com.android.dialer/com.android.dialer.DialtactsActivity (0xa8888000): 0:596)* (NavigationBar (0xa6c60400): 0:542)* (com.facebook.mlite/com.facebook.mlite.coreui.view.MainActivity (0xa6c62c00): 0:66)- (com.facebook.mlite/com.facebook.mlite.threadview.view.ThreadViewActivity (0xa6c0e400): 0:34)* (ColorFade (0xa6c62c00): 28:29) 
04-05 18:24:56.854  2708  4393 I chatty  : uid=1000(system) Binder:2708_4 expire 10 lines
04-05 18:24:56.961  4359  4359 V KeyguardStatusView: refresh statusview showing:true
04-05 18:24:56.976  4359  4359 V KeyguardDisplayManager: show
04-05 18:25:00.472  2708  2989 I chatty  : uid=1000(system) ActivityManager expire 35 lines
04-05 18:25:03.303   547   741 I SFPerfTracer:      triggers: (rate: 0:0) (36416 sw vsyncs) (0 skipped) (0:116599 vsyncs) (361:158745)
04-05 18:25:07.098   547   547 I SFPerfTracer:      triggers: (rate: 80:3639) (compose: 4:134) (post: 0:6) (render: 0:184) (75:75822 frames) (76:81931)
04-05 18:25:07.098   547   547 D SFPerfTracer:        layers: (3:12) (StatusBar (0xa888bc00): 2:17699) (com.google.android.apps.wallpaper.module.NoBackupImageWallpaper (0xa6c0bc00): 0:11482) (animation background stackId=1 (0xa6c10c00): 0:37)* (DimLayerController/Stack=0 (0xa6c0f800): 0:654)* (Sprite (0xa6c61800): 0:16)* (com.premii.hn/com.premii.hn.MainActivity (0xa6c5f000): 0:7247)* (in.swifiic.vectors/in.swifiic.vectors.MainActivity (0xa6c0d000): 0:855)* (com.android.dialer/com.android.dialer.DialtactsActivity (0xa8888000): 0:596)* (NavigationBar (0xa6c60400): 0:552)- (com.facebook.mlite/com.facebook.mlite.threadview.view.ThreadViewActivity (0xa6c0e400): 0:53)* (ColorFade (0xa6c62c00): 0:31)- (AOD (0xa8889400): 76:94) 
04-05 18:25:07.128   547   741 I SFPerfTracer:      triggers: (rate: 0:0) (36416 sw vsyncs) (0 skipped) (228:116827 vsyncs) (230:158975)
04-05 18:25:10.563   547   741 I SFPerfTracer:      triggers: (rate: 0:5) (36418 sw vsyncs) (0 skipped) (197:117024 vsyncs) (200:159175)
04-05 18:25:13.995   547   741 I SFPerfTracer:      triggers: (rate: 0:5) (36518 sw vsyncs) (0 skipped) (0:117024 vsyncs) (101:159276)
04-05 18:25:14.085  2708  2753 I chatty  : uid=1000(system) Binder:2708_2 expire 10 lines
04-05 18:25:19.401  2708  3179 I chatty  : uid=1000(system) PowerManagerSer expire 10 lines
04-05 18:25:19.423  2708  3164 I chatty  : uid=1000(system) android.fg expire 10 lines
04-05 18:25:19.437  2708  5157 I chatty  : uid=1000(system) Binder:2708_9 expire 10 lines
04-05 18:25:19.543  4359  4359 V KeyguardDisplayManager: hide
04-05 18:25:19.572  2708  5188 I chatty  : uid=1000(system) Binder:2708_C expire 29 lines
04-05 18:25:20.652   547   547 I SFPerfTracer:      triggers: (rate: 80:3641) (compose: 4:134) (post: 0:6) (render: 0:184) (36:75933 frames) (37:82060)
04-05 18:25:20.653   547   547 D SFPerfTracer:        layers: (3:11) (StatusBar (0xa888bc00): 36:17781) (com.google.android.apps.wallpaper.module.NoBackupImageWallpaper (0xa6c0bc00): 36:11551)* (animation background stackId=1 (0xa6c10c00): 0:37)* (DimLayerController/Stack=0 (0xa6c0f800): 0:654)* (Sprite (0xa6c61800): 0:16)* (com.premii.hn/com.premii.hn.MainActivity (0xa6c5f000): 0:7247)* (in.swifiic.vectors/in.swifiic.vectors.MainActivity (0xa6c0d000): 0:855)* (com.android.dialer/com.android.dialer.DialtactsActivity (0xa8888000): 0:596)* (com.facebook.mlite/com.facebook.mlite.threadview.view.ThreadViewActivity (0xa6c0e400): 37:123) (AOD (0xa8889400): 0:155)- (NavigationBar (0xa8889400): 36:54) 
04-05 18:25:24.531   547   547 I SFPerfTracer:      triggers: (rate: 80:3652) (compose: 4:135) (post: 0:6) (render: 0:187) (80:76064 frames) (81:82203)
04-05 18:25:24.532   547   547 D SFPerfTracer:        layers: (5:12) (StatusBar (0xa888bc00): 76:17918) (com.google.android.apps.wallpaper.module.NoBackupImageWallpaper (0xa6c0bc00): 4:11571)* (animation background stackId=1 (0xa6c10c00): 0:37)* (DimLayerController/Stack=0 (0xa6c0f800): 0:654)* (Sprite (0xa6c61800): 0:16)* (com.premii.hn/com.premii.hn.MainActivity (0xa6c5f000): 0:7247)* (in.swifiic.vectors/in.swifiic.vectors.MainActivity (0xa6c0d000): 0:855)* (com.android.dialer/com.android.dialer.DialtactsActivity (0xa8888000): 0:596)* (com.facebook.mlite/com.facebook.mlite.threadview.view.ThreadViewActivity (0xa6c0e400): 6:146) (NavigationBar (0xa8889400): 4:74) (SurfaceView - InputMethod (0xa6c60400): 4:11) (InputMethod (0xa6c62c00): 31:36) 
04-05 18:25:29.774   547   547 I SFPerfTracer:      triggers: (rate: 80:3662) (compose: 4:135) (post: 0:6) (render: 0:187) (4:76135 frames) (5:82303)
04-05 18:25:29.774   547   547 D SFPerfTracer:        layers: (5:12) (StatusBar (0xa888bc00): 4:17978) (com.google.android.apps.wallpaper.module.NoBackupImageWallpaper (0xa6c0bc00): 0:11571)* (animation background stackId=1 (0xa6c10c00): 0:37)* (DimLayerController/Stack=0 (0xa6c0f800): 0:654)* (Sprite (0xa6c61800): 0:16)* (com.premii.hn/com.premii.hn.MainActivity (0xa6c5f000): 0:7247)* (in.swifiic.vectors/in.swifiic.vectors.MainActivity (0xa6c0d000): 0:855)* (com.android.dialer/com.android.dialer.DialtactsActivity (0xa8888000): 0:596)* (com.facebook.mlite/com.facebook.mlite.threadview.view.ThreadViewActivity (0xa6c0e400): 0:146) (NavigationBar (0xa8889400): 0:74) (SurfaceView - InputMethod (0xa6c60400): 0:11) (InputMethod (0xa6c62c00): 2:99) 
04-05 18:25:30.105  2708  2989 I chatty  : uid=1000(system) ActivityManager expire 21 lines
04-05 18:25:30.168  2708  2708 I chatty  : uid=1000 system_server expire 10 lines
04-05 18:25:32.155   547   547 I SFPerfTracer:       trigger: frame rate (-44.317%)	(33.410 fps)	(29.931 ms) 	(3 drops)	(10 frames)
04-05 18:25:32.155   547   547 I SFPerfTracer:      triggers: (rate: 81:3669) (compose: 4:135) (post: 0:6) (render: 0:187) (10:76160 frames) (11:82340)
04-05 18:25:32.155   547   547 D SFPerfTracer:        layers: (5:12) (StatusBar (0xa888bc00): 3:17994) (com.google.android.apps.wallpaper.module.NoBackupImageWallpaper (0xa6c0bc00): 0:11571)* (animation background stackId=1 (0xa6c10c00): 0:37)* (DimLayerController/Stack=0 (0xa6c0f800): 0:654)* (Sprite (0xa6c61800): 0:16)* (com.premii.hn/com.premii.hn.MainActivity (0xa6c5f000): 0:7247)* (in.swifiic.vectors/in.swifiic.vectors.MainActivity (0xa6c0d000): 0:855)* (com.android.dialer/com.android.dialer.DialtactsActivity (0xa8888000): 0:596)* (com.facebook.mlite/com.facebook.mlite.threadview.view.ThreadViewActivity (0xa6c0e400): 0:146) (NavigationBar (0xa8889400): 0:74) (SurfaceView - InputMethod (0xa6c60400): 0:11) (InputMethod (0xa6c62c00): 8:125) 
04-05 18:25:36.314   547   547 I SFPerfTracer:      triggers: (rate: 81:3689) (compose: 4:135) (post: 0:6) (render: 0:187) (4:76237 frames) (5:82441)
04-05 18:25:36.315   547   547 D SFPerfTracer:        layers: (5:12) (StatusBar (0xa888bc00): 3:18052) (com.google.android.apps.wallpaper.module.NoBackupImageWallpaper (0xa6c0bc00): 0:11571)* (animation background stackId=1 (0xa6c10c00): 0:37)* (DimLayerController/Stack=0 (0xa6c0f800): 0:654)* (Sprite (0xa6c61800): 0:16)* (com.premii.hn/com.premii.hn.MainActivity (0xa6c5f000): 0:7247)* (in.swifiic.vectors/in.swifiic.vectors.MainActivity (0xa6c0d000): 0:855)* (com.android.dialer/com.android.dialer.DialtactsActivity (0xa8888000): 0:596)* (com.facebook.mlite/com.facebook.mlite.threadview.view.ThreadViewActivity (0xa6c0e400): 0:148) (NavigationBar (0xa8889400): 0:74) (SurfaceView - InputMethod (0xa6c60400): 0:11) (InputMethod (0xa6c62c00): 5:187) 
04-05 18:25:39.695   547   547 I SFPerfTracer:      triggers: (rate: 81:3691) (compose: 4:135) (post: 0:6) (render: 0:187) (30:76334 frames) (31:82552)
04-05 18:25:39.695   547   547 D SFPerfTracer:        layers: (4:13) (StatusBar (0xa888bc00): 31:18159) (com.google.android.apps.wallpaper.module.NoBackupImageWallpaper (0xa6c0bc00): 31:11642)* (animation background stackId=1 (0xa6c10c00): 0:37)* (DimLayerController/Stack=0 (0xa6c0f800): 0:654)* (Sprite (0xa6c61800): 0:16)* (com.premii.hn/com.premii.hn.MainActivity (0xa6c5f000): 0:7247)* (in.swifiic.vectors/in.swifiic.vectors.MainActivity (0xa6c0d000): 0:855)* (com.android.dialer/com.android.dialer.DialtactsActivity (0xa8888000): 0:596)* (com.facebook.mlite/com.facebook.mlite.threadview.view.ThreadViewActivity (0xa6c0e400): 31:221) (NavigationBar (0xa8889400): 31:145) (SurfaceView - InputMethod (0xa6c60400): 0:12)- (InputMethod (0xa6c62c00): 0:198)- (Toast (0xa888a800): 31:69) 
04-05 18:25:41.478   547   547 I SFPerfTracer:      triggers: (rate: 81:3692) (compose: 4:135) (post: 0:6) (render: 0:187) (6:76430 frames) (7:82653)
04-05 18:25:41.479   547   547 D SFPerfTracer:        layers: (3:12) (StatusBar (0xa888bc00): 7:18254) (com.google.android.apps.wallpaper.module.NoBackupImageWallpaper (0xa6c0bc00): 7:11660)* (animation background stackId=1 (0xa6c10c00): 0:37)* (DimLayerController/Stack=0 (0xa6c0f800): 0:654)* (Sprite (0xa6c61800): 0:16)* (com.premii.hn/com.premii.hn.MainActivity (0xa6c5f000): 0:7247)* (in.swifiic.vectors/in.swifiic.vectors.MainActivity (0xa6c0d000): 0:855)* (com.android.dialer/com.android.dialer.DialtactsActivity (0xa8888000): 0:596)* (com.facebook.mlite/com.facebook.mlite.threadview.view.ThreadViewActivity (0xa6c0e400): 7:239) (NavigationBar (0xa8889400): 7:169) (Toast (0xa888a800): 0:70)- (com.facebook.mlite/com.facebook.mlite.coreui.view.MainActivity (0xa888a800): 2:2)* 
04-05 18:25:41.768  2708  5112 I chatty  : uid=1000(system) Binder:2708_7 expire 11 lines
04-05 18:25:42.925   547   547 I SFPerfTracer:      triggers: (rate: 81:3692) (compose: 4:137) (post: 0:6) (render: 0:188) (12:76497 frames) (13:82728)
04-05 18:25:42.925   547   547 D SFPerfTracer:        layers: (5:12) (StatusBar (0xa888bc00): 13:18299) (com.google.android.apps.wallpaper.module.NoBackupImageWallpaper (0xa6c0bc00): 13:11705)* (animation background stackId=1 (0xa6c10c00): 1:38) (DimLayerController/Stack=0 (0xa6c0f800): 0:654)* (Sprite (0xa6c61800): 0:16)* (com.premii.hn/com.premii.hn.MainActivity (0xa6c5f000): 0:7247)* (in.swifiic.vectors/in.swifiic.vectors.MainActivity (0xa6c0d000): 0:855)* (com.android.dialer/com.android.dialer.DialtactsActivity (0xa8888000): 0:596)* (com.facebook.mlite/com.facebook.mlite.threadview.view.ThreadViewActivity (0xa6c0e400): 0:257)- (NavigationBar (0xa8889400): 13:214) (com.facebook.mlite/com.facebook.mlite.coreui.view.MainActivity (0xa888a800): 13:77) (com.facebook.mlite/com.facebook.mlite.threadview.view.ThreadViewActivity (0xa6c0e400): 13:16) 
04-05 18:25:43.280  2708  2708 I chatty  : uid=1000 system_server expire 18 lines
04-05 18:25:43.827   547   547 I SFPerfTracer:      triggers: (rate: 81:3692) (compose: 4:137) (post: 0:6) (render: 0:189) (44:76548 frames) (45:82782)
04-05 18:25:43.827   547   547 D SFPerfTracer:        layers: (3:11) (StatusBar (0xa888bc00): 3:18311) (com.google.android.apps.wallpaper.module.NoBackupImageWallpaper (0xa6c0bc00): 3:11717)* (animation background stackId=1 (0xa6c10c00): 0:39)* (DimLayerController/Stack=0 (0xa6c0f800): 0:654)* (Sprite (0xa6c61800): 0:16)* (com.premii.hn/com.premii.hn.MainActivity (0xa6c5f000): 0:7247)* (in.swifiic.vectors/in.swifiic.vectors.MainActivity (0xa6c0d000): 0:855)* (com.android.dialer/com.android.dialer.DialtactsActivity (0xa8888000): 0:596)* (NavigationBar (0xa8889400): 3:226) (com.facebook.mlite/com.facebook.mlite.coreui.view.MainActivity (0xa888a800): 0:79)- (com.facebook.mlite/com.facebook.mlite.threadview.view.ThreadViewActivity (0xa6c0e400): 45:70) 
04-05 18:25:44.283  2708  2989 I chatty  : uid=1000(system) ActivityManager expire 26 lines
04-05 18:25:54.082   547   547 I SFPerfTracer:      triggers: (rate: 81:3697) (compose: 4:137) (post: 0:6) (render: 0:189) (593:77146 frames) (594:83384)
04-05 18:25:54.082   547   547 D SFPerfTracer:        layers: (5:12) (StatusBar (0xa888bc00): 9:18325) (com.google.android.apps.wallpaper.module.NoBackupImageWallpaper (0xa6c0bc00): 5:11727)* (animation background stackId=1 (0xa6c10c00): 0:39)* (DimLayerController/Stack=0 (0xa6c0f800): 0:654)* (Sprite (0xa6c61800): 0:16)* (com.premii.hn/com.premii.hn.MainActivity (0xa6c5f000): 0:7247)* (in.swifiic.vectors/in.swifiic.vectors.MainActivity (0xa6c0d000): 0:855)* (com.android.dialer/com.android.dialer.DialtactsActivity (0xa8888000): 0:596)* (NavigationBar (0xa8889400): 5:236) (com.facebook.mlite/com.facebook.mlite.threadview.view.ThreadViewActivity (0xa6c0e400): 591:669) (SurfaceView - InputMethod (0xa888a800): 5:10) (InputMethod (0xa6c60400): 130:135) 
04-05 18:25:55.047   547   547 I SFPerfTracer:       trigger: frame rate (-40.839%)	(35.497 fps)	(28.172 ms) 	(4 drops)	(13 frames)
04-05 18:25:55.048   547   547 I SFPerfTracer:      triggers: (rate: 82:3705) (compose: 4:137) (post: 0:6) (render: 0:189) (13:77167 frames) (14:83409)
04-05 18:25:55.048   547   547 D SFPerfTracer:        layers: (5:12) (StatusBar (0xa888bc00): 0:18325) (com.google.android.apps.wallpaper.module.NoBackupImageWallpaper (0xa6c0bc00): 0:11727)* (animation background stackId=1 (0xa6c10c00): 0:39)* (DimLayerController/Stack=0 (0xa6c0f800): 0:654)* (Sprite (0xa6c61800): 0:16)* (com.premii.hn/com.premii.hn.MainActivity (0xa6c5f000): 0:7247)* (in.swifiic.vectors/in.swifiic.vectors.MainActivity (0xa6c0d000): 0:855)* (com.android.dialer/com.android.dialer.DialtactsActivity (0xa8888000): 0:596)* (NavigationBar (0xa8889400): 0:236) (com.facebook.mlite/com.facebook.mlite.threadview.view.ThreadViewActivity (0xa6c0e400): 6:679) (SurfaceView - InputMethod (0xa888a800): 0:10) (InputMethod (0xa6c60400): 9:153) 
04-05 18:25:59.459   547   547 I SFPerfTracer:      triggers: (rate: 82:3719) (compose: 4:137) (post: 0:6) (render: 0:189) (47:77274 frames) (48:83533)
04-05 18:25:59.459   547   547 D SFPerfTracer:        layers: (5:12) (StatusBar (0xa888bc00): 0:18327) (com.google.android.apps.wallpaper.module.NoBackupImageWallpaper (0xa6c0bc00): 0:11727)* (animation background stackId=1 (0xa6c10c00): 0:39)* (DimLayerController/Stack=0 (0xa6c0f800): 0:654)* (Sprite (0xa6c61800): 0:16)* (com.premii.hn/com.premii.hn.MainActivity (0xa6c5f000): 0:7247)* (in.swifiic.vectors/in.swifiic.vectors.MainActivity (0xa6c0d000): 0:855)* (com.android.dialer/com.android.dialer.DialtactsActivity (0xa8888000): 0:596)* (NavigationBar (0xa8889400): 7:243) (com.facebook.mlite/com.facebook.mlite.threadview.view.ThreadViewActivity (0xa6c0e400): 48:774) (SurfaceView - InputMethod (0xa888a800): 0:10) (InputMethod (0xa6c60400): 0:196) 
04-05 18:25:59.478  2708  3166 I chatty  : uid=1000(system) android.display expire 10 lines
04-05 18:26:03.587   547   547 I SFPerfTracer:      triggers: (rate: 82:3719) (compose: 4:137) (post: 0:6) (render: 0:189) (236:77511 frames) (237:83772)
04-05 18:26:03.587   547   547 D SFPerfTracer:        layers: (3:11) (StatusBar (0xa888bc00): 6:18335) (com.google.android.apps.wallpaper.module.NoBackupImageWallpaper (0xa6c0bc00): 2:11731)* (animation background stackId=1 (0xa6c10c00): 0:39)* (DimLayerController/Stack=0 (0xa6c0f800): 0:654)* (Sprite (0xa6c61800): 0:16)* (com.premii.hn/com.premii.hn.MainActivity (0xa6c5f000): 0:7247)* (in.swifiic.vectors/in.swifiic.vectors.MainActivity (0xa6c0d000): 0:855)* (com.android.dialer/com.android.dialer.DialtactsActivity (0xa8888000): 0:596)* (NavigationBar (0xa8889400): 27:272) (com.facebook.mlite/com.facebook.mlite.threadview.view.ThreadViewActivity (0xa6c0e400): 232:1008) (InputMethod (0xa6c60400): 0:198)- 
04-05 18:26:04.527  2708  2708 I chatty  : uid=1000 system_server expire 12 lines
04-05 18:26:05.398  2708  2989 I chatty  : uid=1000(system) ActivityManager expire 14 lines
04-05 18:26:07.480   547   547 I SFPerfTracer:      triggers: (rate: 82:3719) (compose: 4:137) (post: 0:6) (render: 0:189) (110:77697 frames) (111:83965)
04-05 18:26:07.480   547   547 D SFPerfTracer:        layers: (5:12) (StatusBar (0xa888bc00): 4:18344) (com.google.android.apps.wallpaper.module.NoBackupImageWallpaper (0xa6c0bc00): 3:11738)* (animation background stackId=1 (0xa6c10c00): 0:39)* (DimLayerController/Stack=0 (0xa6c0f800): 0:654)* (Sprite (0xa6c61800): 0:16)* (com.premii.hn/com.premii.hn.MainActivity (0xa6c5f000): 0:7247)* (in.swifiic.vectors/in.swifiic.vectors.MainActivity (0xa6c0d000): 0:855)* (com.android.dialer/com.android.dialer.DialtactsActivity (0xa8888000): 0:596)* (NavigationBar (0xa8889400): 3:280) (com.facebook.mlite/com.facebook.mlite.threadview.view.ThreadViewActivity (0xa6c0e400): 108:1198) (SurfaceView - InputMethod (0xa6c60400): 3:8) (InputMethod (0xa6c62c00): 19:24) 
04-05 18:26:12.293   547   547 I SFPerfTracer:      triggers: (rate: 82:3731) (compose: 4:137) (post: 0:6) (render: 0:190) (146:77893 frames) (147:84171)
04-05 18:26:12.294   547   547 D SFPerfTracer:        layers: (5:12) (StatusBar (0xa888bc00): 1:18346) (com.google.android.apps.wallpaper.module.NoBackupImageWallpaper (0xa6c0bc00): 0:11738)* (animation background stackId=1 (0xa6c10c00): 0:39)* (DimLayerController/Stack=0 (0xa6c0f800): 0:654)* (Sprite (0xa6c61800): 0:16)* (com.premii.hn/com.premii.hn.MainActivity (0xa6c5f000): 0:7247)* (in.swifiic.vectors/in.swifiic.vectors.MainActivity (0xa6c0d000): 0:855)* (com.android.dialer/com.android.dialer.DialtactsActivity (0xa8888000): 0:596)* (NavigationBar (0xa8889400): 0:280) (com.facebook.mlite/com.facebook.mlite.threadview.view.ThreadViewActivity (0xa6c0e400): 144:1382) (SurfaceView - InputMethod (0xa6c60400): 0:8) (InputMethod (0xa6c62c00): 43:94) 
04-05 18:26:14.245  2708  5195 I chatty  : uid=1000(system) Binder:2708_D expire 10 lines
04-05 18:26:16.257   547   547 I SFPerfTracer:      triggers: (rate: 82:3735) (compose: 4:137) (post: 0:6) (render: 0:190) (2:77978 frames) (3:84273)
04-05 18:26:16.257   547   547 D SFPerfTracer:        layers: (5:12) (StatusBar (0xa888bc00): 1:18350) (com.google.android.apps.wallpaper.module.NoBackupImageWallpaper (0xa6c0bc00): 0:11738)* (animation background stackId=1 (0xa6c10c00): 0:39)* (DimLayerController/Stack=0 (0xa6c0f800): 0:654)* (Sprite (0xa6c61800): 0:16)* (com.premii.hn/com.premii.hn.MainActivity (0xa6c5f000): 0:7247)* (in.swifiic.vectors/in.swifiic.vectors.MainActivity (0xa6c0d000): 0:855)* (com.android.dialer/com.android.dialer.DialtactsActivity (0xa8888000): 0:596)* (NavigationBar (0xa8889400): 0:280) (com.facebook.mlite/com.facebook.mlite.threadview.view.ThreadViewActivity (0xa6c0e400): 2:1464) (SurfaceView - InputMethod (0xa6c60400): 0:8) (InputMethod (0xa6c62c00): 0:134) 
04-05 18:26:16.801  2708  2708 I chatty  : uid=1000 system_server expire 11 lines
04-05 18:26:21.582   547   547 I SFPerfTracer:      triggers: (rate: 82:3761) (compose: 4:137) (post: 0:6) (render: 0:190) (26:78078 frames) (27:84392)
04-05 18:26:21.582   547   547 D SFPerfTracer:        layers: (5:12) (StatusBar (0xa888bc00): 0:18351) (com.google.android.apps.wallpaper.module.NoBackupImageWallpaper (0xa6c0bc00): 0:11738)* (animation background stackId=1 (0xa6c10c00): 0:39)* (DimLayerController/Stack=0 (0xa6c0f800): 0:654)* (Sprite (0xa6c61800): 0:16)* (com.premii.hn/com.premii.hn.MainActivity (0xa6c5f000): 0:7247)* (in.swifiic.vectors/in.swifiic.vectors.MainActivity (0xa6c0d000): 0:855)* (com.android.dialer/com.android.dialer.DialtactsActivity (0xa8888000): 0:596)* (NavigationBar (0xa8889400): 0:280) (com.facebook.mlite/com.facebook.mlite.threadview.view.ThreadViewActivity (0xa6c0e400): 26:1543) (SurfaceView - InputMethod (0xa6c60400): 0:8) (InputMethod (0xa6c62c00): 6:200) 
04-05 18:26:22.331  2708  2989 I chatty  : uid=1000(system) ActivityManager expire 10 lines
