04-05 18:56:52.995   547   741 I SFPerfTracer:      triggers: (rate: 0:5) (128725 sw vsyncs) (0 skipped) (0:133328 vsyncs) (58:267849)
04-05 18:56:58.513  4359  4359 V KeyguardDisplayManager: hide
04-05 18:56:58.522  2708  4393 I chatty  : uid=1000(system) Binder:2708_4 expire 26 lines
04-05 18:56:58.671  2708  2708 I chatty  : uid=1000 system_server expire 13 lines
04-05 18:57:00.548   547   547 I SFPerfTracer:      triggers: (rate: 82:3961) (compose: 4:138) (post: 0:6) (render: 0:199) (18:82807 frames) (19:89764)
04-05 18:57:00.548   547   547 D SFPerfTracer:        layers: (3:12) (StatusBar (0xa888bc00): 0:19920) (com.google.android.apps.wallpaper.module.NoBackupImageWallpaper (0xa6c0bc00): 0:12718)* (animation background stackId=1 (0xa6c10c00): 0:41)* (DimLayerController/Stack=0 (0xa6c0f800): 0:680)* (Sprite (0xa6c61800): 0:16)* (com.premii.hn/com.premii.hn.MainActivity (0xa6c5f000): 0:7247)* (in.swifiic.vectors/in.swifiic.vectors.MainActivity (0xa6c0d000): 0:1270)* (com.android.dialer/com.android.dialer.DialtactsActivity (0xa8888000): 0:596)* (com.facebook.mlite/com.facebook.mlite.threadview.view.ThreadViewActivity (0xa71a9400): 0:1443)* (org.telegram.messenger/org.telegram.ui.LaunchActivity (0xa6c60400): 17:324) (AOD (0xa71a8000): 0:131)- (NavigationBar (0xa71a8000): 19:74) 
04-05 18:57:01.043  2708  7559 I chatty  : uid=1000(system) Binder:2708_F expire 10 lines
04-05 18:57:01.127  2708  2989 I chatty  : uid=1000(system) ActivityManager expire 76 lines
04-05 18:57:02.514   547   741 I SFPerfTracer:      triggers: (rate: 0:5) (128725 sw vsyncs) (0 skipped) (569:133897 vsyncs) (571:268420)
04-05 18:57:02.865  4359  4359 V KeyguardStatusView: refresh statusview showing:true
04-05 18:57:02.878  4359  4359 V KeyguardDisplayManager: show
04-05 18:57:07.195   547   547 I SFPerfTracer:      triggers: (rate: 82:3963) (compose: 4:138) (post: 0:6) (render: 0:199) (50:82931 frames) (51:89908)
04-05 18:57:07.195   547   547 D SFPerfTracer:        layers: (3:14) (StatusBar (0xa888bc00): 0:19983) (com.google.android.apps.wallpaper.module.NoBackupImageWallpaper (0xa6c0bc00): 0:12776) (animation background stackId=1 (0xa6c10c00): 0:41)* (DimLayerController/Stack=0 (0xa6c0f800): 0:680)* (Sprite (0xa6c61800): 0:16)* (com.premii.hn/com.premii.hn.MainActivity (0xa6c5f000): 0:7247)* (in.swifiic.vectors/in.swifiic.vectors.MainActivity (0xa6c0d000): 0:1270)* (com.android.dialer/com.android.dialer.DialtactsActivity (0xa8888000): 0:596)* (com.facebook.mlite/com.facebook.mlite.threadview.view.ThreadViewActivity (0xa71a9400): 0:1443)* (org.telegram.messenger/org.telegram.ui.LaunchActivity (0xa6c60400): 0:360)* (NavigationBar (0xa71a8000): 0:122)- (com.teslacoilsw.launcher/com.teslacoilsw.launcher.NovaLauncher (0xa6c0e400): 0:51)* (ColorFade (0xa6c62c00): 0:31)- (AOD (0xa71aa800): 51:71) 
04-05 18:57:11.377  2708  5188 I chatty  : uid=1000(system) Binder:2708_C expire 16 lines
04-05 18:57:14.670   547   741 I SFPerfTracer:      triggers: (rate: 0:5) (128805 sw vsyncs) (0 skipped) (629:134528 vsyncs) (631:269135)
04-05 18:57:14.844   547   547 I SFPerfTracer:      triggers: (rate: 82:3969) (compose: 4:138) (post: 0:6) (render: 0:199) (1:83019 frames) (2:90009)
04-05 18:57:14.844   547   547 D SFPerfTracer:        layers: (3:12) (StatusBar (0xa888bc00): 2:20001) (com.google.android.apps.wallpaper.module.NoBackupImageWallpaper (0xa6c0bc00): 0:12776) (animation background stackId=1 (0xa6c10c00): 0:41)* (DimLayerController/Stack=0 (0xa6c0f800): 0:680)* (Sprite (0xa6c61800): 0:16)* (com.premii.hn/com.premii.hn.MainActivity (0xa6c5f000): 0:7247)* (in.swifiic.vectors/in.swifiic.vectors.MainActivity (0xa6c0d000): 0:1270)* (com.android.dialer/com.android.dialer.DialtactsActivity (0xa8888000): 0:596)* (com.facebook.mlite/com.facebook.mlite.threadview.view.ThreadViewActivity (0xa71a9400): 0:1443)* (org.telegram.messenger/org.telegram.ui.LaunchActivity (0xa6c60400): 0:360)* (com.teslacoilsw.launcher/com.teslacoilsw.launcher.NovaLauncher (0xa6c0e400): 0:51)* (AOD (0xa71aa800): 0:156) 
04-05 18:58:03.615  2708  3013 I chatty  : uid=1000(system) batterystats-sy expire 11 lines
04-05 18:58:03.632  2708  2989 I chatty  : uid=1000(system) ActivityManager expire 46 lines
04-05 18:58:48.123  2708  2708 I chatty  : uid=1000 system_server expire 20 lines
04-05 18:58:48.134  2708  3166 I chatty  : uid=1000(system) android.display expire 17 lines
04-05 18:58:48.251  4359  4359 V KeyguardDisplayManager: hide
04-05 18:58:48.362   547   741 I SFPerfTracer:      triggers: (rate: 0:5) (134104 sw vsyncs) (0 skipped) (0:134545 vsyncs) (5298:274453)
04-05 18:58:48.561  2708  4374 I chatty  : uid=1000(system) Binder:2708_3 expire 10 lines
04-05 18:58:49.753  2708  4510 I chatty  : uid=1000(system) Binder:2708_5 expire 17 lines
04-05 18:58:49.798  2708  2989 I chatty  : uid=1000(system) ActivityManager expire 325 lines
04-05 18:58:49.928  2708  5195 I chatty  : uid=1000(system) Binder:2708_D expire 20 lines
04-05 18:58:50.086  1996  1996 D ActivityThread: Loading provider call_log: com.android.providers.contacts.CallLogProvider
04-05 18:58:50.117  1996  2011 D ActivityThread: Loading provider call_log_shadow: com.android.providers.contacts.ShadowCallLogProvider
04-05 18:58:50.463   547   547 I SFPerfTracer:      triggers: (rate: 82:3971) (compose: 4:139) (post: 0:6) (render: 0:202) (10:83079 frames) (11:90097)
04-05 18:58:50.463   547   547 D SFPerfTracer:        layers: (6:16) (StatusBar (0xa888bc00): 11:20081) (com.google.android.apps.wallpaper.module.NoBackupImageWallpaper (0xa6c0bc00): 11:12853) (animation background stackId=1 (0xa6c10c00): 0:41)* (DimLayerController/Stack=0 (0xa6c0f800): 0:680)* (Sprite (0xa6c61800): 0:16)* (com.premii.hn/com.premii.hn.MainActivity (0xa6c5f000): 0:7247)* (in.swifiic.vectors/in.swifiic.vectors.MainActivity (0xa6c0d000): 0:1270)* (com.android.dialer/com.android.dialer.DialtactsActivity (0xa8888000): 0:596)- (com.facebook.mlite/com.facebook.mlite.threadview.view.ThreadViewActivity (0xa71a9400): 0:1443)* (org.telegram.messenger/org.telegram.ui.LaunchActivity (0xa6c60400): 11:396) (com.teslacoilsw.launcher/com.teslacoilsw.launcher.NovaLauncher (0xa6c0e400): 0:93)- (AOD (0xa71aa800): 0:171)- (NavigationBar (0xa8888000): 11:79) (com.android.systemui/com.android.systemui.recents.RecentsActivity (0xa71aa800): 11:45) (thumbnail anim (0xa6c62c00): 0:12)- (thumbnail anim (0xa6c0e400): 11:22) 
04-05 18:58:51.033   547   547 I SFPerfTracer:      triggers: (rate: 82:3972) (compose: 4:139) (post: 0:6) (render: 0:205) (33:83112 frames) (34:90131)
04-05 18:58:51.033   547   547 D SFPerfTracer:        layers: (4:11) (StatusBar (0xa888bc00): 3:20084) (com.google.android.apps.wallpaper.module.NoBackupImageWallpaper (0xa6c0bc00): 3:12856) (animation background stackId=1 (0xa6c10c00): 0:41)* (DimLayerController/Stack=0 (0xa6c0f800): 0:680)* (Sprite (0xa6c61800): 0:16)* (com.premii.hn/com.premii.hn.MainActivity (0xa6c5f000): 0:7247)* (in.swifiic.vectors/in.swifiic.vectors.MainActivity (0xa6c0d000): 0:1270)* (com.facebook.mlite/com.facebook.mlite.threadview.view.ThreadViewActivity (0xa71a9400): 0:1443)* (org.telegram.messenger/org.telegram.ui.LaunchActivity (0xa6c60400): 1:397)* (NavigationBar (0xa8888000): 7:86) (com.android.systemui/com.android.systemui.recents.RecentsActivity (0xa71aa800): 33:78) 
04-05 18:58:52.181   547   547 I SFPerfTracer:      triggers: (rate: 82:3973) (compose: 4:140) (post: 0:6) (render: 0:207) (27:83158 frames) (28:90191)
04-05 18:58:52.182   547   547 D SFPerfTracer:        layers: (5:14) (StatusBar (0xa888bc00): 3:20118) (com.google.android.apps.wallpaper.module.NoBackupImageWallpaper (0xa6c0bc00): 3:12890)* (animation background stackId=1 (0xa6c10c00): 0:41)* (DimLayerController/Stack=0 (0xa6c0f800): 0:680)* (Sprite (0xa6c61800): 0:16)* (com.premii.hn/com.premii.hn.MainActivity (0xa6c5f000): 0:7247)* (in.swifiic.vectors/in.swifiic.vectors.MainActivity (0xa6c0d000): 0:1270)* (com.facebook.mlite/com.facebook.mlite.threadview.view.ThreadViewActivity (0xa71a9400): 0:1443)* (org.telegram.messenger/org.telegram.ui.LaunchActivity (0xa6c60400): 25:452) (NavigationBar (0xa8888000): 3:120) (com.android.systemui/com.android.systemui.recents.RecentsActivity (0xa71aa800): 0:106)- (thumbnail anim (0xa6c0e400): 0:20)- (InputMethod (0xa6c62c00): 7:16) (SurfaceView - InputMethod (0xa6c0e400): 3:10) 
04-05 18:58:54.966   547   547 I SFPerfTracer:      triggers: (rate: 82:3976) (compose: 4:140) (post: 0:6) (render: 0:207) (41:83292 frames) (42:90330)
04-05 18:58:54.966   547   547 D SFPerfTracer:        layers: (3:12) (StatusBar (0xa888bc00): 0:20122) (com.google.android.apps.wallpaper.module.NoBackupImageWallpaper (0xa6c0bc00): 0:12894)* (animation background stackId=1 (0xa6c10c00): 0:41)* (DimLayerController/Stack=0 (0xa6c0f800): 0:680)* (Sprite (0xa6c61800): 0:16)* (com.premii.hn/com.premii.hn.MainActivity (0xa6c5f000): 0:7247)* (in.swifiic.vectors/in.swifiic.vectors.MainActivity (0xa6c0d000): 0:1270)* (com.facebook.mlite/com.facebook.mlite.threadview.view.ThreadViewActivity (0xa71a9400): 0:1443)* (org.telegram.messenger/org.telegram.ui.LaunchActivity (0xa6c60400): 42:564) (NavigationBar (0xa8888000): 0:155) (InputMethod (0xa6c62c00): 0:18)- (SurfaceView - InputMethod (0xa6c0e400): 0:10)- 
04-05 18:58:57.297  2708  5159 I chatty  : uid=1000(system) Binder:2708_A expire 11 lines
04-05 18:58:57.802   547   547 I SFPerfTracer:      triggers: (rate: 82:3978) (compose: 4:140) (post: 0:6) (render: 0:207) (0:83384 frames) (1:90430)
04-05 18:58:57.802   547   547 D SFPerfTracer:        layers: (4:11) (StatusBar (0xa888bc00): 0:20136) (com.google.android.apps.wallpaper.module.NoBackupImageWallpaper (0xa6c0bc00): 0:12904)* (animation background stackId=1 (0xa6c10c00): 0:41)* (DimLayerController/Stack=0 (0xa6c0f800): 0:680)* (Sprite (0xa6c61800): 0:16)* (com.premii.hn/com.premii.hn.MainActivity (0xa6c5f000): 0:7247)* (in.swifiic.vectors/in.swifiic.vectors.MainActivity (0xa6c0d000): 0:1270)* (com.facebook.mlite/com.facebook.mlite.threadview.view.ThreadViewActivity (0xa71a9400): 0:1443)* (org.telegram.messenger/org.telegram.ui.LaunchActivity (0xa6c60400): 1:581) (NavigationBar (0xa8888000): 0:165) (org.telegram.messenger/org.telegram.ui.LaunchActivity (0xa6c0e400): 0:95) 
04-05 18:58:58.333   547   741 I SFPerfTracer:      triggers: (rate: 0:5) (134104 sw vsyncs) (0 skipped) (596:135141 vsyncs) (598:275051)
04-05 18:58:58.753  4359  4359 V KeyguardStatusView: refresh statusview showing:true
04-05 18:58:58.774  4359  4359 V KeyguardDisplayManager: show
04-05 18:59:03.737  2708  4240 I chatty  : uid=1000(system) UEventObserver expire 26 lines
04-05 19:00:05.068  2708  2708 I chatty  : uid=1000 system_server expire 12 lines
04-05 19:01:03.767  2708  5187 I chatty  : uid=1000(system) Binder:2708_B expire 15 lines
04-05 19:01:04.059  2708  7559 I chatty  : uid=1000(system) Binder:2708_F expire 10 lines
04-05 19:01:08.740  2708 11543 I chatty  : uid=1000(system) Binder:2708_10 expire 12 lines
04-05 19:01:45.555  2708  3013 I chatty  : uid=1000(system) batterystats-sy expire 30 lines
04-05 19:02:27.137  2263  2263 D ActivityThread: Loading provider com.whatsapp.provider.contact: com.whatsapp.contact.ContactProvider
04-05 19:02:27.664  2708  5157 I chatty  : uid=1000(system) Binder:2708_9 expire 15 lines
04-05 19:03:07.615  2708  2989 I chatty  : uid=1000(system) ActivityManager expire 796 lines
04-05 19:05:08.740  2708  5112 I chatty  : uid=1000(system) Binder:2708_7 expire 11 lines
04-05 19:08:05.179  2708  2753 I chatty  : uid=1000(system) Binder:2708_2 expire 16 lines
04-05 19:14:09.282  2853  2853 D ActivityThread: Loading provider com.google.android.gm.sapi: com.google.android.gm.sapi.SapiUiProvider
04-05 19:14:10.921  2708  5113 I chatty  : uid=1000(system) Binder:2708_8 expire 12 lines
04-05 19:14:10.946  2708  5188 I chatty  : uid=1000(system) Binder:2708_C expire 13 lines
04-05 19:14:12.970  2708  4837 I chatty  : uid=1000(system) Binder:2708_6 expire 18 lines
04-05 19:14:15.519  2708  3013 I chatty  : uid=1000(system) batterystats-sy expire 26 lines
04-05 19:14:16.789  2708  2708 I chatty  : uid=1000 system_server expire 13 lines
04-05 19:14:18.899  2708  2989 I chatty  : uid=1000(system) ActivityManager expire 1060 lines
04-05 19:14:27.242  2708  4240 I chatty  : uid=1000(system) UEventObserver expire 22 lines
04-05 19:14:27.243  2708  4510 I chatty  : uid=1000(system) Binder:2708_5 expire 15 lines
04-05 19:14:42.310  2708  5157 I chatty  : uid=1000(system) Binder:2708_9 expire 11 lines
04-05 19:14:42.356  2708  4374 I chatty  : uid=1000(system) Binder:2708_3 expire 16 lines
04-05 19:17:16.800  2708  7559 I chatty  : uid=1000(system) Binder:2708_F expire 11 lines
04-05 19:21:15.887  2708  4393 I chatty  : uid=1000(system) Binder:2708_4 expire 15 lines
04-05 19:30:01.581  4432  4432 D ActivityThread: Loading provider com.google.android.gm.sapi: com.google.android.gm.sapi.SapiUiProvider
04-05 19:30:08.697  2708  4240 I chatty  : uid=1000(system) UEventObserver expire 18 lines
04-05 19:30:22.168  2708  5113 I chatty  : uid=1000(system) Binder:2708_8 expire 13 lines
04-05 19:31:06.015  2708  5157 I chatty  : uid=1000(system) Binder:2708_9 expire 17 lines
04-05 19:31:07.942  2708 11543 I chatty  : uid=1000(system) Binder:2708_10 expire 10 lines
04-05 19:31:08.681  2708  5188 I chatty  : uid=1000(system) Binder:2708_C expire 14 lines
04-05 19:31:08.693  2708  5187 I chatty  : uid=1000(system) Binder:2708_B expire 12 lines
04-05 19:31:08.694  2708  2751 I chatty  : uid=1000(system) Binder:2708_1 expire 18 lines
04-05 19:31:08.740  2708  5112 I chatty  : uid=1000(system) Binder:2708_7 expire 16 lines
04-05 19:31:09.414  2708  5195 I chatty  : uid=1000(system) Binder:2708_D expire 10 lines
04-05 19:31:09.428  2708  2753 I chatty  : uid=1000(system) Binder:2708_2 expire 11 lines
04-05 19:31:10.664  2708  2989 I chatty  : uid=1000(system) ActivityManager expire 375 lines
04-05 19:32:08.749  2708  3013 I chatty  : uid=1000(system) batterystats-sy expire 14 lines
04-05 19:32:08.766  2708  2708 I chatty  : uid=1000 system_server expire 29 lines
04-05 19:36:58.951  4793  4793 D ActivityThread: Loading provider com.whatsapp.provider.contact: com.whatsapp.contact.ContactProvider
04-05 19:36:59.520  2708  7559 I chatty  : uid=1000(system) Binder:2708_F expire 11 lines
04-05 19:37:02.977  2708  2989 I chatty  : uid=1000(system) ActivityManager expire 174 lines
04-05 19:37:08.740  2708  5159 I chatty  : uid=1000(system) Binder:2708_A expire 12 lines
04-05 19:39:34.877  4468  4468 W ContextImpl: Calling a method in the system process without a qualified user: android.app.ContextImpl.sendBroadcast:920 android.content.ContextWrapper.sendBroadcast:426 com.motorola.blur.service.blur.BSUtils.sendBroadcast:158 com.motorola.blur.service.blur.BSUtils.sendBroadcast:154 com.motorola.ccc.plm.pollingmanager.PollingManagerService.sendRoamingIntent:210 
04-05 19:39:34.916  2708  2989 I chatty  : uid=1000(system) ActivityManager expire 112 lines
04-05 19:39:35.037  8073 12451 E ActivityThread: Failed to find provider info for com.motorola.ccc.cce.datausage
04-05 19:39:35.209  2708  5113 I chatty  : uid=1000(system) Binder:2708_8 expire 10 lines
04-05 19:39:35.590  2708  5213 I chatty  : uid=1000 system_server expire 1 line
04-05 19:39:35.650  2708  4521 I chatty  : uid=1000(system) uteStateMachine expire 17 lines
04-05 19:39:36.157  2708  5204 I chatty  : uid=1000(system) Binder:2708_E expire 25 lines
04-05 19:39:36.164  2708  4374 I chatty  : uid=1000(system) Binder:2708_3 expire 11 lines
04-05 19:39:36.166  2708  3179 I chatty  : uid=1000(system) PowerManagerSer expire 11 lines
04-05 19:39:36.718  2708  2708 I chatty  : uid=1000 system_server expire 18 lines
04-05 19:39:38.054  2708  4262 I chatty  : uid=1000(system) ConnectivitySer expire 12 lines
04-05 19:39:43.337  4468  4468 W ContextImpl: Calling a method in the system process without a qualified user: android.app.ContextImpl.sendBroadcast:920 android.content.ContextWrapper.sendBroadcast:426 com.motorola.blur.service.blur.BSUtils.sendBroadcast:158 com.motorola.blur.service.blur.BSUtils.sendBroadcast:154 com.motorola.ccc.plm.pollingmanager.PollingManagerService.sendRoamingIntent:210 
04-05 19:39:43.417  8073 12451 E ActivityThread: Failed to find provider info for com.motorola.ccc.cce.datausage
04-05 19:40:00.108  2708  5144 I chatty  : uid=1000 system_server expire 1 line
04-05 19:40:00.367  4359  4359 V KeyguardStatusView: refresh statusview showing:true
04-05 19:40:00.514  2708  2708 I chatty  : uid=1000 system_server expire 12 lines
04-05 19:40:00.540  2708  4837 I chatty  : uid=1000(system) Binder:2708_6 expire 10 lines
04-05 19:40:01.016  2708  5157 I chatty  : uid=1000(system) Binder:2708_9 expire 23 lines
04-05 19:40:01.017  2708  4510 I chatty  : uid=1000(system) Binder:2708_5 expire 10 lines
04-05 19:40:02.213  2708  7559 I chatty  : uid=1000(system) Binder:2708_F expire 11 lines
04-05 19:40:02.309  2708  5188 I chatty  : uid=1000(system) Binder:2708_C expire 16 lines
04-05 19:40:03.666  2708  5187 I chatty  : uid=1000(system) Binder:2708_B expire 10 lines
04-05 19:40:30.651  2708  5204 I chatty  : uid=1000(system) Binder:2708_E expire 10 lines
04-05 19:40:35.947  2708  2989 I chatty  : uid=1000(system) ActivityManager expire 269 lines
04-05 19:44:44.366  5966  5966 D ActivityThread: Loading provider com.google.android.gm.sapi: com.google.android.gm.sapi.SapiUiProvider
04-05 19:44:45.749  2708  2989 I chatty  : uid=1000(system) ActivityManager expire 796 lines
04-05 19:45:08.746  2708  3013 I chatty  : uid=1000(system) batterystats-sy expire 15 lines
04-05 19:45:11.097  2708  4240 I chatty  : uid=1000(system) UEventObserver expire 15 lines
04-05 19:45:23.749  2708  3166 I chatty  : uid=1000(system) android.display expire 10 lines
04-05 19:45:29.317   547   547 I chatty  : uid=1000(system) /system/bin/surfaceflinger expire 10 lines
04-05 19:46:11.260  2708  2751 I chatty  : uid=1000(system) Binder:2708_1 expire 14 lines
04-05 19:49:08.739  2708  5204 I chatty  : uid=1000(system) Binder:2708_E expire 11 lines
04-05 19:49:16.369  2708  2708 I chatty  : uid=1000 system_server expire 58 lines
04-05 19:51:08.739  2708  5113 I chatty  : uid=1000(system) Binder:2708_8 expire 17 lines
04-05 19:52:10.962   547   741 I chatty  : uid=1000(system) EventThread expire 63 lines
04-05 19:53:12.380  2708  5187 I chatty  : uid=1000(system) Binder:2708_B expire 10 lines
04-05 19:54:08.741  2708  4393 I chatty  : uid=1000(system) Binder:2708_4 expire 12 lines
04-05 19:57:22.851  6472  6472 D ActivityThread: Loading provider com.whatsapp.provider.contact: com.whatsapp.contact.ContactProvider
04-05 19:57:23.425  2708  2751 I chatty  : uid=1000(system) Binder:2708_1 expire 16 lines
04-05 19:57:23.432  2708  5195 I chatty  : uid=1000(system) Binder:2708_D expire 14 lines
04-05 19:57:23.736  2708  2753 I chatty  : uid=1000(system) Binder:2708_2 expire 18 lines
04-05 19:57:25.722  2708  2989 I chatty  : uid=1000(system) ActivityManager expire 1238 lines
04-05 19:58:13.178  2708  4240 I chatty  : uid=1000(system) UEventObserver expire 20 lines
04-05 19:59:08.740  2708 11543 I chatty  : uid=1000(system) Binder:2708_10 expire 10 lines
04-05 19:59:17.398  2708  5188 I chatty  : uid=1000(system) Binder:2708_C expire 11 lines
04-05 19:59:28.554  2708  3166 I chatty  : uid=1000(system) android.display expire 52 lines
04-05 19:59:38.084  2708  4374 I chatty  : uid=1000(system) Binder:2708_3 expire 10 lines
04-05 19:59:53.947   547   547 I chatty  : uid=1000(system) /system/bin/surfaceflinger expire 56 lines
04-05 20:00:08.739  2708  4510 I chatty  : uid=1000(system) Binder:2708_5 expire 10 lines
04-05 20:00:23.206  2708  7559 I chatty  : uid=1000(system) Binder:2708_F expire 12 lines
04-05 20:01:13.659  2708  5112 I chatty  : uid=1000(system) Binder:2708_7 expire 10 lines
04-05 20:04:08.739  2708  5157 I chatty  : uid=1000(system) Binder:2708_9 expire 10 lines
04-05 20:12:51.684  2708  3164 I chatty  : uid=1000(system) android.fg expire 11 lines
04-05 20:12:57.140  4359  4359 V KeyguardDisplayManager: hide
04-05 20:12:57.160  2708  2708 I chatty  : uid=1000 system_server expire 45 lines
04-05 20:12:57.161  2708  2989 I chatty  : uid=1000(system) ActivityManager expire 150 lines
04-05 20:12:57.227  2708  2753 I chatty  : uid=1000(system) Binder:2708_2 expire 11 lines
04-05 20:12:57.489  2708  2751 I chatty  : uid=1000(system) Binder:2708_1 expire 12 lines
04-05 20:13:00.945  2708  4393 I chatty  : uid=1000(system) Binder:2708_4 expire 10 lines
04-05 20:13:00.981  2708  3166 I chatty  : uid=1000(system) android.display expire 10 lines
04-05 20:13:01.497  2708  5195 I chatty  : uid=1000(system) Binder:2708_D expire 24 lines
04-05 20:13:07.269   547   547 I chatty  : uid=1000(system) /system/bin/surfaceflinger expire 20 lines
04-05 20:13:16.474  2708  4245 I chatty  : uid=1000(system) InputDispatcher expire 6 lines
04-05 20:13:20.086  2708  5157 I chatty  : uid=1000(system) Binder:2708_9 expire 11 lines
04-05 20:13:23.066  7308  7360 E ActivityThread: Failed to find provider info for com.facebook.katana.provider.AttributionIdProvider
04-05 20:13:23.070  7308  7356 E ActivityThread: Failed to find provider info for com.facebook.katana.provider.AttributionIdProvider
04-05 20:13:24.072  2708  4458 I chatty  : uid=1000(system) FLP Service Cal expire 1 line
04-05 20:13:32.822  2708 11543 I chatty  : uid=1000(system) Binder:2708_10 expire 12 lines
04-05 20:13:35.630  2708  4240 I chatty  : uid=1000(system) UEventObserver expire 10 lines
04-05 20:13:37.568  2708  2989 I chatty  : uid=1000(system) ActivityManager expire 965 lines
04-05 20:13:38.511  2708  2708 I chatty  : uid=1000 system_server expire 130 lines
04-05 20:13:39.240   547   547 I chatty  : uid=1000(system) /system/bin/surfaceflinger expire 70 lines
04-05 20:13:41.926  7308  7610 E ActivityThread: Failed to find provider info for com.facebook.katana.provider.AttributionIdProvider
04-05 20:13:41.988  2708  3166 I chatty  : uid=1000(system) android.display expire 15 lines
04-05 20:15:53.714  2708  4837 I chatty  : uid=1000(system) Binder:2708_6 expire 11 lines
04-05 20:15:55.703  2708  5112 I chatty  : uid=1000(system) Binder:2708_7 expire 10 lines
04-05 20:16:36.113  2708  4374 I chatty  : uid=1000(system) Binder:2708_3 expire 10 lines
04-05 20:16:53.994  8578  8578 D ActivityThread: Loading provider com.whatsapp.provider.contact: com.whatsapp.contact.ContactProvider
04-05 20:16:54.569  2708  5187 I chatty  : uid=1000(system) Binder:2708_B expire 11 lines
04-05 20:16:54.588  2708  5159 I chatty  : uid=1000(system) Binder:2708_A expire 11 lines
04-05 20:16:56.088  8691  8691 D ActivityThread: Loading provider call_log: com.android.providers.contacts.CallLogProvider
04-05 20:16:56.106  8691  8708 D ActivityThread: Loading provider call_log_shadow: com.android.providers.contacts.ShadowCallLogProvider
04-05 20:16:57.836   547   547 I chatty  : uid=1000(system) /system/bin/surfaceflinger expire 89 lines
04-05 20:17:03.956  2708  2989 I chatty  : uid=1000(system) ActivityManager expire 1485 lines
04-05 20:17:04.845  2708  2708 I chatty  : uid=1000 system_server expire 117 lines
04-05 20:18:25.433  2708  5113 I chatty  : uid=1000(system) Binder:2708_8 expire 18 lines
04-05 20:18:27.491  2708  5195 I chatty  : uid=1000(system) Binder:2708_D expire 24 lines
04-05 20:19:08.739  2708  4510 I chatty  : uid=1000(system) Binder:2708_5 expire 10 lines
04-05 20:19:21.865  2708  4837 I chatty  : uid=1000(system) Binder:2708_6 expire 17 lines
04-05 20:19:21.874  2708  5204 I chatty  : uid=1000(system) Binder:2708_E expire 10 lines
04-05 20:22:57.455  2708  4246 I chatty  : uid=1000(system) InputReader expire 5 lines
04-05 20:22:58.011   547   741 I chatty  : uid=1000(system) EventThread expire 10 lines
04-05 20:22:58.431  4359  4359 V KeyguardStatusView: refresh statusview showing:true
04-05 20:22:58.448  4359  4359 V KeyguardDisplayManager: show
04-05 20:23:00.480  2708  2980 I chatty  : uid=1000(system) android.bg expire 6 lines
04-05 20:23:02.166  2708  5159 I chatty  : uid=1000(system) Binder:2708_A expire 15 lines
04-05 20:23:37.229  2708  4240 I chatty  : uid=1000(system) UEventObserver expire 13 lines
04-05 20:23:49.570  2708  2989 I chatty  : uid=1000(system) ActivityManager expire 90 lines
04-05 20:24:03.978  2708  2708 I chatty  : uid=1000 system_server expire 17 lines
04-05 20:24:10.234   547   547 I chatty  : uid=1000(system) /system/bin/surfaceflinger expire 10 lines
04-05 20:25:24.558  4359  4359 V KeyguardDisplayManager: hide
04-05 20:25:25.453  2708  2989 I chatty  : uid=1000(system) ActivityManager expire 403 lines
04-05 20:25:27.046  2708  5188 I chatty  : uid=1000(system) Binder:2708_C expire 10 lines
04-05 20:25:33.017  2708  2996 I chatty  : uid=1000(system) android.ui expire 1 line
04-05 20:25:33.830  2708  2708 I chatty  : uid=1000 system_server expire 16 lines
04-05 20:25:33.957  4359  4359 V KeyguardStatusView: refresh statusview showing:true
04-05 20:25:33.974  4359  4359 V KeyguardDisplayManager: show
04-05 20:25:36.286  2708  5187 I chatty  : uid=1000(system) Binder:2708_B expire 21 lines
04-05 20:27:06.227  2708  2751 I chatty  : uid=1000(system) Binder:2708_1 expire 10 lines
04-05 20:28:44.826  2708  7559 I chatty  : uid=1000(system) Binder:2708_F expire 18 lines
04-05 20:28:55.196  2708  4240 I chatty  : uid=1000(system) UEventObserver expire 27 lines
04-05 20:31:17.807  2708  3166 I chatty  : uid=1000(system) android.display expire 12 lines
04-05 20:31:23.040  4359  4359 V KeyguardDisplayManager: hide
04-05 20:31:23.070  2708  5204 I chatty  : uid=1000(system) Binder:2708_E expire 19 lines
04-05 20:31:23.462   547   547 I chatty  : uid=1000(system) /system/bin/surfaceflinger expire 41 lines
04-05 20:31:23.851  4359  4359 V DeadZone: consuming errant click: (21.0,92.0)
04-05 20:31:26.526  2708  2989 I chatty  : uid=1000(system) ActivityManager expire 185 lines
04-05 20:31:30.283  2708  2708 I chatty  : uid=1000 system_server expire 42 lines
04-05 20:31:32.087  8578  8578 W ViewRootImpl[GroupChatInfo]: Dropping event due to no window focus: MotionEvent { action=ACTION_DOWN, actionButton=0, id[0]=0, x[0]=468.0, y[0]=128.0, toolType[0]=TOOL_TYPE_FINGER, buttonState=0, metaState=0, flags=0x0, edgeFlags=0x0, pointerCount=1, historySize=0, eventTime=11968457, downTime=11968457, deviceId=8, source=0x1002 }
04-05 20:31:32.141  8578  8578 W ViewRootImpl[GroupChatInfo]: Dropping event due to no window focus: MotionEvent { action=ACTION_MOVE, actionButton=0, id[0]=0, x[0]=470.0, y[0]=140.0, toolType[0]=TOOL_TYPE_FINGER, buttonState=0, metaState=0, flags=0x0, edgeFlags=0x0, pointerCount=1, historySize=0, eventTime=11968506, downTime=11968457, deviceId=8, source=0x1002 }
04-05 20:31:32.152  8578  8578 W ViewRootImpl[GroupChatInfo]: Dropping event due to no window focus: MotionEvent { action=ACTION_MOVE, actionButton=0, id[0]=0, x[0]=471.0, y[0]=146.0, toolType[0]=TOOL_TYPE_FINGER, buttonState=0, metaState=0, flags=0x0, edgeFlags=0x0, pointerCount=1, historySize=0, eventTime=11968514, downTime=11968457, deviceId=8, source=0x1002 }
04-05 20:31:32.153  8578  8578 W ViewRootImpl[GroupChatInfo]: Cancelling event due to no window focus: MotionEvent { action=ACTION_CANCEL, actionButton=0, id[0]=0, x[0]=471.0, y[0]=146.0, toolType[0]=TOOL_TYPE_FINGER, buttonState=0, metaState=0, flags=0x0, edgeFlags=0x0, pointerCount=1, historySize=0, eventTime=11968523, downTime=11968457, deviceId=8, source=0x1002 }
04-05 20:31:32.153  8578  8578 W ViewRootImpl[GroupChatInfo]: Cancelling event due to no window focus: MotionEvent { action=ACTION_CANCEL, actionButton=0, id[0]=0, x[0]=471.0, y[0]=146.0, toolType[0]=TOOL_TYPE_FINGER, buttonState=0, metaState=0, flags=0x0, edgeFlags=0x0, pointerCount=1, historySize=0, eventTime=11968523, downTime=11968457, deviceId=8, source=0x1002 }
04-05 20:31:32.153  8578  8578 W ViewRootImpl[GroupChatInfo]: Cancelling event due to no window focus: MotionEvent { action=ACTION_CANCEL, actionButton=0, id[0]=0, x[0]=471.0, y[0]=146.0, toolType[0]=TOOL_TYPE_FINGER, buttonState=0, metaState=0, flags=0x0, edgeFlags=0x0, pointerCount=1, historySize=0, eventTime=11968523, downTime=11968457, deviceId=8, source=0x1002 }
04-05 20:31:32.153  8578  8578 W ViewRootImpl[GroupChatInfo]: Cancelling event due to no window focus: MotionEvent { action=ACTION_CANCEL, actionButton=0, id[0]=0, x[0]=471.0, y[0]=146.0, toolType[0]=TOOL_TYPE_FINGER, buttonState=0, metaState=0, flags=0x0, edgeFlags=0x0, pointerCount=1, historySize=0, eventTime=11968523, downTime=11968457, deviceId=8, source=0x1002 }
04-05 20:31:32.188  2708  2753 I chatty  : uid=1000(system) Binder:2708_2 expire 10 lines
04-05 20:31:38.510  2708  4240 I chatty  : uid=1000(system) UEventObserver expire 24 lines
04-05 20:32:11.371  2708  5159 I chatty  : uid=1000(system) Binder:2708_A expire 25 lines
04-05 20:32:13.016  2708  3166 I chatty  : uid=1000(system) android.display expire 11 lines
04-05 20:32:19.644  4359  4359 V KeyguardStatusView: refresh statusview showing:true
04-05 20:32:19.665  4359  4359 V KeyguardDisplayManager: show
04-05 20:32:49.231  2708  2989 I chatty  : uid=1000(system) ActivityManager expire 290 lines
04-05 20:33:57.662   547   741 I chatty  : uid=1000(system) EventThread expire 16 lines
04-05 20:33:57.832   547   547 I chatty  : uid=1000(system) /system/bin/surfaceflinger expire 14 lines
04-05 20:35:39.152  2708  4510 I chatty  : uid=1000(system) Binder:2708_5 expire 14 lines
04-05 20:35:54.526  2708  2751 I chatty  : uid=1000(system) Binder:2708_1 expire 12 lines
04-05 20:36:12.545  2708  2708 I chatty  : uid=1000 system_server expire 11 lines
04-05 20:37:06.189  4359  4359 V KeyguardDisplayManager: hide
04-05 20:37:06.302  2708  3179 I chatty  : uid=1000(system) PowerManagerSer expire 9 lines
04-05 20:37:07.354  2708  2989 I chatty  : uid=1000(system) ActivityManager expire 44 lines
04-05 20:37:08.706  2708  5112 I chatty  : uid=1000(system) Binder:2708_7 expire 15 lines
04-05 20:37:17.676  2708  2708 I chatty  : uid=1000 system_server expire 13 lines
04-05 20:37:20.496  2708  5188 I chatty  : uid=1000(system) Binder:2708_C expire 15 lines
04-05 20:37:20.644  4359  4359 V KeyguardStatusView: refresh statusview showing:true
04-05 20:37:20.665  4359  4359 V KeyguardDisplayManager: show
04-05 20:37:20.733  2708  4374 I chatty  : uid=1000(system) Binder:2708_3 expire 11 lines
04-05 20:37:26.874  2708  3166 I chatty  : uid=1000(system) android.display expire 10 lines
04-05 20:37:38.252  2708  2989 I chatty  : uid=1000(system) ActivityManager expire 1071 lines
04-05 20:42:03.730  2708  3013 I chatty  : uid=1000(system) batterystats-sy expire 13 lines
04-05 20:46:13.303  2708  4393 I chatty  : uid=1000(system) Binder:2708_4 expire 13 lines
04-05 20:51:33.861  2708  5157 I chatty  : uid=1000(system) Binder:2708_9 expire 11 lines
04-05 20:54:49.327 10856 10856 D ActivityThread: Loading provider com.google.android.gm.sapi: com.google.android.gm.sapi.SapiUiProvider
04-05 20:54:52.156  2708  2989 I chatty  : uid=1000(system) ActivityManager expire 379 lines
04-05 20:55:42.350  2708  4240 I chatty  : uid=1000(system) UEventObserver expire 16 lines
04-05 20:57:08.741  2708 11543 I chatty  : uid=1000(system) Binder:2708_10 expire 11 lines
04-05 20:59:33.572  2708  5010 I chatty  : uid=1000(system) backup expire 186 lines
04-05 20:59:37.550 11483 11483 D ActivityThread: Loading provider call_log: com.android.providers.contacts.CallLogProvider
04-05 20:59:37.583 11483 11506 D ActivityThread: Loading provider call_log_shadow: com.android.providers.contacts.ShadowCallLogProvider
04-05 20:59:45.303  2708 11819 I chatty  : uid=1000(system) Binder:2708_11 expire 14 lines
04-05 20:59:50.071  2708  2989 I chatty  : uid=1000(system) ActivityManager expire 36 lines
04-05 20:59:59.317  2708  5113 I chatty  : uid=1000(system) Binder:2708_8 expire 11 lines
04-05 21:00:05.717 12350 12350 D ActivityThread: Loading provider com.google.android.gm.sapi: com.google.android.gm.sapi.SapiUiProvider
04-05 21:00:06.017  2708 11543 I chatty  : uid=1000(system) Binder:2708_10 expire 11 lines
04-05 21:00:06.531  2708  5159 I chatty  : uid=1000(system) Binder:2708_A expire 13 lines
04-05 21:00:08.157  2708  5157 I chatty  : uid=1000(system) Binder:2708_9 expire 11 lines
04-05 21:00:09.243  2708  5010 I chatty  : uid=1000(system) backup expire 34 lines
04-05 21:00:09.562  2708  2989 I chatty  : uid=1000(system) ActivityManager expire 378 lines
04-05 21:00:15.365 12791 12791 D ActivityThread: Loading provider call_log: com.android.providers.contacts.CallLogProvider
04-05 21:00:15.384 12791 12815 D ActivityThread: Loading provider call_log_shadow: com.android.providers.contacts.ShadowCallLogProvider
04-05 21:00:15.404  2708  4374 I chatty  : uid=1000(system) Binder:2708_3 expire 11 lines
04-05 21:00:15.897  2708  4510 I chatty  : uid=1000(system) Binder:2708_5 expire 11 lines
04-05 21:00:36.971  2708  5195 I chatty  : uid=1000(system) Binder:2708_D expire 10 lines
04-05 21:01:20.392   547   547 I chatty  : uid=1000(system) /system/bin/surfaceflinger expire 10 lines
04-05 21:01:22.995   547   741 I chatty  : uid=1000(system) EventThread expire 7 lines
04-05 21:02:00.276  2708  7559 I chatty  : uid=1000(system) Binder:2708_F expire 10 lines
04-05 21:02:08.740  2708  5204 I chatty  : uid=1000(system) Binder:2708_E expire 12 lines
04-05 21:02:43.472  2708  5187 I chatty  : uid=1000(system) Binder:2708_B expire 10 lines
04-05 21:03:39.243  2708  2751 I chatty  : uid=1000(system) Binder:2708_1 expire 10 lines
04-05 21:03:39.301  2708  3166 I chatty  : uid=1000(system) android.display expire 12 lines
04-05 21:03:40.945  2708  4837 I chatty  : uid=1000(system) Binder:2708_6 expire 10 lines
04-05 21:03:41.203  2708  5112 I chatty  : uid=1000(system) Binder:2708_7 expire 12 lines
04-05 21:03:42.194  2708  5188 I chatty  : uid=1000(system) Binder:2708_C expire 12 lines
04-05 21:03:49.531  4359  4359 V KeyguardDisplayManager: hide
04-05 21:03:50.922  2708  4240 I chatty  : uid=1000(system) UEventObserver expire 13 lines
04-05 21:03:50.930  2708  3013 I chatty  : uid=1000(system) batterystats-sy expire 6 lines
04-05 21:03:51.262  2708  4393 I chatty  : uid=1000(system) Binder:2708_4 expire 10 lines
04-05 21:03:51.363  2708  2989 I chatty  : uid=1000(system) ActivityManager expire 363 lines
04-05 21:04:13.968  2708  4262 I chatty  : uid=1000(system) ConnectivitySer expire 7 lines
04-05 21:04:46.570  2708  3996 I chatty  : uid=1000(system) PackageManager expire 10 lines
04-05 21:04:50.620  2708  3165 I chatty  : uid=1000(system) android.io expire 34 lines
04-05 21:04:51.164  2708  2708 I chatty  : uid=1000 system_server expire 23 lines
04-05 21:04:51.257 12856 12856 W ContextImpl: Calling a method in the system process without a qualified user: android.app.ContextImpl.startService:1385 android.content.ContextWrapper.startService:613 android.content.ContextWrapper.startService:613 com.android.settings.bluetooth.DockEventReceiver.beginStartingService:134 com.android.settings.bluetooth.DockEventReceiver.onReceive:115 
04-05 21:04:51.440  2708  2989 I chatty  : uid=1000(system) ActivityManager expire 227 lines
04-05 21:04:51.455  2708  5113 I chatty  : uid=1000(system) Binder:2708_8 expire 12 lines
04-05 21:04:51.619 13193 13847 E ActivityThread: Failed to find provider info for com.guruinfomedia.notepad.texteditor.elephantprovider
04-05 21:04:52.492 13193 13851 E ActivityThread: Failed to find provider info for com.guruinfomedia.notepad.texteditor.elephantprovider
04-05 21:04:52.499 13193 13851 E ActivityThread: Failed to find provider info for com.guruinfomedia.notepad.texteditor.elephantprovider
04-05 21:04:52.501 13193 13851 E ActivityThread: Failed to find provider info for com.guruinfomedia.notepad.texteditor.elephantprovider
04-05 21:04:52.600 13957 13957 W ContextImpl: Calling a method in the system process without a qualified user: android.app.ContextImpl.startService:1385 android.content.ContextWrapper.startService:613 android.content.ContextWrapper.startService:613 com.android.keychain.KeyChainBroadcastReceiver.onReceive:12 android.app.ActivityThread.handleReceiver:3032 
04-05 21:04:52.712  2708  5157 I chatty  : uid=1000(system) Binder:2708_9 expire 13 lines
04-05 21:04:54.045 12856 12856 W ContextImpl: Calling a method in the system process without a qualified user: android.app.ContextImpl.startService:1385 android.content.ContextWrapper.startService:613 android.content.ContextWrapper.startService:613 com.android.settings.bluetooth.DockEventReceiver.beginStartingService:134 com.android.settings.bluetooth.DockEventReceiver.onReceive:115 
04-05 21:04:54.054 13818 13909 E ActivityThread: Failed to find provider info for com.facebook.katana.provider.AttributionIdProvider
04-05 21:04:54.595  2708  2753 I chatty  : uid=1000(system) Binder:2708_2 expire 11 lines
04-05 21:04:54.844 12856 12856 W ContextImpl: Calling a method in the system process without a qualified user: android.app.ContextImpl.startService:1385 android.content.ContextWrapper.startService:613 android.content.ContextWrapper.startService:613 com.android.settings.bluetooth.DockEventReceiver.beginStartingService:134 com.android.settings.bluetooth.DockEventReceiver.onReceive:115 
04-05 21:05:08.172  2708 11819 I chatty  : uid=1000(system) Binder:2708_11 expire 14 lines
04-05 21:05:13.655  2708  4240 I chatty  : uid=1000(system) UEventObserver expire 10 lines
04-05 21:05:26.520   547   547 I chatty  : uid=1000(system) /system/bin/surfaceflinger expire 10 lines
04-05 21:05:30.413  4359  4359 V KeyguardStatusView: refresh statusview showing:true
04-05 21:05:30.475  4359  4359 V KeyguardDisplayManager: show
04-05 21:05:31.679  4359  4359 V KeyguardDisplayManager: hide
04-05 21:05:31.705  2708  2751 I chatty  : uid=1000(system) Binder:2708_1 expire 13 lines
04-05 21:05:31.748  2708  4393 I chatty  : uid=1000(system) Binder:2708_4 expire 13 lines
04-05 21:05:33.133  2708  5112 I chatty  : uid=1000(system) Binder:2708_7 expire 13 lines
04-05 21:05:40.163  2708  4510 I chatty  : uid=1000(system) Binder:2708_5 expire 13 lines
04-05 21:05:40.180 14012 14012 E ActivityThread: Activity in.swifiic.vectors.MainActivity has leaked ServiceConnection in.swifiic.vectors.MainActivity$3@97bf02f that was originally bound here
04-05 21:05:40.180 14012 14012 E ActivityThread: android.app.ServiceConnectionLeaked: Activity in.swifiic.vectors.MainActivity has leaked ServiceConnection in.swifiic.vectors.MainActivity$3@97bf02f that was originally bound here
04-05 21:05:40.180 14012 14012 E ActivityThread: 	at android.app.LoadedApk$ServiceDispatcher.<init>(LoadedApk.java:1336)
04-05 21:05:40.180 14012 14012 E ActivityThread: 	at android.app.LoadedApk.getServiceDispatcher(LoadedApk.java:1231)
04-05 21:05:40.180 14012 14012 E ActivityThread: 	at android.app.ContextImpl.bindServiceCommon(ContextImpl.java:1478)
04-05 21:05:40.180 14012 14012 E ActivityThread: 	at android.app.ContextImpl.bindService(ContextImpl.java:1450)
04-05 21:05:40.180 14012 14012 E ActivityThread: 	at android.content.ContextWrapper.bindService(ContextWrapper.java:636)
04-05 21:05:40.180 14012 14012 E ActivityThread: 	at in.swifiic.vectors.MainActivity.startApp(MainActivity.java:149)
04-05 21:05:40.180 14012 14012 E ActivityThread: 	at in.swifiic.vectors.MainActivity.onCreate(MainActivity.java:208)
04-05 21:05:40.180 14012 14012 E ActivityThread: 	at android.app.Activity.performCreate(Activity.java:6672)
04-05 21:05:40.180 14012 14012 E ActivityThread: 	at android.app.Instrumentation.callActivityOnCreate(Instrumentation.java:1140)
04-05 21:05:40.180 14012 14012 E ActivityThread: 	at android.app.ActivityThread.performLaunchActivity(ActivityThread.java:2612)
04-05 21:05:40.180 14012 14012 E ActivityThread: 	at android.app.ActivityThread.handleLaunchActivity(ActivityThread.java:2724)
04-05 21:05:40.180 14012 14012 E ActivityThread: 	at android.app.ActivityThread.-wrap12(ActivityThread.java)
04-05 21:05:40.180 14012 14012 E ActivityThread: 	at android.app.ActivityThread$H.handleMessage(ActivityThread.java:1473)
04-05 21:05:40.180 14012 14012 E ActivityThread: 	at android.os.Handler.dispatchMessage(Handler.java:102)
04-05 21:05:40.180 14012 14012 E ActivityThread: 	at android.os.Looper.loop(Looper.java:154)
04-05 21:05:40.180 14012 14012 E ActivityThread: 	at android.app.ActivityThread.main(ActivityThread.java:6123)
04-05 21:05:40.180 14012 14012 E ActivityThread: 	at java.lang.reflect.Method.invoke(Native Method)
04-05 21:05:40.180 14012 14012 E ActivityThread: 	at com.android.internal.os.ZygoteInit$MethodAndArgsCaller.run(ZygoteInit.java:867)
04-05 21:05:40.180 14012 14012 E ActivityThread: 	at com.android.internal.os.ZygoteInit.main(ZygoteInit.java:757)
04-05 21:05:40.247  2708  2989 I chatty  : uid=1000(system) ActivityManager expire 32 lines
04-05 21:05:40.809  2708  3165 I chatty  : uid=1000(system) android.io expire 27 lines
04-05 21:05:40.830  2708  2708 I chatty  : uid=1000 system_server expire 12 lines
04-05 21:05:40.864 12856 12856 W ContextImpl: Calling a method in the system process without a qualified user: android.app.ContextImpl.startService:1385 android.content.ContextWrapper.startService:613 android.content.ContextWrapper.startService:613 com.android.settings.bluetooth.DockEventReceiver.beginStartingService:134 com.android.settings.bluetooth.DockEventReceiver.onReceive:115 
04-05 21:05:40.956 12856 12856 W ContextImpl: Calling a method in the system process without a qualified user: android.app.ContextImpl.startService:1385 android.content.ContextWrapper.startService:613 android.content.ContextWrapper.startService:613 com.android.settings.bluetooth.DockEventReceiver.beginStartingService:134 com.android.settings.bluetooth.DockEventReceiver.onReceive:115 
04-05 21:05:44.241 12856 12856 W ContextImpl: Calling a method in the system process without a qualified user: android.app.ContextImpl.startService:1385 android.content.ContextWrapper.startService:613 android.content.ContextWrapper.startService:613 com.android.settings.bluetooth.DockEventReceiver.beginStartingService:134 com.android.settings.bluetooth.DockEventReceiver.onReceive:115 
04-05 21:05:48.380  2708 11543 I chatty  : uid=1000(system) Binder:2708_10 expire 10 lines
04-05 21:05:48.415   547   547 I chatty  : uid=1000(system) /system/bin/surfaceflinger expire 19 lines
04-05 21:05:48.669  2708  4374 I chatty  : uid=1000(system) Binder:2708_3 expire 15 lines
04-05 21:06:11.230 12856 12856 W ContextImpl: Calling a method in the system process without a qualified user: android.app.ContextImpl.startService:1385 android.content.ContextWrapper.startService:613 android.content.ContextWrapper.startService:613 com.android.settings.bluetooth.DockEventReceiver.beginStartingService:134 com.android.settings.bluetooth.DockEventReceiver.onReceive:115 
04-05 21:06:11.287  2708  3165 I chatty  : uid=1000(system) android.io expire 22 lines
04-05 21:06:11.346 12856 12856 W ContextImpl: Calling a method in the system process without a qualified user: android.app.ContextImpl.startService:1385 android.content.ContextWrapper.startService:613 android.content.ContextWrapper.startService:613 com.android.settings.bluetooth.DockEventReceiver.beginStartingService:134 com.android.settings.bluetooth.DockEventReceiver.onReceive:115 
04-05 21:06:12.251 14626 14626 W ContextImpl: Calling a method in the system process without a qualified user: android.app.ContextImpl.startService:1385 android.content.ContextWrapper.startService:613 android.content.ContextWrapper.startService:613 com.android.keychain.KeyChainBroadcastReceiver.onReceive:12 android.app.ActivityThread.handleReceiver:3032 
04-05 21:06:12.449 14641 14641 D ActivityThread: Loading provider call_log: com.android.providers.contacts.CallLogProvider
04-05 21:06:12.558 14641 14660 D ActivityThread: Loading provider call_log_shadow: com.android.providers.contacts.ShadowCallLogProvider
04-05 21:06:13.388  2708  7559 I chatty  : uid=1000(system) Binder:2708_F expire 10 lines
04-05 21:06:13.965  2708  3166 I chatty  : uid=1000(system) android.display expire 17 lines
04-05 21:06:14.513  2708  2989 I chatty  : uid=1000(system) ActivityManager expire 27 lines
04-05 21:06:14.528  2708  5188 I chatty  : uid=1000(system) Binder:2708_C expire 10 lines
04-05 21:06:14.538  2708  2708 I chatty  : uid=1000 system_server expire 10 lines
04-05 21:06:14.551  2708  5195 I chatty  : uid=1000(system) Binder:2708_D expire 14 lines
04-05 21:06:14.683 12856 12856 W ContextImpl: Calling a method in the system process without a qualified user: android.app.ContextImpl.startService:1385 android.content.ContextWrapper.startService:613 android.content.ContextWrapper.startService:613 com.android.settings.bluetooth.DockEventReceiver.beginStartingService:134 com.android.settings.bluetooth.DockEventReceiver.onReceive:115 
04-05 21:06:17.586  2708  5187 I chatty  : uid=1000(system) Binder:2708_B expire 10 lines
04-05 21:06:17.633  2708  2753 I chatty  : uid=1000(system) Binder:2708_2 expire 12 lines
04-05 21:06:24.239 14767 14767 E ActivityThread: Activity in.swifiic.vectors.MainActivity has leaked ServiceConnection in.swifiic.vectors.MainActivity$3@97bf02f that was originally bound here
04-05 21:06:24.239 14767 14767 E ActivityThread: android.app.ServiceConnectionLeaked: Activity in.swifiic.vectors.MainActivity has leaked ServiceConnection in.swifiic.vectors.MainActivity$3@97bf02f that was originally bound here
04-05 21:06:24.239 14767 14767 E ActivityThread: 	at android.app.LoadedApk$ServiceDispatcher.<init>(LoadedApk.java:1336)
04-05 21:06:24.239 14767 14767 E ActivityThread: 	at android.app.LoadedApk.getServiceDispatcher(LoadedApk.java:1231)
04-05 21:06:24.239 14767 14767 E ActivityThread: 	at android.app.ContextImpl.bindServiceCommon(ContextImpl.java:1478)
04-05 21:06:24.239 14767 14767 E ActivityThread: 	at android.app.ContextImpl.bindService(ContextImpl.java:1450)
04-05 21:06:24.239 14767 14767 E ActivityThread: 	at android.content.ContextWrapper.bindService(ContextWrapper.java:636)
04-05 21:06:24.239 14767 14767 E ActivityThread: 	at in.swifiic.vectors.MainActivity.startApp(MainActivity.java:149)
04-05 21:06:24.239 14767 14767 E ActivityThread: 	at in.swifiic.vectors.MainActivity.onCreate(MainActivity.java:208)
04-05 21:06:24.239 14767 14767 E ActivityThread: 	at android.app.Activity.performCreate(Activity.java:6672)
04-05 21:06:24.239 14767 14767 E ActivityThread: 	at android.app.Instrumentation.callActivityOnCreate(Instrumentation.java:1140)
04-05 21:06:24.239 14767 14767 E ActivityThread: 	at android.app.ActivityThread.performLaunchActivity(ActivityThread.java:2612)
04-05 21:06:24.239 14767 14767 E ActivityThread: 	at android.app.ActivityThread.handleLaunchActivity(ActivityThread.java:2724)
04-05 21:06:24.239 14767 14767 E ActivityThread: 	at android.app.ActivityThread.-wrap12(ActivityThread.java)
04-05 21:06:24.239 14767 14767 E ActivityThread: 	at android.app.ActivityThread$H.handleMessage(ActivityThread.java:1473)
04-05 21:06:24.239 14767 14767 E ActivityThread: 	at android.os.Handler.dispatchMessage(Handler.java:102)
04-05 21:06:24.239 14767 14767 E ActivityThread: 	at android.os.Looper.loop(Looper.java:154)
04-05 21:06:24.239 14767 14767 E ActivityThread: 	at android.app.ActivityThread.main(ActivityThread.java:6123)
04-05 21:06:24.239 14767 14767 E ActivityThread: 	at java.lang.reflect.Method.invoke(Native Method)
04-05 21:06:24.239 14767 14767 E ActivityThread: 	at com.android.internal.os.ZygoteInit$MethodAndArgsCaller.run(ZygoteInit.java:867)
04-05 21:06:24.239 14767 14767 E ActivityThread: 	at com.android.internal.os.ZygoteInit.main(ZygoteInit.java:757)
04-05 21:06:24.870  2708  4837 I chatty  : uid=1000(system) Binder:2708_6 expire 11 lines
04-05 21:06:24.885 12856 12856 W ContextImpl: Calling a method in the system process without a qualified user: android.app.ContextImpl.startService:1385 android.content.ContextWrapper.startService:613 android.content.ContextWrapper.startService:613 com.android.settings.bluetooth.DockEventReceiver.beginStartingService:134 com.android.settings.bluetooth.DockEventReceiver.onReceive:115 
04-05 21:06:24.893  2708  2989 I chatty  : uid=1000(system) ActivityManager expire 38 lines
04-05 21:06:24.967  2708  3165 I chatty  : uid=1000(system) android.io expire 31 lines
04-05 21:06:25.029 12856 12856 W ContextImpl: Calling a method in the system process without a qualified user: android.app.ContextImpl.startService:1385 android.content.ContextWrapper.startService:613 android.content.ContextWrapper.startService:613 com.android.settings.bluetooth.DockEventReceiver.beginStartingService:134 com.android.settings.bluetooth.DockEventReceiver.onReceive:115 
04-05 21:06:27.884  2708  2708 I chatty  : uid=1000 system_server expire 11 lines
04-05 21:06:28.184  2708  5204 I chatty  : uid=1000(system) Binder:2708_E expire 10 lines
04-05 21:06:28.388 12856 12856 W ContextImpl: Calling a method in the system process without a qualified user: android.app.ContextImpl.startService:1385 android.content.ContextWrapper.startService:613 android.content.ContextWrapper.startService:613 com.android.settings.bluetooth.DockEventReceiver.beginStartingService:134 com.android.settings.bluetooth.DockEventReceiver.onReceive:115 
04-05 21:06:50.926  2708  5113 I chatty  : uid=1000(system) Binder:2708_8 expire 10 lines
04-05 21:08:25.271  2708  5159 I chatty  : uid=1000(system) Binder:2708_A expire 13 lines
04-05 21:08:29.051  4359  4359 V KeyguardStatusView: refresh statusview showing:true
04-05 21:08:29.069  4359  4359 V KeyguardDisplayManager: show
04-05 21:08:56.558  2708  3996 I chatty  : uid=1000(system) PackageManager expire 10 lines
04-05 21:08:59.805  2708  2989 I chatty  : uid=1000(system) ActivityManager expire 10 lines
